#
# There is insufficient memory for the Java Runtime Environment to continue.
# Native memory allocation (malloc) failed to allocate 1623856 bytes. Error detail: Chunk::new
# Possible reasons:
#   The system is out of physical RAM or swap space
#   This process is running with CompressedOops enabled, and the Java Heap may be blocking the growth of the native heap
# Possible solutions:
#   Reduce memory load on the system
#   Increase physical memory or swap space
#   Check if swap backing store is full
#   Decrease Java heap size (-Xmx/-Xms)
#   Decrease number of Java threads
#   Decrease Java thread stack sizes (-Xss)
#   Set larger code cache with -XX:ReservedCodeCacheSize=
#   JVM is running with Unscaled Compressed Oops mode in which the Java heap is
#     placed in the first 4GB address space. The Java Heap base address is the
#     maximum limit for the native heap growth. Please use -XX:HeapBaseMinAddress
#     to set the Java Heap base and to place the Java Heap above 4GB virtual address.
# This output file may be truncated or incomplete.
#
#  Out of Memory Error (arena.cpp:168), pid=12428, tid=20688
#
# JRE version: OpenJDK Runtime Environment Temurin-21.0.10+7 (21.0.10+7) (build 21.0.10+7-LTS)
# Java VM: OpenJDK 64-Bit Server VM Temurin-21.0.10+7 (21.0.10+7-LTS, mixed mode, sharing, tiered, compressed oops, compressed class ptrs, parallel gc, windows-amd64)
# No core dump will be written. Minidumps are not enabled by default on client versions of Windows
#

---------------  S U M M A R Y ------------

Command Line: --add-modules=ALL-SYSTEM --add-opens=java.base/java.util=ALL-UNNAMED --add-opens=java.base/java.lang=ALL-UNNAMED --add-opens=java.base/sun.nio.fs=ALL-UNNAMED -Declipse.application=org.eclipse.jdt.ls.core.id1 -Dosgi.bundles.defaultStartLevel=4 -Declipse.product=org.eclipse.jdt.ls.core.product -Djava.import.generatesMetadataFilesAtProjectRoot=false -DDetectVMInstallationsJob.disabled=true -Dfile.encoding=utf8 -XX:+UseParallelGC -XX:GCTimeRatio=4 -XX:AdaptiveSizePolicyWeight=90 -Dsun.zip.disableMemoryMapping=true -Xmx2G -Xms100m -Xlog:disable -javaagent:c:\Users\taylo\.vscode\extensions\redhat.java-1.54.0-win32-x64\lombok\lombok-1.18.39-4050.jar -XX:+HeapDumpOnOutOfMemoryError -XX:HeapDumpPath=c:\Users\taylo\AppData\Roaming\Code\User\workspaceStorage\83202137a7a62e7f0926968b5d7ddb10\redhat.java -Daether.dependencyCollector.impl=bf c:\Users\taylo\.vscode\extensions\redhat.java-1.54.0-win32-x64\server\plugins\org.eclipse.equinox.launcher_1.7.100.v20251111-0406.jar -configuration c:\Users\taylo\AppData\Roaming\Code\User\globalStorage\redhat.java\1.54.0\config_win -data c:\Users\taylo\AppData\Roaming\Code\User\workspaceStorage\83202137a7a62e7f0926968b5d7ddb10\redhat.java\jdt_ws --pipe=\\.\pipe\lsp-e15b2a8dffc0359b4c1656673d011783-sock

Host: 11th Gen Intel(R) Core(TM) i5-11320H @ 3.20GHz, 8 cores, 7G,  Windows 11 , 64 bit Build 26100 (10.0.26100.8328)
Time: Mon Jun  1 20:10:41 2026 Hora Padrão de Buenos Aires elapsed time: 1270.282895 seconds (0d 0h 21m 10s)

---------------  T H R E A D  ---------------

Current thread (0x000001fbdd1e86a0):  JavaThread "C2 CompilerThread0" daemon [_thread_in_native, id=20688, stack(0x000000a7de000000,0x000000a7de100000) (1024K)]


Current CompileTask:
C2:1270283 23860   !   4       java.io.ObjectOutputStream::writeObject0 (620 bytes)

Stack: [0x000000a7de000000,0x000000a7de100000]
Native frames: (J=compiled Java code, j=interpreted, Vv=VM code, C=native code)
V  [jvm.dll+0x6d7a39]
V  [jvm.dll+0x8b4b26]
V  [jvm.dll+0x8b70de]
V  [jvm.dll+0x8b77c3]
V  [jvm.dll+0x284346]
V  [jvm.dll+0xc66ed]
V  [jvm.dll+0xc6c31]
V  [jvm.dll+0x3bec01]
V  [jvm.dll+0x38b162]
V  [jvm.dll+0x38a5aa]
V  [jvm.dll+0x24c560]
V  [jvm.dll+0x24bb40]
V  [jvm.dll+0x1cb34e]
V  [jvm.dll+0x25b85d]
V  [jvm.dll+0x259dea]
V  [jvm.dll+0x3f857e]
V  [jvm.dll+0x85f59d]
V  [jvm.dll+0x6d626d]
C  [ucrtbase.dll+0x37b0]
C  [KERNEL32.DLL+0x2e957]
C  [ntdll.dll+0x427c]


---------------  P R O C E S S  ---------------

Threads class SMR info:
_java_thread_list=0x000001fbe7589d10, length=46, elements={
0x000001fb8562d0f0, 0x000001fbdd1bfc90, 0x000001fbdd1c3120, 0x000001fbdd1c66a0,
0x000001fbdd1c9610, 0x000001fbdd1cb5d0, 0x000001fbdd1d0510, 0x000001fbdd1e86a0,
0x000001fbdd1ec240, 0x000001fbdeb772a0, 0x000001fbdec99a50, 0x000001fbe3685840,
0x000001fbe312abc0, 0x000001fbe3b08d30, 0x000001fbe3b093a0, 0x000001fbe3e6a280,
0x000001fbe41d9200, 0x000001fbe3c29af0, 0x000001fbe3cd2ad0, 0x000001fbe3cd1720,
0x000001fbe5cfad50, 0x000001fbe5cfba70, 0x000001fbe5cfa6c0, 0x000001fbe5cfc100,
0x000001fbe5cf99a0, 0x000001fbe5cfb3e0, 0x000001fbe5cfa030, 0x000001fbe5cfc790,
0x000001fbe5cf9310, 0x000001fbe5d002a0, 0x000001fbe5cff580, 0x000001fbe5cfe1d0,
0x000001fbe6a28140, 0x000001fbe6a2bc50, 0x000001fbe6a2c970, 0x000001fbe6a2d000,
0x000001fbe6a2c2e0, 0x000001fbe6a2d690, 0x000001fbe32b4f10, 0x000001fbe6a287d0,
0x000001fbe5cfe860, 0x000001fbe3cd3160, 0x000001fbe3cd37f0, 0x000001fbe32b4880,
0x000001fbe32b2120, 0x000001fbe6a27ab0
}

Java Threads: ( => current thread )
  0x000001fb8562d0f0 JavaThread "main"                              [_thread_blocked, id=21024, stack(0x000000a7dd600000,0x000000a7dd700000) (1024K)]
  0x000001fbdd1bfc90 JavaThread "Reference Handler"          daemon [_thread_blocked, id=17744, stack(0x000000a7dda00000,0x000000a7ddb00000) (1024K)]
  0x000001fbdd1c3120 JavaThread "Finalizer"                  daemon [_thread_blocked, id=20172, stack(0x000000a7ddb00000,0x000000a7ddc00000) (1024K)]
  0x000001fbdd1c66a0 JavaThread "Signal Dispatcher"          daemon [_thread_blocked, id=7760, stack(0x000000a7ddc00000,0x000000a7ddd00000) (1024K)]
  0x000001fbdd1c9610 JavaThread "Attach Listener"            daemon [_thread_blocked, id=21856, stack(0x000000a7ddd00000,0x000000a7dde00000) (1024K)]
  0x000001fbdd1cb5d0 JavaThread "Service Thread"             daemon [_thread_blocked, id=4048, stack(0x000000a7dde00000,0x000000a7ddf00000) (1024K)]
  0x000001fbdd1d0510 JavaThread "Monitor Deflation Thread"   daemon [_thread_blocked, id=13156, stack(0x000000a7ddf00000,0x000000a7de000000) (1024K)]
=>0x000001fbdd1e86a0 JavaThread "C2 CompilerThread0"         daemon [_thread_in_native, id=20688, stack(0x000000a7de000000,0x000000a7de100000) (1024K)]
  0x000001fbdd1ec240 JavaThread "C1 CompilerThread0"         daemon [_thread_blocked, id=13912, stack(0x000000a7de100000,0x000000a7de200000) (1024K)]
  0x000001fbdeb772a0 JavaThread "Common-Cleaner"             daemon [_thread_blocked, id=23100, stack(0x000000a7de300000,0x000000a7de400000) (1024K)]
  0x000001fbdec99a50 JavaThread "Notification Thread"        daemon [_thread_blocked, id=19712, stack(0x000000a7de400000,0x000000a7de500000) (1024K)]
  0x000001fbe3685840 JavaThread "Active Thread: Equinox Container: 83d613b2-9b2a-4833-82b9-d4025f229fa2"        [_thread_blocked, id=22808, stack(0x000000a7dec00000,0x000000a7ded00000) (1024K)]
  0x000001fbe312abc0 JavaThread "Refresh Thread: Equinox Container: 83d613b2-9b2a-4833-82b9-d4025f229fa2" daemon [_thread_blocked, id=21488, stack(0x000000a7dee00000,0x000000a7def00000) (1024K)]
  0x000001fbe3b08d30 JavaThread "Framework Event Dispatcher: Equinox Container: 83d613b2-9b2a-4833-82b9-d4025f229fa2" daemon [_thread_blocked, id=8628, stack(0x000000a7def00000,0x000000a7df000000) (1024K)]
  0x000001fbe3b093a0 JavaThread "Start Level: Equinox Container: 83d613b2-9b2a-4833-82b9-d4025f229fa2" daemon [_thread_blocked, id=10864, stack(0x000000a7df000000,0x000000a7df100000) (1024K)]
  0x000001fbe3e6a280 JavaThread "Bundle File Closer"         daemon [_thread_blocked, id=20188, stack(0x000000a7df100000,0x000000a7df200000) (1024K)]
  0x000001fbe41d9200 JavaThread "SCR Component Actor"        daemon [_thread_blocked, id=18860, stack(0x000000a7de200000,0x000000a7de300000) (1024K)]
  0x000001fbe3c29af0 JavaThread "Worker-JM"                         [_thread_blocked, id=1852, stack(0x000000a7df300000,0x000000a7df400000) (1024K)]
  0x000001fbe3cd2ad0 JavaThread "JNA Cleaner"                daemon [_thread_blocked, id=22776, stack(0x000000a7df200000,0x000000a7df300000) (1024K)]
  0x000001fbe3cd1720 JavaThread "Java indexing"              daemon [_thread_blocked, id=15488, stack(0x000000a7df700000,0x000000a7df800000) (1024K)]
  0x000001fbe5cfad50 JavaThread "Thread-1"                   daemon [_thread_in_native, id=23508, stack(0x000000a7dfc00000,0x000000a7dfd00000) (1024K)]
  0x000001fbe5cfba70 JavaThread "Thread-2"                   daemon [_thread_in_native, id=7048, stack(0x000000a7dfd00000,0x000000a7dfe00000) (1024K)]
  0x000001fbe5cfa6c0 JavaThread "Thread-3"                   daemon [_thread_in_native, id=5604, stack(0x000000a7dfe00000,0x000000a7dff00000) (1024K)]
  0x000001fbe5cfc100 JavaThread "Thread-4"                   daemon [_thread_in_native, id=11304, stack(0x000000a7dff00000,0x000000a7e0000000) (1024K)]
  0x000001fbe5cf99a0 JavaThread "Thread-5"                   daemon [_thread_in_native, id=7260, stack(0x000000a7e0000000,0x000000a7e0100000) (1024K)]
  0x000001fbe5cfb3e0 JavaThread "Thread-6"                   daemon [_thread_in_native, id=15296, stack(0x000000a7e0100000,0x000000a7e0200000) (1024K)]
  0x000001fbe5cfa030 JavaThread "Thread-7"                   daemon [_thread_in_native, id=22900, stack(0x000000a7e0200000,0x000000a7e0300000) (1024K)]
  0x000001fbe5cfc790 JavaThread "Thread-8"                   daemon [_thread_in_native, id=21964, stack(0x000000a7e0300000,0x000000a7e0400000) (1024K)]
  0x000001fbe5cf9310 JavaThread "Thread-9"                   daemon [_thread_in_native, id=12632, stack(0x000000a7e0400000,0x000000a7e0500000) (1024K)]
  0x000001fbe5d002a0 JavaThread "pool-2-thread-1"                   [_thread_blocked, id=22596, stack(0x000000a7e0500000,0x000000a7e0600000) (1024K)]
  0x000001fbe5cff580 JavaThread "WorkspaceEventsHandler"            [_thread_blocked, id=8116, stack(0x000000a7e0700000,0x000000a7e0800000) (1024K)]
  0x000001fbe5cfe1d0 JavaThread "pool-1-thread-1"                   [_thread_blocked, id=4004, stack(0x000000a7e0800000,0x000000a7e0900000) (1024K)]
  0x000001fbe6a28140 JavaThread "ForkJoinPool.commonPool-worker-1" daemon [_thread_blocked, id=13988, stack(0x000000a7df800000,0x000000a7df900000) (1024K)]
  0x000001fbe6a2bc50 JavaThread "ForkJoinPool.commonPool-worker-2" daemon [_thread_blocked, id=18764, stack(0x000000a7e1700000,0x000000a7e1800000) (1024K)]
  0x000001fbe6a2c970 JavaThread "ForkJoinPool.commonPool-worker-3" daemon [_thread_blocked, id=16456, stack(0x000000a7e1800000,0x000000a7e1900000) (1024K)]
  0x000001fbe6a2d000 JavaThread "ForkJoinPool.commonPool-worker-4" daemon [_thread_blocked, id=14572, stack(0x000000a7e1900000,0x000000a7e1a00000) (1024K)]
  0x000001fbe6a2c2e0 JavaThread "ForkJoinPool.commonPool-worker-5" daemon [_thread_blocked, id=2684, stack(0x000000a7e1a00000,0x000000a7e1b00000) (1024K)]
  0x000001fbe6a2d690 JavaThread "ForkJoinPool.commonPool-worker-6" daemon [_thread_blocked, id=3804, stack(0x000000a7e1b00000,0x000000a7e1c00000) (1024K)]
  0x000001fbe32b4f10 JavaThread "Cleaner-0"                  daemon [_thread_blocked, id=22536, stack(0x000000a7e1e00000,0x000000a7e1f00000) (1024K)]
  0x000001fbe6a287d0 JavaThread "ForkJoinPool.commonPool-worker-8" daemon [_thread_blocked, id=3112, stack(0x000000a7dd300000,0x000000a7dd400000) (1024K)]
  0x000001fbe5cfe860 JavaThread "Worker-7"                          [_thread_blocked, id=20308, stack(0x000000a7dd400000,0x000000a7dd500000) (1024K)]
  0x000001fbe3cd3160 JavaThread "Worker-8"                          [_thread_blocked, id=18008, stack(0x000000a7e0600000,0x000000a7e0700000) (1024K)]
  0x000001fbe3cd37f0 JavaThread "Compiler Source File Reader" daemon [_thread_blocked, id=344, stack(0x000000a7e0900000,0x000000a7e0a00000) (1024K)]
  0x000001fbe32b4880 JavaThread "Compiler Source File Reader" daemon [_thread_blocked, id=17152, stack(0x000000a7de500000,0x000000a7de600000) (1024K)]
  0x000001fbe32b2120 JavaThread "Compiler Source File Reader" daemon [_thread_blocked, id=20492, stack(0x000000a7dfb00000,0x000000a7dfc00000) (1024K)]
  0x000001fbe6a27ab0 JavaThread "Compiler Source File Reader" daemon [_thread_blocked, id=19808, stack(0x000000a7dfa00000,0x000000a7dfb00000) (1024K)]
Total: 46

Other Threads:
  0x000001fbdd1a1500 VMThread "VM Thread"                           [id=13232, stack(0x000000a7dd900000,0x000000a7dda00000) (1024K)]
  0x000001fbdd0dc670 WatcherThread "VM Periodic Task Thread"        [id=15644, stack(0x000000a7dd800000,0x000000a7dd900000) (1024K)]
  0x000001fb8564b120 WorkerThread "GC Thread#0"                     [id=10932, stack(0x000000a7dd700000,0x000000a7dd800000) (1024K)]
  0x000001fbe35151c0 WorkerThread "GC Thread#1"                     [id=6756, stack(0x000000a7de600000,0x000000a7de700000) (1024K)]
  0x000001fbe37f4b90 WorkerThread "GC Thread#2"                     [id=8500, stack(0x000000a7de700000,0x000000a7de800000) (1024K)]
  0x000001fbe37f4f40 WorkerThread "GC Thread#3"                     [id=16516, stack(0x000000a7de800000,0x000000a7de900000) (1024K)]
  0x000001fbe39b36c0 WorkerThread "GC Thread#4"                     [id=22144, stack(0x000000a7de900000,0x000000a7dea00000) (1024K)]
  0x000001fbe39b3a70 WorkerThread "GC Thread#5"                     [id=11336, stack(0x000000a7dea00000,0x000000a7deb00000) (1024K)]
  0x000001fbe32d8380 WorkerThread "GC Thread#6"                     [id=8756, stack(0x000000a7deb00000,0x000000a7dec00000) (1024K)]
  0x000001fbe33d6dc0 WorkerThread "GC Thread#7"                     [id=9844, stack(0x000000a7ded00000,0x000000a7dee00000) (1024K)]
Total: 10

Threads with active compile tasks:
C2 CompilerThread0  1270310 23860   !   4       java.io.ObjectOutputStream::writeObject0 (620 bytes)
Total: 1

VM state: not at safepoint (normal execution)

VM Mutex/Monitor currently owned by a thread: None

Heap address: 0x0000000080000000, size: 2048 MB, Compressed Oops mode: 32-bit

CDS archive(s) mapped at: [0x000001fb9c000000-0x000001fb9cba0000-0x000001fb9cba0000), size 12189696, SharedBaseAddress: 0x000001fb9c000000, ArchiveRelocationMode: 1.
Compressed class space mapped at: 0x000001fb9d000000-0x000001fbdd000000, reserved size: 1073741824
Narrow klass base: 0x000001fb9c000000, Narrow klass shift: 0, Narrow klass range: 0x100000000

GC Precious Log:
 CardTable entry size: 512
 CPUs: 8 total, 8 available
 Memory: 7930M
 Large Page Support: Disabled
 NUMA Support: Disabled
 Compressed Oops: Enabled (32-bit)
 Alignments: Space 512K, Generation 512K, Heap 2M
 Heap Min Capacity: 100M
 Heap Initial Capacity: 100M
 Heap Max Capacity: 2G
 Pre-touch: Disabled
 Parallel Workers: 8

Heap:
 PSYoungGen      total 5120K, used 4158K [0x00000000d5580000, 0x00000000d5c80000, 0x0000000100000000)
  eden space 4608K, 79% used [0x00000000d5580000,0x00000000d5917ae0,0x00000000d5a00000)
  from space 512K, 93% used [0x00000000d5b00000,0x00000000d5b78000,0x00000000d5b80000)
  to   space 1024K, 0% used [0x00000000d5b80000,0x00000000d5b80000,0x00000000d5c80000)
 ParOldGen       total 1119744K, used 268509K [0x0000000080000000, 0x00000000c4580000, 0x00000000d5580000)
  object space 1119744K, 23% used [0x0000000080000000,0x00000000906374c0,0x00000000c4580000)
 Metaspace       used 93688K, committed 95680K, reserved 1179648K
  class space    used 9547K, committed 10432K, reserved 1048576K

Card table byte_map: [0x000001fb84fd0000,0x000001fb853e0000] _byte_map_base: 0x000001fb84bd0000

Marking Bits: (ParMarkBitMap*) 0x00007ffdfd753450
 Begin Bits: [0x000001fb97ae0000, 0x000001fb99ae0000)
 End Bits:   [0x000001fb99ae0000, 0x000001fb9bae0000)

Polling page: 0x000001fb834b0000

Metaspace:

Usage:
  Non-class:     82.17 MB used.
      Class:      9.32 MB used.
       Both:     91.49 MB used.

Virtual space:
  Non-class space:      128.00 MB reserved,      83.25 MB ( 65%) committed,  2 nodes.
      Class space:        1.00 GB reserved,      10.19 MB ( <1%) committed,  1 nodes.
             Both:        1.12 GB reserved,      93.44 MB (  8%) committed. 

Chunk freelists:
   Non-Class:  11.94 MB
       Class:  5.78 MB
        Both:  17.72 MB

MaxMetaspaceSize: unlimited
CompressedClassSpaceSize: 1.00 GB
Initial GC threshold: 21.00 MB
Current GC threshold: 155.25 MB
CDS: on
 - commit_granule_bytes: 65536.
 - commit_granule_words: 8192.
 - virtual_space_node_default_size: 8388608.
 - enlarge_chunks_in_place: 1.
 - use_allocation_guard: 0.


Internal statistics:

num_allocs_failed_limit: 9.
num_arena_births: 1856.
num_arena_deaths: 22.
num_vsnodes_births: 3.
num_vsnodes_deaths: 0.
num_space_committed: 1495.
num_space_uncommitted: 0.
num_chunks_returned_to_freelist: 35.
num_chunks_taken_from_freelist: 6666.
num_chunk_merges: 20.
num_chunk_splits: 3918.
num_chunks_enlarged: 1952.
num_inconsistent_stats: 0.

CodeHeap 'non-profiled nmethods': size=120000Kb used=22040Kb max_used=22152Kb free=97959Kb
 bounds [0x000001fb90300000, 0x000001fb918b0000, 0x000001fb97830000]
CodeHeap 'profiled nmethods': size=120000Kb used=45680Kb max_used=45742Kb free=74319Kb
 bounds [0x000001fb88830000, 0x000001fb8b510000, 0x000001fb8fd60000]
CodeHeap 'non-nmethods': size=5760Kb used=1534Kb max_used=1644Kb free=4225Kb
 bounds [0x000001fb8fd60000, 0x000001fb8ffd0000, 0x000001fb90300000]
CodeCache: size=245760Kb, used=69254Kb, max_used=69538Kb, free=176503Kb
 total_blobs=19778, nmethods=18933, adapters=745, full_count=0
Compilation: enabled, stopped_count=0, restarted_count=0

Compilation events (20 events):
Event: 1269.202 Thread 0x000001fbdd1e86a0 23860   !   4       java.io.ObjectOutputStream::writeObject0 (620 bytes)
Event: 1269.202 Thread 0x000001fbdd1ec240 nmethod 23858 0x000001fb88c23e10 code [0x000001fb88c240e0, 0x000001fb88c250e8]
Event: 1269.202 Thread 0x000001fbdd1ec240 23855       3       java.lang.invoke.LambdaForm$MH/0x000001fb9d9ec400::invoke (64 bytes)
Event: 1269.203 Thread 0x000001fbdd1ec240 nmethod 23855 0x000001fb898eae90 code [0x000001fb898eb180, 0x000001fb898ec3d0]
Event: 1269.203 Thread 0x000001fbdd1ec240 23862       3       org.eclipse.core.internal.localstore.SafeChunkyOutputStream::write (22 bytes)
Event: 1269.203 Thread 0x000001fbdd1ec240 nmethod 23862 0x000001fb898ea810 code [0x000001fb898ea9e0, 0x000001fb898eac60]
Event: 1269.205 Thread 0x000001fbdd1ec240 23863       3       org.eclipse.core.internal.resources.SaveManager$$Lambda/0x000001fb9d9e4ef8::visitElement (35 bytes)
Event: 1269.205 Thread 0x000001fbdd1ec240 nmethod 23863 0x000001fb88c23a10 code [0x000001fb88c23bc0, 0x000001fb88c23d58]
Event: 1269.205 Thread 0x000001fbdd1ec240 23864   !   3       org.eclipse.core.internal.resources.SaveManager::lambda$11 (132 bytes)
Event: 1269.206 Thread 0x000001fbdd1ec240 nmethod 23864 0x000001fb889d0090 code [0x000001fb889d02e0, 0x000001fb889d0ad0]
Event: 1269.318 Thread 0x000001fbdd1ec240 23865       3       org.eclipse.core.internal.resources.Workspace::isTreeLocked (14 bytes)
Event: 1269.318 Thread 0x000001fbdd1ec240 nmethod 23865 0x000001fb88c23510 code [0x000001fb88c236c0, 0x000001fb88c23850]
Event: 1269.325 Thread 0x000001fbdd1ec240 23866       3       com.sun.org.apache.xerces.internal.impl.XMLDocumentFragmentScannerImpl$ElementStack2::<init> (59 bytes)
Event: 1269.325 Thread 0x000001fbdd1ec240 nmethod 23866 0x000001fb8aa6ce10 code [0x000001fb8aa6cfe0, 0x000001fb8aa6d590]
Event: 1269.325 Thread 0x000001fbdd1ec240 23867       3       com.sun.org.apache.xerces.internal.impl.dtd.XMLSimpleType::<init> (5 bytes)
Event: 1269.325 Thread 0x000001fbdd1ec240 nmethod 23867 0x000001fb889cfc90 code [0x000001fb889cfe40, 0x000001fb889cffa8]
Event: 1269.326 Thread 0x000001fbdd1ec240 23869       3       org.eclipse.core.runtime.SubProgressMonitor::subTask (60 bytes)
Event: 1269.327 Thread 0x000001fbdd1ec240 nmethod 23869 0x000001fb8aa6c590 code [0x000001fb8aa6c780, 0x000001fb8aa6cc30]
Event: 1269.327 Thread 0x000001fbdd1ec240 23868   !   3       org.eclipse.jdt.internal.core.builder.ClasspathDirectory::cleanup (33 bytes)
Event: 1269.327 Thread 0x000001fbdd1ec240 nmethod 23868 0x000001fb8aa6bf90 code [0x000001fb8aa6c160, 0x000001fb8aa6c488]

GC Heap History (20 events):
Event: 1185.294 GC heap before
{Heap before GC invocations=2362 (full 6):
 PSYoungGen      total 5632K, used 5306K [0x00000000d5580000, 0x00000000d5c00000, 0x0000000100000000)
  eden space 4608K, 100% used [0x00000000d5580000,0x00000000d5a00000,0x00000000d5a00000)
  from space 1024K, 68% used [0x00000000d5a00000,0x00000000d5aae900,0x00000000d5b00000)
  to   space 1024K, 0% used [0x00000000d5b00000,0x00000000d5b00000,0x00000000d5c00000)
 ParOldGen       total 1119744K, used 230735K [0x0000000080000000, 0x00000000c4580000, 0x00000000d5580000)
  object space 1119744K, 20% used [0x0000000080000000,0x000000008e153e08,0x00000000c4580000)
 Metaspace       used 93643K, committed 95616K, reserved 1179648K
  class space    used 9547K, committed 10432K, reserved 1048576K
}
Event: 1185.296 GC heap after
{Heap after GC invocations=2362 (full 6):
 PSYoungGen      total 5632K, used 512K [0x00000000d5580000, 0x00000000d5d00000, 0x0000000100000000)
  eden space 4608K, 0% used [0x00000000d5580000,0x00000000d5580000,0x00000000d5a00000)
  from space 1024K, 50% used [0x00000000d5b00000,0x00000000d5b80000,0x00000000d5c00000)
  to   space 1024K, 0% used [0x00000000d5a00000,0x00000000d5a00000,0x00000000d5b00000)
 ParOldGen       total 1119744K, used 231364K [0x0000000080000000, 0x00000000c4580000, 0x00000000d5580000)
  object space 1119744K, 20% used [0x0000000080000000,0x000000008e1f1028,0x00000000c4580000)
 Metaspace       used 93643K, committed 95616K, reserved 1179648K
  class space    used 9547K, committed 10432K, reserved 1048576K
}
Event: 1185.303 GC heap before
{Heap before GC invocations=2363 (full 6):
 PSYoungGen      total 5632K, used 5120K [0x00000000d5580000, 0x00000000d5d00000, 0x0000000100000000)
  eden space 4608K, 100% used [0x00000000d5580000,0x00000000d5a00000,0x00000000d5a00000)
  from space 1024K, 50% used [0x00000000d5b00000,0x00000000d5b80000,0x00000000d5c00000)
  to   space 1024K, 0% used [0x00000000d5a00000,0x00000000d5a00000,0x00000000d5b00000)
 ParOldGen       total 1119744K, used 231364K [0x0000000080000000, 0x00000000c4580000, 0x00000000d5580000)
  object space 1119744K, 20% used [0x0000000080000000,0x000000008e1f1028,0x00000000c4580000)
 Metaspace       used 93644K, committed 95616K, reserved 1179648K
  class space    used 9547K, committed 10432K, reserved 1048576K
}
Event: 1185.305 GC heap after
{Heap after GC invocations=2363 (full 6):
 PSYoungGen      total 5632K, used 836K [0x00000000d5580000, 0x00000000d5d00000, 0x0000000100000000)
  eden space 4608K, 0% used [0x00000000d5580000,0x00000000d5580000,0x00000000d5a00000)
  from space 1024K, 81% used [0x00000000d5a00000,0x00000000d5ad1210,0x00000000d5b00000)
  to   space 1024K, 0% used [0x00000000d5c00000,0x00000000d5c00000,0x00000000d5d00000)
 ParOldGen       total 1119744K, used 231732K [0x0000000080000000, 0x00000000c4580000, 0x00000000d5580000)
  object space 1119744K, 20% used [0x0000000080000000,0x000000008e24d048,0x00000000c4580000)
 Metaspace       used 93644K, committed 95616K, reserved 1179648K
  class space    used 9547K, committed 10432K, reserved 1048576K
}
Event: 1185.308 GC heap before
{Heap before GC invocations=2364 (full 6):
 PSYoungGen      total 5632K, used 5444K [0x00000000d5580000, 0x00000000d5d00000, 0x0000000100000000)
  eden space 4608K, 100% used [0x00000000d5580000,0x00000000d5a00000,0x00000000d5a00000)
  from space 1024K, 81% used [0x00000000d5a00000,0x00000000d5ad1210,0x00000000d5b00000)
  to   space 1024K, 0% used [0x00000000d5c00000,0x00000000d5c00000,0x00000000d5d00000)
 ParOldGen       total 1119744K, used 231732K [0x0000000080000000, 0x00000000c4580000, 0x00000000d5580000)
  object space 1119744K, 20% used [0x0000000080000000,0x000000008e24d048,0x00000000c4580000)
 Metaspace       used 93644K, committed 95616K, reserved 1179648K
  class space    used 9547K, committed 10432K, reserved 1048576K
}
Event: 1185.310 GC heap after
{Heap after GC invocations=2364 (full 6):
 PSYoungGen      total 6656K, used 464K [0x00000000d5580000, 0x00000000d5d00000, 0x0000000100000000)
  eden space 5632K, 0% used [0x00000000d5580000,0x00000000d5580000,0x00000000d5b00000)
  from space 1024K, 45% used [0x00000000d5c00000,0x00000000d5c74010,0x00000000d5d00000)
  to   space 1024K, 0% used [0x00000000d5b00000,0x00000000d5b00000,0x00000000d5c00000)
 ParOldGen       total 1119744K, used 232440K [0x0000000080000000, 0x00000000c4580000, 0x00000000d5580000)
  object space 1119744K, 20% used [0x0000000080000000,0x000000008e2fe268,0x00000000c4580000)
 Metaspace       used 93644K, committed 95616K, reserved 1179648K
  class space    used 9547K, committed 10432K, reserved 1048576K
}
Event: 1185.746 GC heap before
{Heap before GC invocations=2365 (full 6):
 PSYoungGen      total 6656K, used 5489K [0x00000000d5580000, 0x00000000d5d00000, 0x0000000100000000)
  eden space 5632K, 89% used [0x00000000d5580000,0x00000000d5a686b0,0x00000000d5b00000)
  from space 1024K, 45% used [0x00000000d5c00000,0x00000000d5c74010,0x00000000d5d00000)
  to   space 1024K, 0% used [0x00000000d5b00000,0x00000000d5b00000,0x00000000d5c00000)
 ParOldGen       total 1119744K, used 232440K [0x0000000080000000, 0x00000000c4580000, 0x00000000d5580000)
  object space 1119744K, 20% used [0x0000000080000000,0x000000008e2fe268,0x00000000c4580000)
 Metaspace       used 93647K, committed 95616K, reserved 1179648K
  class space    used 9547K, committed 10432K, reserved 1048576K
}
Event: 1185.748 GC heap after
{Heap after GC invocations=2365 (full 6):
 PSYoungGen      total 6656K, used 1021K [0x00000000d5580000, 0x00000000d6080000, 0x0000000100000000)
  eden space 5632K, 0% used [0x00000000d5580000,0x00000000d5580000,0x00000000d5b00000)
  from space 1024K, 99% used [0x00000000d5b00000,0x00000000d5bff678,0x00000000d5c00000)
  to   space 2048K, 0% used [0x00000000d5e80000,0x00000000d5e80000,0x00000000d6080000)
 ParOldGen       total 1119744K, used 232888K [0x0000000080000000, 0x00000000c4580000, 0x00000000d5580000)
  object space 1119744K, 20% used [0x0000000080000000,0x000000008e36e2e8,0x00000000c4580000)
 Metaspace       used 93647K, committed 95616K, reserved 1179648K
  class space    used 9547K, committed 10432K, reserved 1048576K
}
Event: 1185.765 GC heap before
{Heap before GC invocations=2366 (full 6):
 PSYoungGen      total 6656K, used 6653K [0x00000000d5580000, 0x00000000d6080000, 0x0000000100000000)
  eden space 5632K, 100% used [0x00000000d5580000,0x00000000d5b00000,0x00000000d5b00000)
  from space 1024K, 99% used [0x00000000d5b00000,0x00000000d5bff678,0x00000000d5c00000)
  to   space 2048K, 0% used [0x00000000d5e80000,0x00000000d5e80000,0x00000000d6080000)
 ParOldGen       total 1119744K, used 232888K [0x0000000080000000, 0x00000000c4580000, 0x00000000d5580000)
  object space 1119744K, 20% used [0x0000000080000000,0x000000008e36e2e8,0x00000000c4580000)
 Metaspace       used 93657K, committed 95616K, reserved 1179648K
  class space    used 9547K, committed 10432K, reserved 1048576K
}
Event: 1185.769 GC heap after
{Heap after GC invocations=2366 (full 6):
 PSYoungGen      total 5632K, used 2042K [0x00000000d5580000, 0x00000000d6780000, 0x0000000100000000)
  eden space 3584K, 0% used [0x00000000d5580000,0x00000000d5580000,0x00000000d5900000)
  from space 2048K, 99% used [0x00000000d5e80000,0x00000000d607e860,0x00000000d6080000)
  to   space 5632K, 0% used [0x00000000d5900000,0x00000000d5900000,0x00000000d5e80000)
 ParOldGen       total 1119744K, used 235536K [0x0000000080000000, 0x00000000c4580000, 0x00000000d5580000)
  object space 1119744K, 21% used [0x0000000080000000,0x000000008e604010,0x00000000c4580000)
 Metaspace       used 93657K, committed 95616K, reserved 1179648K
  class space    used 9547K, committed 10432K, reserved 1048576K
}
Event: 1185.843 GC heap before
{Heap before GC invocations=2367 (full 6):
 PSYoungGen      total 5632K, used 5626K [0x00000000d5580000, 0x00000000d6780000, 0x0000000100000000)
  eden space 3584K, 100% used [0x00000000d5580000,0x00000000d5900000,0x00000000d5900000)
  from space 2048K, 99% used [0x00000000d5e80000,0x00000000d607e860,0x00000000d6080000)
  to   space 5632K, 0% used [0x00000000d5900000,0x00000000d5900000,0x00000000d5e80000)
 ParOldGen       total 1119744K, used 266256K [0x0000000080000000, 0x00000000c4580000, 0x00000000d5580000)
  object space 1119744K, 23% used [0x0000000080000000,0x0000000090404040,0x00000000c4580000)
 Metaspace       used 93659K, committed 95616K, reserved 1179648K
  class space    used 9547K, committed 10432K, reserved 1048576K
}
Event: 1185.844 GC heap after
{Heap after GC invocations=2367 (full 6):
 PSYoungGen      total 4608K, used 756K [0x00000000d5580000, 0x00000000d5f00000, 0x0000000100000000)
  eden space 3584K, 0% used [0x00000000d5580000,0x00000000d5580000,0x00000000d5900000)
  from space 1024K, 73% used [0x00000000d5900000,0x00000000d59bd220,0x00000000d5a00000)
  to   space 2560K, 0% used [0x00000000d5c80000,0x00000000d5c80000,0x00000000d5f00000)
 ParOldGen       total 1119744K, used 266776K [0x0000000080000000, 0x00000000c4580000, 0x00000000d5580000)
  object space 1119744K, 23% used [0x0000000080000000,0x0000000090486040,0x00000000c4580000)
 Metaspace       used 93659K, committed 95616K, reserved 1179648K
  class space    used 9547K, committed 10432K, reserved 1048576K
}
Event: 1185.848 GC heap before
{Heap before GC invocations=2368 (full 6):
 PSYoungGen      total 4608K, used 4340K [0x00000000d5580000, 0x00000000d5f00000, 0x0000000100000000)
  eden space 3584K, 100% used [0x00000000d5580000,0x00000000d5900000,0x00000000d5900000)
  from space 1024K, 73% used [0x00000000d5900000,0x00000000d59bd220,0x00000000d5a00000)
  to   space 2560K, 0% used [0x00000000d5c80000,0x00000000d5c80000,0x00000000d5f00000)
 ParOldGen       total 1119744K, used 266776K [0x0000000080000000, 0x00000000c4580000, 0x00000000d5580000)
  object space 1119744K, 23% used [0x0000000080000000,0x0000000090486040,0x00000000c4580000)
 Metaspace       used 93659K, committed 95616K, reserved 1179648K
  class space    used 9547K, committed 10432K, reserved 1048576K
}
Event: 1185.849 GC heap after
{Heap after GC invocations=2368 (full 6):
 PSYoungGen      total 4096K, used 384K [0x00000000d5580000, 0x00000000d5d00000, 0x0000000100000000)
  eden space 3584K, 0% used [0x00000000d5580000,0x00000000d5580000,0x00000000d5900000)
  from space 512K, 75% used [0x00000000d5c80000,0x00000000d5ce0000,0x00000000d5d00000)
  to   space 1024K, 0% used [0x00000000d5b00000,0x00000000d5b00000,0x00000000d5c00000)
 ParOldGen       total 1119744K, used 267408K [0x0000000080000000, 0x00000000c4580000, 0x00000000d5580000)
  object space 1119744K, 23% used [0x0000000080000000,0x0000000090524260,0x00000000c4580000)
 Metaspace       used 93659K, committed 95616K, reserved 1179648K
  class space    used 9547K, committed 10432K, reserved 1048576K
}
Event: 1185.855 GC heap before
{Heap before GC invocations=2369 (full 6):
 PSYoungGen      total 4096K, used 3968K [0x00000000d5580000, 0x00000000d5d00000, 0x0000000100000000)
  eden space 3584K, 100% used [0x00000000d5580000,0x00000000d5900000,0x00000000d5900000)
  from space 512K, 75% used [0x00000000d5c80000,0x00000000d5ce0000,0x00000000d5d00000)
  to   space 1024K, 0% used [0x00000000d5b00000,0x00000000d5b00000,0x00000000d5c00000)
 ParOldGen       total 1119744K, used 267408K [0x0000000080000000, 0x00000000c4580000, 0x00000000d5580000)
  object space 1119744K, 23% used [0x0000000080000000,0x0000000090524260,0x00000000c4580000)
 Metaspace       used 93662K, committed 95616K, reserved 1179648K
  class space    used 9547K, committed 10432K, reserved 1048576K
}
Event: 1185.857 GC heap after
{Heap after GC invocations=2369 (full 6):
 PSYoungGen      total 4608K, used 506K [0x00000000d5580000, 0x00000000d5d00000, 0x0000000100000000)
  eden space 3584K, 0% used [0x00000000d5580000,0x00000000d5580000,0x00000000d5900000)
  from space 1024K, 49% used [0x00000000d5b00000,0x00000000d5b7e900,0x00000000d5c00000)
  to   space 1024K, 0% used [0x00000000d5c00000,0x00000000d5c00000,0x00000000d5d00000)
 ParOldGen       total 1119744K, used 267656K [0x0000000080000000, 0x00000000c4580000, 0x00000000d5580000)
  object space 1119744K, 23% used [0x0000000080000000,0x0000000090562280,0x00000000c4580000)
 Metaspace       used 93662K, committed 95616K, reserved 1179648K
  class space    used 9547K, committed 10432K, reserved 1048576K
}
Event: 1185.861 GC heap before
{Heap before GC invocations=2370 (full 6):
 PSYoungGen      total 4608K, used 4090K [0x00000000d5580000, 0x00000000d5d00000, 0x0000000100000000)
  eden space 3584K, 100% used [0x00000000d5580000,0x00000000d5900000,0x00000000d5900000)
  from space 1024K, 49% used [0x00000000d5b00000,0x00000000d5b7e900,0x00000000d5c00000)
  to   space 1024K, 0% used [0x00000000d5c00000,0x00000000d5c00000,0x00000000d5d00000)
 ParOldGen       total 1119744K, used 267656K [0x0000000080000000, 0x00000000c4580000, 0x00000000d5580000)
  object space 1119744K, 23% used [0x0000000080000000,0x0000000090562280,0x00000000c4580000)
 Metaspace       used 93662K, committed 95616K, reserved 1179648K
  class space    used 9547K, committed 10432K, reserved 1048576K
}
Event: 1185.862 GC heap after
{Heap after GC invocations=2370 (full 6):
 PSYoungGen      total 5632K, used 608K [0x00000000d5580000, 0x00000000d5d00000, 0x0000000100000000)
  eden space 4608K, 0% used [0x00000000d5580000,0x00000000d5580000,0x00000000d5a00000)
  from space 1024K, 59% used [0x00000000d5c00000,0x00000000d5c98000,0x00000000d5d00000)
  to   space 1024K, 0% used [0x00000000d5b00000,0x00000000d5b00000,0x00000000d5c00000)
 ParOldGen       total 1119744K, used 268021K [0x0000000080000000, 0x00000000c4580000, 0x00000000d5580000)
  object space 1119744K, 23% used [0x0000000080000000,0x00000000905bd4a0,0x00000000c4580000)
 Metaspace       used 93662K, committed 95616K, reserved 1179648K
  class space    used 9547K, committed 10432K, reserved 1048576K
}
Event: 1185.869 GC heap before
{Heap before GC invocations=2371 (full 6):
 PSYoungGen      total 5632K, used 5216K [0x00000000d5580000, 0x00000000d5d00000, 0x0000000100000000)
  eden space 4608K, 100% used [0x00000000d5580000,0x00000000d5a00000,0x00000000d5a00000)
  from space 1024K, 59% used [0x00000000d5c00000,0x00000000d5c98000,0x00000000d5d00000)
  to   space 1024K, 0% used [0x00000000d5b00000,0x00000000d5b00000,0x00000000d5c00000)
 ParOldGen       total 1119744K, used 268021K [0x0000000080000000, 0x00000000c4580000, 0x00000000d5580000)
  object space 1119744K, 23% used [0x0000000080000000,0x00000000905bd4a0,0x00000000c4580000)
 Metaspace       used 93662K, committed 95616K, reserved 1179648K
  class space    used 9547K, committed 10432K, reserved 1048576K
}
Event: 1185.870 GC heap after
{Heap after GC invocations=2371 (full 6):
 PSYoungGen      total 5120K, used 480K [0x00000000d5580000, 0x00000000d5c80000, 0x0000000100000000)
  eden space 4608K, 0% used [0x00000000d5580000,0x00000000d5580000,0x00000000d5a00000)
  from space 512K, 93% used [0x00000000d5b00000,0x00000000d5b78000,0x00000000d5b80000)
  to   space 1024K, 0% used [0x00000000d5b80000,0x00000000d5b80000,0x00000000d5c80000)
 ParOldGen       total 1119744K, used 268509K [0x0000000080000000, 0x00000000c4580000, 0x00000000d5580000)
  object space 1119744K, 23% used [0x0000000080000000,0x00000000906374c0,0x00000000c4580000)
 Metaspace       used 93662K, committed 95616K, reserved 1179648K
  class space    used 9547K, committed 10432K, reserved 1048576K
}

Dll operation events (12 events):
Event: 0.012 Loaded shared library c:\Users\taylo\.vscode\extensions\redhat.java-1.54.0-win32-x64\jre\21.0.10-win32-x86_64\bin\java.dll
Event: 0.066 Loaded shared library c:\Users\taylo\.vscode\extensions\redhat.java-1.54.0-win32-x64\jre\21.0.10-win32-x86_64\bin\zip.dll
Event: 0.083 Loaded shared library C:\Users\taylo\.vscode\extensions\redhat.java-1.54.0-win32-x64\jre\21.0.10-win32-x86_64\bin\instrument.dll
Event: 0.087 Loaded shared library C:\Users\taylo\.vscode\extensions\redhat.java-1.54.0-win32-x64\jre\21.0.10-win32-x86_64\bin\net.dll
Event: 0.089 Loaded shared library C:\Users\taylo\.vscode\extensions\redhat.java-1.54.0-win32-x64\jre\21.0.10-win32-x86_64\bin\nio.dll
Event: 0.091 Loaded shared library C:\Users\taylo\.vscode\extensions\redhat.java-1.54.0-win32-x64\jre\21.0.10-win32-x86_64\bin\zip.dll
Event: 0.103 Loaded shared library C:\Users\taylo\.vscode\extensions\redhat.java-1.54.0-win32-x64\jre\21.0.10-win32-x86_64\bin\jimage.dll
Event: 0.161 Loaded shared library c:\Users\taylo\.vscode\extensions\redhat.java-1.54.0-win32-x64\jre\21.0.10-win32-x86_64\bin\verify.dll
Event: 1.133 Loaded shared library C:\Users\taylo\AppData\Roaming\Code\User\globalStorage\redhat.java\1.54.0\config_win\org.eclipse.equinox.launcher\org.eclipse.equinox.launcher.win32.win32.x86_64_1.3.0.v20260203-2149\eclipse_11919.dll
Event: 4.213 Loaded shared library C:\Users\taylo\AppData\Local\Temp\jna-110137903\jna15860658966909623649.dll
Event: 20.163 Loaded shared library C:\Users\taylo\.vscode\extensions\redhat.java-1.54.0-win32-x64\jre\21.0.10-win32-x86_64\bin\sunmscapi.dll
Event: 20.228 Loaded shared library C:\Users\taylo\.vscode\extensions\redhat.java-1.54.0-win32-x64\jre\21.0.10-win32-x86_64\bin\extnet.dll

Deoptimization events (20 events):
Event: 1185.762 Thread 0x000001fbe3cd3160 Uncommon trap: trap_request=0xffffffc6 fr.pc=0x000001fb907e9678 relative=0x0000000000000718
Event: 1185.762 Thread 0x000001fbe3cd3160 Uncommon trap: reason=bimorphic_or_optimized_type_check action=maybe_recompile pc=0x000001fb907e9678 method=org.eclipse.jdt.internal.compiler.lookup.BinaryTypeBinding$1.createBinding(Lorg/eclipse/jdt/internal/compiler/lookup/BinaryTypeBinding;Lorg/eclipse
Event: 1185.762 Thread 0x000001fbe3cd3160 DEOPT PACKING pc=0x000001fb907e9678 sp=0x000000a7e06fd5b0
Event: 1185.762 Thread 0x000001fbe3cd3160 DEOPT UNPACKING pc=0x000001fb8fdb6da2 sp=0x000000a7e06fd590 mode 2
Event: 1185.762 Thread 0x000001fbe3cd3160 Uncommon trap: trap_request=0xffffffde fr.pc=0x000001fb916a71cc relative=0x000000000000066c
Event: 1185.762 Thread 0x000001fbe3cd3160 Uncommon trap: reason=class_check action=maybe_recompile pc=0x000001fb916a71cc method=org.eclipse.jdt.internal.compiler.ast.ASTNode.resolveAnnotations(Lorg/eclipse/jdt/internal/compiler/lookup/BlockScope;[Lorg/eclipse/jdt/internal/compiler/ast/Annotation;
Event: 1185.762 Thread 0x000001fbe3cd3160 DEOPT PACKING pc=0x000001fb916a71cc sp=0x000000a7e06fddd0
Event: 1185.762 Thread 0x000001fbe3cd3160 DEOPT UNPACKING pc=0x000001fb8fdb6da2 sp=0x000000a7e06fdd28 mode 2
Event: 1185.764 Thread 0x000001fbe32b55a0 Uncommon trap: trap_request=0xffffff45 fr.pc=0x000001fb916a72f8 relative=0x0000000000000798
Event: 1185.764 Thread 0x000001fbe32b55a0 Uncommon trap: reason=unstable_if action=reinterpret pc=0x000001fb916a72f8 method=org.eclipse.jdt.internal.compiler.ast.ASTNode.resolveAnnotations(Lorg/eclipse/jdt/internal/compiler/lookup/BlockScope;[Lorg/eclipse/jdt/internal/compiler/ast/Annotation;Lorg
Event: 1185.764 Thread 0x000001fbe32b55a0 DEOPT PACKING pc=0x000001fb916a72f8 sp=0x000000a7df6fe910
Event: 1185.764 Thread 0x000001fbe32b55a0 DEOPT UNPACKING pc=0x000001fb8fdb6da2 sp=0x000000a7df6fe868 mode 2
Event: 1185.769 Thread 0x000001fbe32b55a0 Uncommon trap: trap_request=0xffffff45 fr.pc=0x000001fb90e8d894 relative=0x0000000000003214
Event: 1185.769 Thread 0x000001fbe32b55a0 Uncommon trap: reason=unstable_if action=reinterpret pc=0x000001fb90e8d894 method=org.eclipse.jdt.internal.compiler.lookup.BinaryTypeBinding.genericTypeSignature()[C @ 4 c2
Event: 1185.769 Thread 0x000001fbe32b55a0 DEOPT PACKING pc=0x000001fb90e8d894 sp=0x000000a7df6fe980
Event: 1185.769 Thread 0x000001fbe32b55a0 DEOPT UNPACKING pc=0x000001fb8fdb6da2 sp=0x000000a7df6fe928 mode 2
Event: 1261.488 Thread 0x000001fbe6a2d000 Uncommon trap: trap_request=0xffffffc6 fr.pc=0x000001fb907827b4 relative=0x0000000000000f54
Event: 1261.488 Thread 0x000001fbe6a2d000 Uncommon trap: reason=bimorphic_or_optimized_type_check action=maybe_recompile pc=0x000001fb907827b4 method=java.util.regex.Pattern.lambda$negate$7(Ljava/util/regex/Pattern$CharPredicate;I)Z @ 2 c2
Event: 1261.488 Thread 0x000001fbe6a2d000 DEOPT PACKING pc=0x000001fb907827b4 sp=0x000000a7e19fe1f0
Event: 1261.488 Thread 0x000001fbe6a2d000 DEOPT UNPACKING pc=0x000001fb8fdb6da2 sp=0x000000a7e19fe0c0 mode 2

Classes loaded (20 events):
Event: 640.522 Loading class java/util/stream/ReduceOps$CountingSink done
Event: 640.522 Loading class java/util/stream/ReduceOps$CountingSink$OfRef done
Event: 640.683 Loading class jdk/internal/module/IllegalAccessLogger
Event: 640.683 Loading class jdk/internal/module/IllegalAccessLogger done
Event: 750.101 Loading class jdk/internal/module/IllegalAccessLogger
Event: 750.101 Loading class jdk/internal/module/IllegalAccessLogger done
Event: 849.654 Loading class jdk/internal/module/IllegalAccessLogger
Event: 849.654 Loading class jdk/internal/module/IllegalAccessLogger done
Event: 915.335 Loading class jdk/internal/module/IllegalAccessLogger
Event: 915.335 Loading class jdk/internal/module/IllegalAccessLogger done
Event: 969.413 Loading class jdk/internal/module/IllegalAccessLogger
Event: 969.413 Loading class jdk/internal/module/IllegalAccessLogger done
Event: 1012.787 Loading class jdk/internal/module/IllegalAccessLogger
Event: 1012.787 Loading class jdk/internal/module/IllegalAccessLogger done
Event: 1091.695 Loading class jdk/internal/module/IllegalAccessLogger
Event: 1091.695 Loading class jdk/internal/module/IllegalAccessLogger done
Event: 1143.417 Loading class jdk/internal/module/IllegalAccessLogger
Event: 1143.417 Loading class jdk/internal/module/IllegalAccessLogger done
Event: 1185.763 Loading class jdk/internal/module/IllegalAccessLogger
Event: 1185.763 Loading class jdk/internal/module/IllegalAccessLogger done

Classes unloaded (11 events):
Event: 4.738 Thread 0x000001fbdd1a1500 Unloading class 0x000001fb9d1ab400 'java/lang/invoke/LambdaForm$MH+0x000001fb9d1ab400'
Event: 4.738 Thread 0x000001fbdd1a1500 Unloading class 0x000001fb9d1ab000 'java/lang/invoke/LambdaForm$MH+0x000001fb9d1ab000'
Event: 4.738 Thread 0x000001fbdd1a1500 Unloading class 0x000001fb9d1aac00 'java/lang/invoke/LambdaForm$MH+0x000001fb9d1aac00'
Event: 4.738 Thread 0x000001fbdd1a1500 Unloading class 0x000001fb9d1aa800 'java/lang/invoke/LambdaForm$MH+0x000001fb9d1aa800'
Event: 4.738 Thread 0x000001fbdd1a1500 Unloading class 0x000001fb9d1aa400 'java/lang/invoke/LambdaForm$BMH+0x000001fb9d1aa400'
Event: 4.738 Thread 0x000001fbdd1a1500 Unloading class 0x000001fb9d1aa000 'java/lang/invoke/LambdaForm$DMH+0x000001fb9d1aa000'
Event: 4.738 Thread 0x000001fbdd1a1500 Unloading class 0x000001fb9d1a8c00 'java/lang/invoke/LambdaForm$DMH+0x000001fb9d1a8c00'
Event: 9.703 Thread 0x000001fbdd1a1500 Unloading class 0x000001fb9d6d1400 'java/lang/invoke/LambdaForm$DMH+0x000001fb9d6d1400'
Event: 9.703 Thread 0x000001fbdd1a1500 Unloading class 0x000001fb9d6d1000 'java/lang/invoke/LambdaForm$DMH+0x000001fb9d6d1000'
Event: 9.703 Thread 0x000001fbdd1a1500 Unloading class 0x000001fb9d6d0c00 'java/lang/invoke/LambdaForm$DMH+0x000001fb9d6d0c00'
Event: 9.703 Thread 0x000001fbdd1a1500 Unloading class 0x000001fb9d6d0800 'java/lang/invoke/LambdaForm$DMH+0x000001fb9d6d0800'

Classes redefined (0 events):
No events

Internal exceptions (20 events):
Event: 915.133 Thread 0x000001fbe3cd1720 Exception <a 'sun/nio/fs/WindowsException'{0x00000000d5a93118}> (0x00000000d5a93118) 
thrown [s\src\hotspot\share\prims\jni.cpp, line 520]
Event: 940.577 Thread 0x000001fbe5cfd4b0 Exception <a 'sun/nio/fs/WindowsException'{0x00000000d5b0a7d8}> (0x00000000d5b0a7d8) 
thrown [s\src\hotspot\share\prims\jni.cpp, line 520]
Event: 940.578 Thread 0x000001fbe5cfd4b0 Exception <a 'sun/nio/fs/WindowsException'{0x00000000d5b0b2e8}> (0x00000000d5b0b2e8) 
thrown [s\src\hotspot\share\prims\jni.cpp, line 520]
Event: 958.394 Thread 0x000001fbe5cfe1d0 Implicit null exception at 0x000001fb9136c461 to 0x000001fb9136cd90
Event: 958.566 Thread 0x000001fbe3cd3e80 Implicit null exception at 0x000001fb9103db5e to 0x000001fb91043f84
Event: 969.191 Thread 0x000001fbe3cd1720 Exception <a 'sun/nio/fs/WindowsException'{0x00000000d55c32d0}> (0x00000000d55c32d0) 
thrown [s\src\hotspot\share\prims\jni.cpp, line 520]
Event: 969.198 Thread 0x000001fbe3cd1720 Exception <a 'sun/nio/fs/WindowsException'{0x00000000d56de658}> (0x00000000d56de658) 
thrown [s\src\hotspot\share\prims\jni.cpp, line 520]
Event: 1012.601 Thread 0x000001fbe3cd1720 Exception <a 'sun/nio/fs/WindowsException'{0x00000000d57c2f88}> (0x00000000d57c2f88) 
thrown [s\src\hotspot\share\prims\jni.cpp, line 520]
Event: 1012.609 Thread 0x000001fbe3cd1720 Exception <a 'sun/nio/fs/WindowsException'{0x00000000d55cbc48}> (0x00000000d55cbc48) 
thrown [s\src\hotspot\share\prims\jni.cpp, line 520]
Event: 1080.738 Thread 0x000001fbe5cfe1d0 Implicit null exception at 0x000001fb9144e38c to 0x000001fb91450424
Event: 1081.162 Thread 0x000001fbe6a28140 Exception <a 'java/lang/NoSuchMethodError'{0x00000000d5751f58}: 'java.lang.Object java.lang.invoke.DirectMethodHandle$Holder.newInvokeSpecial(java.lang.Object, java.lang.Object, int, java.lang.Object, java.lang.Object, java.lang.Object, java.lang.Object)'> (0x00000000d5751f58) 
thrown [s\src\hotspot\share\interpreter\linkResolver.cpp, line 773]
Event: 1091.560 Thread 0x000001fbe3cd1720 Exception <a 'sun/nio/fs/WindowsException'{0x00000000d5633218}> (0x00000000d5633218) 
thrown [s\src\hotspot\share\prims\jni.cpp, line 520]
Event: 1091.563 Thread 0x000001fbe3cd1720 Exception <a 'sun/nio/fs/WindowsException'{0x00000000d56b0290}> (0x00000000d56b0290) 
thrown [s\src\hotspot\share\prims\jni.cpp, line 520]
Event: 1143.214 Thread 0x000001fbe3cd1720 Exception <a 'sun/nio/fs/WindowsException'{0x00000000d5710b30}> (0x00000000d5710b30) 
thrown [s\src\hotspot\share\prims\jni.cpp, line 520]
Event: 1143.217 Thread 0x000001fbe3cd1720 Exception <a 'sun/nio/fs/WindowsException'{0x00000000d571d718}> (0x00000000d571d718) 
thrown [s\src\hotspot\share\prims\jni.cpp, line 520]
Event: 1179.783 Thread 0x000001fbe5cfe1d0 Implicit null exception at 0x000001fb90885161 to 0x000001fb908851dd
Event: 1185.628 Thread 0x000001fbe3cd1720 Exception <a 'sun/nio/fs/WindowsException'{0x00000000d579ef00}> (0x00000000d579ef00) 
thrown [s\src\hotspot\share\prims\jni.cpp, line 520]
Event: 1185.633 Thread 0x000001fbe3cd1720 Exception <a 'sun/nio/fs/WindowsException'{0x00000000d57f7a88}> (0x00000000d57f7a88) 
thrown [s\src\hotspot\share\prims\jni.cpp, line 520]
Event: 1269.198 Thread 0x000001fbe3cd3160 Exception <a 'sun/nio/fs/WindowsException'{0x00000000d57c6d08}> (0x00000000d57c6d08) 
thrown [s\src\hotspot\share\prims\jni.cpp, line 520]
Event: 1269.198 Thread 0x000001fbe3cd3160 Exception <a 'sun/nio/fs/WindowsException'{0x00000000d57c77f8}> (0x00000000d57c77f8) 
thrown [s\src\hotspot\share\prims\jni.cpp, line 520]

ZGC Phase Switch (0 events):
No events

VM Operations (20 events):
Event: 1185.855 Executing safepoint VM operation: ParallelGCFailedAllocation (Allocation Failure)
Event: 1185.857 Executing safepoint VM operation: ParallelGCFailedAllocation (Allocation Failure) done
Event: 1185.861 Executing safepoint VM operation: ParallelGCFailedAllocation (Allocation Failure)
Event: 1185.862 Executing safepoint VM operation: ParallelGCFailedAllocation (Allocation Failure) done
Event: 1185.869 Executing safepoint VM operation: ParallelGCFailedAllocation (Allocation Failure)
Event: 1185.870 Executing safepoint VM operation: ParallelGCFailedAllocation (Allocation Failure) done
Event: 1186.870 Executing safepoint VM operation: Cleanup
Event: 1186.870 Executing safepoint VM operation: Cleanup done
Event: 1203.081 Executing non-safepoint VM operation: HandshakeAllThreads (HandshakeForDeflation)
Event: 1203.081 Executing non-safepoint VM operation: HandshakeAllThreads (HandshakeForDeflation) done
Event: 1203.082 Executing non-safepoint VM operation: RendezvousGCThreads
Event: 1203.082 Executing non-safepoint VM operation: RendezvousGCThreads done
Event: 1205.082 Executing safepoint VM operation: Cleanup
Event: 1205.082 Executing safepoint VM operation: Cleanup done
Event: 1263.242 Executing non-safepoint VM operation: HandshakeAllThreads (HandshakeForDeflation)
Event: 1263.242 Executing non-safepoint VM operation: HandshakeAllThreads (HandshakeForDeflation) done
Event: 1263.242 Executing non-safepoint VM operation: RendezvousGCThreads
Event: 1263.242 Executing non-safepoint VM operation: RendezvousGCThreads done
Event: 1269.285 Executing safepoint VM operation: Cleanup
Event: 1269.285 Executing safepoint VM operation: Cleanup done

Memory protections (0 events):
No events

Nmethod flushes (20 events):
Event: 1083.052 Thread 0x000001fbdd1a1500 flushing  nmethod 0x000001fb8a91c010
Event: 1083.052 Thread 0x000001fbdd1a1500 flushing  nmethod 0x000001fb8a925f90
Event: 1083.052 Thread 0x000001fbdd1a1500 flushing  nmethod 0x000001fb8a934a10
Event: 1083.052 Thread 0x000001fbdd1a1500 flushing  nmethod 0x000001fb8a951310
Event: 1083.052 Thread 0x000001fbdd1a1500 flushing  nmethod 0x000001fb8a960210
Event: 1083.052 Thread 0x000001fbdd1a1500 flushing  nmethod 0x000001fb8a969210
Event: 1083.052 Thread 0x000001fbdd1a1500 flushing  nmethod 0x000001fb8a96ff10
Event: 1083.052 Thread 0x000001fbdd1a1500 flushing  nmethod 0x000001fb8a970210
Event: 1083.052 Thread 0x000001fbdd1a1500 flushing  nmethod 0x000001fb8a9a1390
Event: 1083.052 Thread 0x000001fbdd1a1500 flushing  nmethod 0x000001fb8a9e7510
Event: 1083.052 Thread 0x000001fbdd1a1500 flushing  nmethod 0x000001fb8a9ea810
Event: 1083.052 Thread 0x000001fbdd1a1500 flushing  nmethod 0x000001fb8a9f9810
Event: 1083.052 Thread 0x000001fbdd1a1500 flushing  nmethod 0x000001fb8aa6b090
Event: 1083.052 Thread 0x000001fbdd1a1500 flushing  nmethod 0x000001fb8aa6c110
Event: 1083.052 Thread 0x000001fbdd1a1500 flushing  nmethod 0x000001fb8aa75410
Event: 1083.052 Thread 0x000001fbdd1a1500 flushing  nmethod 0x000001fb8aac3510
Event: 1083.052 Thread 0x000001fbdd1a1500 flushing  nmethod 0x000001fb8ab46790
Event: 1083.052 Thread 0x000001fbdd1a1500 flushing  nmethod 0x000001fb8ab51010
Event: 1083.052 Thread 0x000001fbdd1a1500 flushing  nmethod 0x000001fb8ac09e90
Event: 1083.052 Thread 0x000001fbdd1a1500 flushing  nmethod 0x000001fb8ad30290

Events (20 events):
Event: 1081.631 Thread 0x000001fbeb759540 Thread exited: 0x000001fbeb759540
Event: 1087.674 Thread 0x000001fbdd1ec240 Thread added: 0x000001fbe6b0c490
Event: 1087.935 Thread 0x000001fbe6b0c490 Thread exited: 0x000001fbe6b0c490
Event: 1091.555 Thread 0x000001fbe3cd3e80 Thread added: 0x000001fbe32b41f0
Event: 1091.673 Thread 0x000001fbe32b41f0 Thread added: 0x000001fbe32b4880
Event: 1091.695 Thread 0x000001fbe32b41f0 Thread added: 0x000001fbe32b55a0
Event: 1143.361 Thread 0x000001fbe32b41f0 Thread added: 0x000001fbe32b2120
Event: 1149.643 Thread 0x000001fbe6a2a8a0 Thread exited: 0x000001fbe6a2a8a0
Event: 1179.817 Thread 0x000001fbdd1ec240 Thread added: 0x000001fbe6b0c490
Event: 1183.200 Thread 0x000001fbe6b0c490 Thread exited: 0x000001fbe6b0c490
Event: 1185.743 Thread 0x000001fbe3cd3160 Thread added: 0x000001fbe6a27ab0
Event: 1215.264 Thread 0x000001fbe5cfdb40 Thread exited: 0x000001fbe5cfdb40
Event: 1245.786 Thread 0x000001fbe32b55a0 Thread exited: 0x000001fbe32b55a0
Event: 1264.366 Thread 0x000001fbe32b41f0 Thread exited: 0x000001fbe32b41f0
Event: 1264.366 Thread 0x000001fbe3cd3e80 Thread exited: 0x000001fbe3cd3e80
Event: 1269.195 Thread 0x000001fbe3cd3160 Thread added: 0x000001fbe6a26700
Event: 1269.196 Thread 0x000001fbe6a26700 Thread exited: 0x000001fbe6a26700
Event: 1269.198 Thread 0x000001fbe3cd3160 Thread added: 0x000001fbe6a26700
Event: 1269.198 Thread 0x000001fbe6a26700 Thread exited: 0x000001fbe6a26700
Event: 1269.358 Thread 0x000001fbe3cd4ba0 Thread exited: 0x000001fbe3cd4ba0


Dynamic libraries:
0x00007ff736150000 - 0x00007ff73615e000 	c:\Users\taylo\.vscode\extensions\redhat.java-1.54.0-win32-x64\jre\21.0.10-win32-x86_64\bin\java.exe
0x00007ffee3300000 - 0x00007ffee3567000 	C:\WINDOWS\SYSTEM32\ntdll.dll
0x00007ffee16d0000 - 0x00007ffee1799000 	C:\WINDOWS\System32\KERNEL32.DLL
0x00007ffee0c80000 - 0x00007ffee1077000 	C:\WINDOWS\System32\KERNELBASE.dll
0x00007ffedffa0000 - 0x00007ffee00eb000 	C:\WINDOWS\System32\ucrtbase.dll
0x00007ffe48250000 - 0x00007ffe48268000 	c:\Users\taylo\.vscode\extensions\redhat.java-1.54.0-win32-x64\jre\21.0.10-win32-x86_64\bin\jli.dll
0x00007ffe469a0000 - 0x00007ffe469be000 	c:\Users\taylo\.vscode\extensions\redhat.java-1.54.0-win32-x64\jre\21.0.10-win32-x86_64\bin\VCRUNTIME140.dll
0x00007ffee2a00000 - 0x00007ffee2bc6000 	C:\WINDOWS\System32\USER32.dll
0x00007ffedfd30000 - 0x00007ffedfd57000 	C:\WINDOWS\System32\win32u.dll
0x00007ffebef40000 - 0x00007ffebf1d2000 	C:\WINDOWS\WinSxS\amd64_microsoft.windows.common-controls_6595b64144ccf1df_6.0.26100.8457_none_3e0b2faee331e92d\COMCTL32.dll
0x00007ffee2bd0000 - 0x00007ffee2bfb000 	C:\WINDOWS\System32\GDI32.dll
0x00007ffee0b50000 - 0x00007ffee0c7c000 	C:\WINDOWS\System32\gdi32full.dll
0x00007ffee18b0000 - 0x00007ffee1959000 	C:\WINDOWS\System32\msvcrt.dll
0x00007ffee01a0000 - 0x00007ffee0243000 	C:\WINDOWS\System32\msvcp_win.dll
0x00007ffee2820000 - 0x00007ffee2852000 	C:\WINDOWS\System32\IMM32.DLL
0x00007ffe50910000 - 0x00007ffe5091c000 	c:\Users\taylo\.vscode\extensions\redhat.java-1.54.0-win32-x64\jre\21.0.10-win32-x86_64\bin\vcruntime140_1.dll
0x00007ffe14480000 - 0x00007ffe1450d000 	c:\Users\taylo\.vscode\extensions\redhat.java-1.54.0-win32-x64\jre\21.0.10-win32-x86_64\bin\msvcp140.dll
0x00007ffdfca90000 - 0x00007ffdfd831000 	c:\Users\taylo\.vscode\extensions\redhat.java-1.54.0-win32-x64\jre\21.0.10-win32-x86_64\bin\server\jvm.dll
0x00007ffee10f0000 - 0x00007ffee11a6000 	C:\WINDOWS\System32\ADVAPI32.dll
0x00007ffee2c00000 - 0x00007ffee2ca7000 	C:\WINDOWS\System32\sechost.dll
0x00007ffee2f50000 - 0x00007ffee3068000 	C:\WINDOWS\System32\RPCRT4.dll
0x00007ffee28f0000 - 0x00007ffee2970000 	C:\WINDOWS\System32\WS2_32.dll
0x00007ffedd0c0000 - 0x00007ffedd0f6000 	C:\WINDOWS\SYSTEM32\WINMM.dll
0x00007ffedfbb0000 - 0x00007ffedfc0e000 	C:\WINDOWS\SYSTEM32\POWRPROF.dll
0x00007ffecd160000 - 0x00007ffecd16b000 	C:\WINDOWS\SYSTEM32\VERSION.dll
0x00007ffedfb90000 - 0x00007ffedfba4000 	C:\WINDOWS\SYSTEM32\UMPDC.dll
0x00007ffedeac0000 - 0x00007ffedeadb000 	C:\WINDOWS\SYSTEM32\kernel.appcore.dll
0x00007ffe4d6b0000 - 0x00007ffe4d6ba000 	c:\Users\taylo\.vscode\extensions\redhat.java-1.54.0-win32-x64\jre\21.0.10-win32-x86_64\bin\jimage.dll
0x00007ffeddd50000 - 0x00007ffeddf92000 	C:\WINDOWS\SYSTEM32\DBGHELP.DLL
0x00007ffee1960000 - 0x00007ffee1ce3000 	C:\WINDOWS\System32\combase.dll
0x00007ffee1cf0000 - 0x00007ffee1dc9000 	C:\WINDOWS\System32\OLEAUT32.dll
0x00007ffedd080000 - 0x00007ffedd0bb000 	C:\WINDOWS\SYSTEM32\dbgcore.DLL
0x00007ffee00f0000 - 0x00007ffee0198000 	C:\WINDOWS\System32\bcryptPrimitives.dll
0x00007ffecc800000 - 0x00007ffecc80f000 	c:\Users\taylo\.vscode\extensions\redhat.java-1.54.0-win32-x64\jre\21.0.10-win32-x86_64\bin\instrument.dll
0x00007ffe21b60000 - 0x00007ffe21b80000 	c:\Users\taylo\.vscode\extensions\redhat.java-1.54.0-win32-x64\jre\21.0.10-win32-x86_64\bin\java.dll
0x00007ffee1dd0000 - 0x00007ffee253e000 	C:\WINDOWS\System32\SHELL32.dll
0x00007ffee0250000 - 0x00007ffee0abc000 	C:\WINDOWS\System32\windows.storage.dll
0x00007ffee17a0000 - 0x00007ffee1896000 	C:\WINDOWS\System32\SHCORE.dll
0x00007ffee1080000 - 0x00007ffee10e6000 	C:\WINDOWS\System32\shlwapi.dll
0x00007ffedfc50000 - 0x00007ffedfc79000 	C:\WINDOWS\SYSTEM32\profapi.dll
0x00007ffe21b40000 - 0x00007ffe21b58000 	c:\Users\taylo\.vscode\extensions\redhat.java-1.54.0-win32-x64\jre\21.0.10-win32-x86_64\bin\zip.dll
0x00007ffe4b720000 - 0x00007ffe4b730000 	C:\Users\taylo\.vscode\extensions\redhat.java-1.54.0-win32-x64\jre\21.0.10-win32-x86_64\bin\net.dll
0x00007ffecf640000 - 0x00007ffecf769000 	C:\WINDOWS\SYSTEM32\WINHTTP.dll
0x00007ffedf030000 - 0x00007ffedf09c000 	C:\WINDOWS\system32\mswsock.dll
0x00007ffe21b20000 - 0x00007ffe21b36000 	C:\Users\taylo\.vscode\extensions\redhat.java-1.54.0-win32-x64\jre\21.0.10-win32-x86_64\bin\nio.dll
0x00007ffec3d40000 - 0x00007ffec3d50000 	c:\Users\taylo\.vscode\extensions\redhat.java-1.54.0-win32-x64\jre\21.0.10-win32-x86_64\bin\verify.dll
0x00007ffeaec10000 - 0x00007ffeaec55000 	C:\Users\taylo\AppData\Roaming\Code\User\globalStorage\redhat.java\1.54.0\config_win\org.eclipse.equinox.launcher\org.eclipse.equinox.launcher.win32.win32.x86_64_1.3.0.v20260203-2149\eclipse_11919.dll
0x00007ffee2cb0000 - 0x00007ffee2e47000 	C:\WINDOWS\System32\ole32.dll
0x00007ffedf320000 - 0x00007ffedf33b000 	C:\WINDOWS\SYSTEM32\CRYPTSP.dll
0x00007ffedea20000 - 0x00007ffedea59000 	C:\WINDOWS\system32\rsaenh.dll
0x00007ffedf0e0000 - 0x00007ffedf113000 	C:\WINDOWS\SYSTEM32\USERENV.dll
0x00007ffedfc20000 - 0x00007ffedfc4a000 	C:\WINDOWS\SYSTEM32\bcrypt.dll
0x00007ffedf310000 - 0x00007ffedf31c000 	C:\WINDOWS\SYSTEM32\CRYPTBASE.dll
0x00007ffede4e0000 - 0x00007ffede512000 	C:\WINDOWS\SYSTEM32\IPHLPAPI.DLL
0x00007ffee18a0000 - 0x00007ffee18aa000 	C:\WINDOWS\System32\NSI.dll
0x00007ffeaebc0000 - 0x00007ffeaec09000 	C:\Users\taylo\AppData\Local\Temp\jna-110137903\jna15860658966909623649.dll
0x00007ffee2550000 - 0x00007ffee2558000 	C:\WINDOWS\System32\PSAPI.DLL
0x00007ffed6a40000 - 0x00007ffed6a5d000 	C:\WINDOWS\SYSTEM32\dhcpcsvc6.DLL
0x00007ffed6a10000 - 0x00007ffed6a35000 	C:\WINDOWS\SYSTEM32\dhcpcsvc.DLL
0x00007ffedebe0000 - 0x00007ffedec16000 	C:\WINDOWS\SYSTEM32\ntmarta.dll
0x00007ffec3fc0000 - 0x00007ffec3fce000 	C:\Users\taylo\.vscode\extensions\redhat.java-1.54.0-win32-x64\jre\21.0.10-win32-x86_64\bin\sunmscapi.dll
0x00007ffedfd60000 - 0x00007ffedfed8000 	C:\WINDOWS\System32\CRYPT32.dll
0x00007ffedf530000 - 0x00007ffedf560000 	C:\WINDOWS\SYSTEM32\ncrypt.dll
0x00007ffedf4e0000 - 0x00007ffedf51f000 	C:\WINDOWS\SYSTEM32\NTASN1.dll
0x00007ffeb6c10000 - 0x00007ffeb6c18000 	C:\WINDOWS\system32\wshunix.dll
0x00007ffec3d30000 - 0x00007ffec3d39000 	C:\Users\taylo\.vscode\extensions\redhat.java-1.54.0-win32-x64\jre\21.0.10-win32-x86_64\bin\extnet.dll
0x00007ffede580000 - 0x00007ffede6b2000 	C:\WINDOWS\SYSTEM32\DNSAPI.dll
0x00007ffececd0000 - 0x00007ffececdb000 	C:\Windows\System32\rasadhlp.dll
0x00007ffed6cc0000 - 0x00007ffed6d46000 	C:\WINDOWS\System32\fwpuclnt.dll

JVMTI agents:
c:\Users\taylo\.vscode\extensions\redhat.java-1.54.0-win32-x64\lombok\lombok-1.18.39-4050.jar path:c:\Users\taylo\.vscode\extensions\redhat.java-1.54.0-win32-x64\jre\21.0.10-win32-x86_64\bin\instrument.dll, loaded, initialized, instrumentlib options:none

dbghelp: loaded successfully - version: 4.0.5 - missing functions: none
symbol engine: initialized successfully - sym options: 0x614 - pdb path: .;c:\Users\taylo\.vscode\extensions\redhat.java-1.54.0-win32-x64\jre\21.0.10-win32-x86_64\bin;C:\WINDOWS\SYSTEM32;C:\WINDOWS\WinSxS\amd64_microsoft.windows.common-controls_6595b64144ccf1df_6.0.26100.8457_none_3e0b2faee331e92d;c:\Users\taylo\.vscode\extensions\redhat.java-1.54.0-win32-x64\jre\21.0.10-win32-x86_64\bin\server;C:\Users\taylo\AppData\Roaming\Code\User\globalStorage\redhat.java\1.54.0\config_win\org.eclipse.equinox.launcher\org.eclipse.equinox.launcher.win32.win32.x86_64_1.3.0.v20260203-2149;C:\Users\taylo\AppData\Local\Temp\jna-110137903

VM Arguments:
jvm_args: --add-modules=ALL-SYSTEM --add-opens=java.base/java.util=ALL-UNNAMED --add-opens=java.base/java.lang=ALL-UNNAMED --add-opens=java.base/sun.nio.fs=ALL-UNNAMED -Declipse.application=org.eclipse.jdt.ls.core.id1 -Dosgi.bundles.defaultStartLevel=4 -Declipse.product=org.eclipse.jdt.ls.core.product -Djava.import.generatesMetadataFilesAtProjectRoot=false -DDetectVMInstallationsJob.disabled=true -Dfile.encoding=utf8 -XX:+UseParallelGC -XX:GCTimeRatio=4 -XX:AdaptiveSizePolicyWeight=90 -Dsun.zip.disableMemoryMapping=true -Xmx2G -Xms100m -Xlog:disable -javaagent:c:\Users\taylo\.vscode\extensions\redhat.java-1.54.0-win32-x64\lombok\lombok-1.18.39-4050.jar -XX:+HeapDumpOnOutOfMemoryError -XX:HeapDumpPath=c:\Users\taylo\AppData\Roaming\Code\User\workspaceStorage\83202137a7a62e7f0926968b5d7ddb10\redhat.java -Daether.dependencyCollector.impl=bf 
java_command: c:\Users\taylo\.vscode\extensions\redhat.java-1.54.0-win32-x64\server\plugins\org.eclipse.equinox.launcher_1.7.100.v20251111-0406.jar -configuration c:\Users\taylo\AppData\Roaming\Code\User\globalStorage\redhat.java\1.54.0\config_win -data c:\Users\taylo\AppData\Roaming\Code\User\workspaceStorage\83202137a7a62e7f0926968b5d7ddb10\redhat.java\jdt_ws --pipe=\\.\pipe\lsp-e15b2a8dffc0359b4c1656673d011783-sock
java_class_path (initial): c:\Users\taylo\.vscode\extensions\redhat.java-1.54.0-win32-x64\server\plugins\org.eclipse.equinox.launcher_1.7.100.v20251111-0406.jar
Launcher Type: SUN_STANDARD

[Global flags]
    uintx AdaptiveSizePolicyWeight                 = 90                                        {product} {command line}
     intx CICompilerCount                          = 4                                         {product} {ergonomic}
    uintx GCTimeRatio                              = 4                                         {product} {command line}
     bool HeapDumpOnOutOfMemoryError               = true                                   {manageable} {command line}
    ccstr HeapDumpPath                             = c:\Users\taylo\AppData\Roaming\Code\User\workspaceStorage\83202137a7a62e7f0926968b5d7ddb10\redhat.java         {manageable} {command line}
   size_t InitialHeapSize                          = 104857600                                 {product} {command line}
   size_t MaxHeapSize                              = 2147483648                                {product} {command line}
   size_t MaxNewSize                               = 715653120                                 {product} {ergonomic}
   size_t MinHeapDeltaBytes                        = 524288                                    {product} {ergonomic}
   size_t MinHeapSize                              = 104857600                                 {product} {command line}
   size_t NewSize                                  = 34603008                                  {product} {ergonomic}
    uintx NonNMethodCodeHeapSize                   = 5839372                                {pd product} {ergonomic}
    uintx NonProfiledCodeHeapSize                  = 122909434                              {pd product} {ergonomic}
   size_t OldSize                                  = 70254592                                  {product} {ergonomic}
    uintx ProfiledCodeHeapSize                     = 122909434                              {pd product} {ergonomic}
    uintx ReservedCodeCacheSize                    = 251658240                              {pd product} {ergonomic}
     bool SegmentedCodeCache                       = true                                      {product} {ergonomic}
   size_t SoftMaxHeapSize                          = 2147483648                             {manageable} {ergonomic}
     bool UseCompressedOops                        = true                           {product lp64_product} {ergonomic}
     bool UseLargePagesIndividualAllocation        = false                                  {pd product} {ergonomic}
     bool UseParallelGC                            = true                                      {product} {command line}

Logging:
Log output configuration:
 #0: stdout all=off uptime,level,tags foldmultilines=false
 #1: stderr all=off uptime,level,tags foldmultilines=false

Release file:
JAVA_VERSION="21.0.10" 
MODULES="java.base java.compiler java.datatransfer java.xml java.prefs java.desktop java.instrument java.logging java.management java.security.sasl java.naming java.rmi java.management.rmi java.net.http java.scripting java.security.jgss java.transaction.xa java.sql java.sql.rowset java.xml.crypto java.se java.smartcardio jdk.accessibility jdk.internal.jvmstat jdk.attach jdk.charsets jdk.internal.opt jdk.zipfs jdk.compiler jdk.crypto.ec jdk.crypto.cryptoki jdk.crypto.mscapi jdk.dynalink jdk.internal.ed jdk.editpad jdk.hotspot.agent jdk.httpserver jdk.internal.le jdk.internal.vm.ci jdk.internal.vm.compiler jdk.internal.vm.compiler.management jdk.jartool jdk.javadoc jdk.jcmd jdk.management jdk.management.agent jdk.jconsole jdk.jdeps jdk.jdwp.agent jdk.jdi jdk.jfr jdk.jshell jdk.jsobject jdk.jstatd jdk.localedata jdk.management.jfr jdk.naming.dns jdk.naming.rmi jdk.net jdk.nio.mapmode jdk.random jdk.sctp jdk.security.auth jdk.security.jgss jdk.unsupported jdk.unsupported.desktop jdk.xml.dom" 

Environment Variables:
JAVA_HOME=C:\Program Files\Java\jdk-24
PATH=C:\Program Files\Common Files\Oracle\Java\javapath;C:\WINDOWS\system32;C:\WINDOWS;C:\WINDOWS\System32\Wbem;C:\WINDOWS\System32\WindowsPowerShell\v1.0\;C:\WINDOWS\System32\OpenSSH\;C:\Program Files\dotnet\;C:\Program Files\Git\cmd;C:\Program Files\nodejs\;C:\Program Files (x86)\PowerShell\7\;%GRADLE_HOME%\bin;%JAVA_HOME%\bin;%MAVEN_HOME%\bin;C:\Program Files\MySQL\MySQL Shell 8.0\bin\;C:\Users\taylo\AppData\Local\Microsoft\WindowsApps;C:\Users\taylo\AppData\Local\Programs\Microsoft VS Code\bin;C:\Users\taylo\AppData\Roaming\npm;C:\Users\taylo\.dotnet\tools;C:\Program Files\PostgreSQL\17\bin;
USERNAME=taylo
OS=Windows_NT
PROCESSOR_IDENTIFIER=Intel64 Family 6 Model 140 Stepping 2, GenuineIntel
TMP=C:\Users\taylo\AppData\Local\Temp
TEMP=C:\Users\taylo\AppData\Local\Temp




Periodic native trim disabled

---------------  S Y S T E M  ---------------

OS:
 Windows 11 , 64 bit Build 26100 (10.0.26100.8328)
OS uptime: 0 days 1:32 hours
Hyper-V role detected

CPU: total 8 (initial active 8) (4 cores per cpu, 2 threads per core) family 6 model 140 stepping 2 microcode 0x3c, cx8, cmov, fxsr, ht, mmx, 3dnowpref, sse, sse2, sse3, ssse3, sse4.1, sse4.2, popcnt, lzcnt, tsc, tscinvbit, avx, avx2, aes, erms, clmul, bmi1, bmi2, adx, avx512f, avx512dq, avx512cd, avx512bw, avx512vl, sha, fma, vzeroupper, avx512_vpopcntdq, avx512_vpclmulqdq, avx512_vaes, avx512_vnni, clflush, clflushopt, clwb, avx512_vbmi2, avx512_vbmi, hv, rdtscp, rdpid, fsrm, gfni, avx512_bitalg, f16c, cet_ibt, cet_ss, avx512_ifma
Processor Information for the first 8 processors :
  Max Mhz: 2496, Current Mhz: 2496, Mhz Limit: 2496

Memory: 4k page, system-wide physical 7930M (566M free)
TotalPageFile size 16122M (AvailPageFile size 1M)
current process WorkingSet (physical memory assigned to process): 334M, peak: 997M
current process commit charge ("private bytes"): 1483M, peak: 1726M

vm_info: OpenJDK 64-Bit Server VM (21.0.10+7-LTS) for windows-amd64 JRE (21.0.10+7-LTS), built on 2026-01-20T00:00:00Z by "admin" with MS VC++ 17.12 (VS2022)

END.
