#
# There is insufficient memory for the Java Runtime Environment to continue.
# Native memory allocation (malloc) failed to allocate 1196816 bytes. Error detail: Chunk::new
# Possible reasons:
#   The system is out of physical RAM or swap space
#   This process is running with CompressedOops enabled, and the Java Heap may be blocking the growth of the native heap
# Possible solutions:
#   Reduce memory load on the system
#   Increase physical memory or swap space
#   Check if swap backing store is full
#   Decrease Java heap size (-Xmx/-Xms)
#   Decrease number of Java threads
#   Decrease Java thread stack sizes (-Xss)
#   Set larger code cache with -XX:ReservedCodeCacheSize=
#   JVM is running with Unscaled Compressed Oops mode in which the Java heap is
#     placed in the first 4GB address space. The Java Heap base address is the
#     maximum limit for the native heap growth. Please use -XX:HeapBaseMinAddress
#     to set the Java Heap base and to place the Java Heap above 4GB virtual address.
# This output file may be truncated or incomplete.
#
#  Out of Memory Error (arena.cpp:168), pid=21560, tid=12608
#
# JRE version: OpenJDK Runtime Environment Temurin-21.0.10+7 (21.0.10+7) (build 21.0.10+7-LTS)
# Java VM: OpenJDK 64-Bit Server VM Temurin-21.0.10+7 (21.0.10+7-LTS, mixed mode, sharing, tiered, compressed oops, compressed class ptrs, parallel gc, windows-amd64)
# No core dump will be written. Minidumps are not enabled by default on client versions of Windows
#

---------------  S U M M A R Y ------------

Command Line: --add-modules=ALL-SYSTEM --add-opens=java.base/java.util=ALL-UNNAMED --add-opens=java.base/java.lang=ALL-UNNAMED --add-opens=java.base/sun.nio.fs=ALL-UNNAMED -Declipse.application=org.eclipse.jdt.ls.core.id1 -Dosgi.bundles.defaultStartLevel=4 -Declipse.product=org.eclipse.jdt.ls.core.product -Djava.import.generatesMetadataFilesAtProjectRoot=false -DDetectVMInstallationsJob.disabled=true -Dfile.encoding=utf8 -XX:+UseParallelGC -XX:GCTimeRatio=4 -XX:AdaptiveSizePolicyWeight=90 -Dsun.zip.disableMemoryMapping=true -Xmx2G -Xms100m -Xlog:disable -javaagent:c:\Users\taylo\.vscode\extensions\redhat.java-1.54.0-win32-x64\lombok\lombok-1.18.39-4050.jar -XX:+HeapDumpOnOutOfMemoryError -XX:HeapDumpPath=c:\Users\taylo\AppData\Roaming\Code\User\workspaceStorage\83202137a7a62e7f0926968b5d7ddb10\redhat.java -Daether.dependencyCollector.impl=bf c:\Users\taylo\.vscode\extensions\redhat.java-1.54.0-win32-x64\server\plugins\org.eclipse.equinox.launcher_1.7.100.v20251111-0406.jar -configuration c:\Users\taylo\AppData\Roaming\Code\User\globalStorage\redhat.java\1.54.0\config_win -data c:\Users\taylo\AppData\Roaming\Code\User\workspaceStorage\83202137a7a62e7f0926968b5d7ddb10\redhat.java\jdt_ws --pipe=\\.\pipe\lsp-377cfa335ee0d389420601eca3358941-sock

Host: 11th Gen Intel(R) Core(TM) i5-11320H @ 3.20GHz, 8 cores, 7G,  Windows 11 , 64 bit Build 26100 (10.0.26100.8328)
Time: Wed May 27 20:40:22 2026 Hora Padrão de Buenos Aires elapsed time: 106.466964 seconds (0d 0h 1m 46s)

---------------  T H R E A D  ---------------

Current thread (0x0000016fff0a0c60):  JavaThread "C2 CompilerThread2" daemon [_thread_in_native, id=12608, stack(0x00000004b3600000,0x00000004b3700000) (1024K)]


Current CompileTask:
C2:106467 14537  s!   4       org.eclipse.jdt.internal.core.index.DiskIndex::readCategoryTable (743 bytes)

Stack: [0x00000004b3600000,0x00000004b3700000]
Native frames: (J=compiled Java code, j=interpreted, Vv=VM code, C=native code)
V  [jvm.dll+0x6d7a39]
V  [jvm.dll+0x8b4b26]
V  [jvm.dll+0x8b70de]
V  [jvm.dll+0x8b77c3]
V  [jvm.dll+0x284346]
V  [jvm.dll+0xc66ed]
V  [jvm.dll+0xc6c31]
V  [jvm.dll+0x3bec01]
V  [jvm.dll+0x38b162]
V  [jvm.dll+0x38a5aa]
V  [jvm.dll+0x24c560]
V  [jvm.dll+0x24bb40]
V  [jvm.dll+0x1cb34e]
V  [jvm.dll+0x25b85d]
V  [jvm.dll+0x259dea]
V  [jvm.dll+0x3f857e]
V  [jvm.dll+0x85f59d]
V  [jvm.dll+0x6d626d]
C  [ucrtbase.dll+0x37b0]
C  [KERNEL32.DLL+0x2e957]
C  [ntdll.dll+0x427c]


---------------  P R O C E S S  ---------------

Threads class SMR info:
_java_thread_list=0x0000016fff82a720, length=53, elements={
0x0000016fa19af0a0, 0x0000016fa1917f90, 0x0000016fa191bf70, 0x0000016fa1926830,
0x0000016fa19273c0, 0x0000016fa19294b0, 0x0000016fa192f840, 0x0000016fa193e4a0,
0x0000016fa193ff50, 0x0000016fff1d9ca0, 0x0000016fff344ad0, 0x0000016f80303f10,
0x0000016f80303880, 0x0000016f803024d0, 0x0000016f80302b60, 0x0000016f803045a0,
0x0000016f8139bbb0, 0x0000016f8139c8d0, 0x0000016f8139a170, 0x0000016f8139c240,
0x0000016f8139b520, 0x0000016f8139a800, 0x0000016f8139ae90, 0x0000016f8139cf60,
0x0000016f81399ae0, 0x0000016f8139f030, 0x0000016f8139f6c0, 0x0000016f8139e9a0,
0x0000016f8139fd50, 0x0000016f813a03e0, 0x0000016f8139d5f0, 0x0000016f8139dc80,
0x0000016f813a0a70, 0x0000016f8139e310, 0x0000016fff4d27c0, 0x0000016fff4d34e0,
0x0000016fff4d1aa0, 0x0000016fff4d1410, 0x0000016fff4d2130, 0x0000016fff4d0d80,
0x0000016fff4d3b70, 0x0000016fff4d4890, 0x0000016fff4d4f20, 0x0000016fff4d6ff0,
0x0000016fff4d55b0, 0x0000016fff4d7680, 0x0000016fff4d5c40, 0x0000016fff4d4200,
0x0000016f803031f0, 0x0000016f80304c30, 0x0000016fff09f120, 0x0000016fff0a0c60,
0x0000016f803052c0
}

Java Threads: ( => current thread )
  0x0000016fa19af0a0 JavaThread "main"                              [_thread_blocked, id=21788, stack(0x00000004b3800000,0x00000004b3900000) (1024K)]
  0x0000016fa1917f90 JavaThread "Reference Handler"          daemon [_thread_blocked, id=5268, stack(0x00000004b3c00000,0x00000004b3d00000) (1024K)]
  0x0000016fa191bf70 JavaThread "Finalizer"                  daemon [_thread_blocked, id=9976, stack(0x00000004b3d00000,0x00000004b3e00000) (1024K)]
  0x0000016fa1926830 JavaThread "Signal Dispatcher"          daemon [_thread_blocked, id=11108, stack(0x00000004b3e00000,0x00000004b3f00000) (1024K)]
  0x0000016fa19273c0 JavaThread "Attach Listener"            daemon [_thread_blocked, id=14472, stack(0x00000004b3f00000,0x00000004b4000000) (1024K)]
  0x0000016fa19294b0 JavaThread "Service Thread"             daemon [_thread_blocked, id=22520, stack(0x00000004b4000000,0x00000004b4100000) (1024K)]
  0x0000016fa192f840 JavaThread "Monitor Deflation Thread"   daemon [_thread_blocked, id=16148, stack(0x00000004b4100000,0x00000004b4200000) (1024K)]
  0x0000016fa193e4a0 JavaThread "C2 CompilerThread0"         daemon [_thread_blocked, id=17172, stack(0x00000004b4200000,0x00000004b4300000) (1024K)]
  0x0000016fa193ff50 JavaThread "C1 CompilerThread0"         daemon [_thread_blocked, id=21924, stack(0x00000004b4300000,0x00000004b4400000) (1024K)]
  0x0000016fff1d9ca0 JavaThread "Common-Cleaner"             daemon [_thread_blocked, id=17368, stack(0x00000004b4400000,0x00000004b4500000) (1024K)]
  0x0000016fff344ad0 JavaThread "Notification Thread"        daemon [_thread_blocked, id=22884, stack(0x00000004b4600000,0x00000004b4700000) (1024K)]
  0x0000016f80303f10 JavaThread "Active Thread: Equinox Container: 1ad47690-c136-4177-9426-6be352d09f03"        [_thread_blocked, id=21876, stack(0x00000004b5400000,0x00000004b5500000) (1024K)]
  0x0000016f80303880 JavaThread "Framework Event Dispatcher: Equinox Container: 1ad47690-c136-4177-9426-6be352d09f03" daemon [_thread_blocked, id=21816, stack(0x00000004b4700000,0x00000004b4800000) (1024K)]
  0x0000016f803024d0 JavaThread "Start Level: Equinox Container: 1ad47690-c136-4177-9426-6be352d09f03" daemon [_thread_blocked, id=10684, stack(0x00000004b5600000,0x00000004b5700000) (1024K)]
  0x0000016f80302b60 JavaThread "Bundle File Closer"         daemon [_thread_blocked, id=23812, stack(0x00000004b4500000,0x00000004b4600000) (1024K)]
  0x0000016f803045a0 JavaThread "Refresh Thread: Equinox Container: 1ad47690-c136-4177-9426-6be352d09f03" daemon [_thread_blocked, id=17384, stack(0x00000004b5700000,0x00000004b5800000) (1024K)]
  0x0000016f8139bbb0 JavaThread "SCR Component Actor"        daemon [_thread_blocked, id=6924, stack(0x00000004b5900000,0x00000004b5a00000) (1024K)]
  0x0000016f8139c8d0 JavaThread "Worker-JM"                         [_thread_blocked, id=7796, stack(0x00000004b5c00000,0x00000004b5d00000) (1024K)]
  0x0000016f8139a170 JavaThread "Worker-0"                          [_thread_blocked, id=22608, stack(0x00000004b5800000,0x00000004b5900000) (1024K)]
  0x0000016f8139c240 JavaThread "Worker-1"                          [_thread_blocked, id=18576, stack(0x00000004b5d00000,0x00000004b5e00000) (1024K)]
  0x0000016f8139b520 JavaThread "Worker-2"                          [_thread_blocked, id=4160, stack(0x00000004b5f00000,0x00000004b6000000) (1024K)]
  0x0000016f8139a800 JavaThread "Worker-3"                          [_thread_blocked, id=2452, stack(0x00000004b6000000,0x00000004b6100000) (1024K)]
  0x0000016f8139ae90 JavaThread "Java indexing"              daemon [_thread_blocked, id=4552, stack(0x00000004b6100000,0x00000004b6200000) (1024K)]
  0x0000016f8139cf60 JavaThread "JNA Cleaner"                daemon [_thread_blocked, id=18104, stack(0x00000004b6300000,0x00000004b6400000) (1024K)]
  0x0000016f81399ae0 JavaThread "Worker-4"                          [_thread_blocked, id=13776, stack(0x00000004b6600000,0x00000004b6700000) (1024K)]
  0x0000016f8139f030 JavaThread "Worker-5"                          [_thread_blocked, id=23568, stack(0x00000004b6700000,0x00000004b6800000) (1024K)]
  0x0000016f8139f6c0 JavaThread "Thread-1"                   daemon [_thread_in_native, id=12360, stack(0x00000004b6800000,0x00000004b6900000) (1024K)]
  0x0000016f8139e9a0 JavaThread "Thread-2"                   daemon [_thread_in_native, id=4500, stack(0x00000004b6900000,0x00000004b6a00000) (1024K)]
  0x0000016f8139fd50 JavaThread "Thread-3"                   daemon [_thread_in_native, id=22792, stack(0x00000004b6a00000,0x00000004b6b00000) (1024K)]
  0x0000016f813a03e0 JavaThread "Thread-4"                   daemon [_thread_in_native, id=20784, stack(0x00000004b6b00000,0x00000004b6c00000) (1024K)]
  0x0000016f8139d5f0 JavaThread "Thread-5"                   daemon [_thread_in_native, id=12852, stack(0x00000004b6c00000,0x00000004b6d00000) (1024K)]
  0x0000016f8139dc80 JavaThread "Thread-6"                   daemon [_thread_in_native, id=600, stack(0x00000004b6d00000,0x00000004b6e00000) (1024K)]
  0x0000016f813a0a70 JavaThread "Thread-7"                   daemon [_thread_in_native, id=21636, stack(0x00000004b6e00000,0x00000004b6f00000) (1024K)]
  0x0000016f8139e310 JavaThread "Thread-8"                   daemon [_thread_in_native, id=1248, stack(0x00000004b6f00000,0x00000004b7000000) (1024K)]
  0x0000016fff4d27c0 JavaThread "Thread-9"                   daemon [_thread_in_native, id=2128, stack(0x00000004b7000000,0x00000004b7100000) (1024K)]
  0x0000016fff4d34e0 JavaThread "pool-2-thread-1"                   [_thread_blocked, id=1080, stack(0x00000004b7100000,0x00000004b7200000) (1024K)]
  0x0000016fff4d1aa0 JavaThread "WorkspaceEventsHandler"            [_thread_blocked, id=15588, stack(0x00000004b7200000,0x00000004b7300000) (1024K)]
  0x0000016fff4d1410 JavaThread "pool-1-thread-1"                   [_thread_blocked, id=16164, stack(0x00000004b7300000,0x00000004b7400000) (1024K)]
  0x0000016fff4d2130 JavaThread "ForkJoinPool.commonPool-worker-1" daemon [_thread_blocked, id=21072, stack(0x00000004b4f00000,0x00000004b5000000) (1024K)]
  0x0000016fff4d0d80 JavaThread "ForkJoinPool.commonPool-worker-2" daemon [_thread_blocked, id=1784, stack(0x00000004b5000000,0x00000004b5100000) (1024K)]
  0x0000016fff4d3b70 JavaThread "ForkJoinPool.commonPool-worker-3" daemon [_thread_blocked, id=24032, stack(0x00000004b5100000,0x00000004b5200000) (1024K)]
  0x0000016fff4d4890 JavaThread "ForkJoinPool.commonPool-worker-4" daemon [_thread_blocked, id=22512, stack(0x00000004b5200000,0x00000004b5300000) (1024K)]
  0x0000016fff4d4f20 JavaThread "ForkJoinPool.commonPool-worker-5" daemon [_thread_blocked, id=17524, stack(0x00000004b5300000,0x00000004b5400000) (1024K)]
  0x0000016fff4d6ff0 JavaThread "ForkJoinPool.commonPool-worker-6" daemon [_thread_blocked, id=23112, stack(0x00000004b5a00000,0x00000004b5b00000) (1024K)]
  0x0000016fff4d55b0 JavaThread "Compiler Source File Reader" daemon [_thread_blocked, id=15928, stack(0x00000004b4e00000,0x00000004b4f00000) (1024K)]
  0x0000016fff4d7680 JavaThread "Compiler Processing Task"   daemon [_thread_blocked, id=10716, stack(0x00000004b3700000,0x00000004b3800000) (1024K)]
  0x0000016fff4d5c40 JavaThread "Compiler Class File Writer" daemon [_thread_blocked, id=24028, stack(0x00000004b5b00000,0x00000004b5c00000) (1024K)]
  0x0000016fff4d4200 JavaThread "Compiler Source File Reader" daemon [_thread_blocked, id=18044, stack(0x00000004b5e00000,0x00000004b5f00000) (1024K)]
  0x0000016f803031f0 JavaThread "Compiler Class File Writer" daemon [_thread_blocked, id=21372, stack(0x00000004b7500000,0x00000004b7600000) (1024K)]
  0x0000016f80304c30 JavaThread "Worker-6: Send Classpath Notifications"        [_thread_blocked, id=20420, stack(0x00000004b6200000,0x00000004b6300000) (1024K)]
  0x0000016fff09f120 JavaThread "C2 CompilerThread1"         daemon [_thread_blocked, id=7180, stack(0x00000004b3500000,0x00000004b3600000) (1024K)]
=>0x0000016fff0a0c60 JavaThread "C2 CompilerThread2"         daemon [_thread_in_native, id=12608, stack(0x00000004b3600000,0x00000004b3700000) (1024K)]
  0x0000016f803052c0 JavaThread "ForkJoinPool.commonPool-worker-7" daemon [_thread_blocked, id=22328, stack(0x00000004b7600000,0x00000004b7700000) (1024K)]
Total: 53

Other Threads:
  0x0000016fa1a45040 VMThread "VM Thread"                           [id=22140, stack(0x00000004b3b00000,0x00000004b3c00000) (1024K)]
  0x0000016fa1a152e0 WatcherThread "VM Periodic Task Thread"        [id=1948, stack(0x00000004b3a00000,0x00000004b3b00000) (1024K)]
  0x0000016fa19c7640 WorkerThread "GC Thread#0"                     [id=20724, stack(0x00000004b3900000,0x00000004b3a00000) (1024K)]
  0x0000016f8022eb00 WorkerThread "GC Thread#1"                     [id=23624, stack(0x00000004b4800000,0x00000004b4900000) (1024K)]
  0x0000016f8022eeb0 WorkerThread "GC Thread#2"                     [id=4252, stack(0x00000004b4900000,0x00000004b4a00000) (1024K)]
  0x0000016fff791190 WorkerThread "GC Thread#3"                     [id=16896, stack(0x00000004b4a00000,0x00000004b4b00000) (1024K)]
  0x0000016fff791540 WorkerThread "GC Thread#4"                     [id=7868, stack(0x00000004b4b00000,0x00000004b4c00000) (1024K)]
  0x0000016fff7918f0 WorkerThread "GC Thread#5"                     [id=12636, stack(0x00000004b4c00000,0x00000004b4d00000) (1024K)]
  0x0000016fff791ca0 WorkerThread "GC Thread#6"                     [id=2532, stack(0x00000004b4d00000,0x00000004b4e00000) (1024K)]
  0x0000016f801e2de0 WorkerThread "GC Thread#7"                     [id=21396, stack(0x00000004b5500000,0x00000004b5600000) (1024K)]
Total: 10

Threads with active compile tasks:
C2 CompilerThread2  106503 14537  s!   4       org.eclipse.jdt.internal.core.index.DiskIndex::readCategoryTable (743 bytes)
Total: 1

VM state: not at safepoint (normal execution)

VM Mutex/Monitor currently owned by a thread: None

Heap address: 0x0000000080000000, size: 2048 MB, Compressed Oops mode: 32-bit

CDS archive(s) mapped at: [0x0000016fb9000000-0x0000016fb9ba0000-0x0000016fb9ba0000), size 12189696, SharedBaseAddress: 0x0000016fb9000000, ArchiveRelocationMode: 1.
Compressed class space mapped at: 0x0000016fba000000-0x0000016ffa000000, reserved size: 1073741824
Narrow klass base: 0x0000016fb9000000, Narrow klass shift: 0, Narrow klass range: 0x100000000

GC Precious Log:
 CardTable entry size: 512
 CPUs: 8 total, 8 available
 Memory: 7930M
 Large Page Support: Disabled
 NUMA Support: Disabled
 Compressed Oops: Enabled (32-bit)
 Alignments: Space 512K, Generation 512K, Heap 2M
 Heap Min Capacity: 100M
 Heap Initial Capacity: 100M
 Heap Max Capacity: 2G
 Pre-touch: Disabled
 Parallel Workers: 8

Heap:
 PSYoungGen      total 4608K, used 2179K [0x00000000d5580000, 0x00000000d5d80000, 0x0000000100000000)
  eden space 2560K, 23% used [0x00000000d5580000,0x00000000d5617338,0x00000000d5800000)
  from space 2048K, 76% used [0x00000000d5b80000,0x00000000d5d09a10,0x00000000d5d80000)
  to   space 2560K, 0% used [0x00000000d5880000,0x00000000d5880000,0x00000000d5b00000)
 ParOldGen       total 760320K, used 759967K [0x0000000080000000, 0x00000000ae680000, 0x00000000d5580000)
  object space 760320K, 99% used [0x0000000080000000,0x00000000ae627f10,0x00000000ae680000)
 Metaspace       used 72540K, committed 74176K, reserved 1179648K
  class space    used 7803K, committed 8512K, reserved 1048576K

Card table byte_map: [0x0000016fa1340000,0x0000016fa1750000] _byte_map_base: 0x0000016fa0f40000

Marking Bits: (ParMarkBitMap*) 0x00007ffde3013450
 Begin Bits: [0x0000016fb3e50000, 0x0000016fb5e50000)
 End Bits:   [0x0000016fb5e50000, 0x0000016fb7e50000)

Polling page: 0x0000016f9f780000

Metaspace:

Usage:
  Non-class:     63.22 MB used.
      Class:      7.62 MB used.
       Both:     70.84 MB used.

Virtual space:
  Non-class space:      128.00 MB reserved,      64.12 MB ( 50%) committed,  2 nodes.
      Class space:        1.00 GB reserved,       8.31 MB ( <1%) committed,  1 nodes.
             Both:        1.12 GB reserved,      72.44 MB (  6%) committed. 

Chunk freelists:
   Non-Class:  15.21 MB
       Class:  7.72 MB
        Both:  22.93 MB

MaxMetaspaceSize: unlimited
CompressedClassSpaceSize: 1.00 GB
Initial GC threshold: 21.00 MB
Current GC threshold: 97.31 MB
CDS: on
 - commit_granule_bytes: 65536.
 - commit_granule_words: 8192.
 - virtual_space_node_default_size: 8388608.
 - enlarge_chunks_in_place: 1.
 - use_allocation_guard: 0.


Internal statistics:

num_allocs_failed_limit: 9.
num_arena_births: 1258.
num_arena_deaths: 34.
num_vsnodes_births: 3.
num_vsnodes_deaths: 0.
num_space_committed: 1159.
num_space_uncommitted: 0.
num_chunks_returned_to_freelist: 52.
num_chunks_taken_from_freelist: 4446.
num_chunk_merges: 14.
num_chunk_splits: 2737.
num_chunks_enlarged: 1586.
num_inconsistent_stats: 0.

CodeHeap 'non-profiled nmethods': size=120000Kb used=11711Kb max_used=11711Kb free=108288Kb
 bounds [0x0000016fac670000, 0x0000016fad1e0000, 0x0000016fb3ba0000]
CodeHeap 'profiled nmethods': size=120000Kb used=31330Kb max_used=31330Kb free=88669Kb
 bounds [0x0000016fa4ba0000, 0x0000016fa6a40000, 0x0000016fac0d0000]
CodeHeap 'non-nmethods': size=5760Kb used=1487Kb max_used=1554Kb free=4272Kb
 bounds [0x0000016fac0d0000, 0x0000016fac340000, 0x0000016fac670000]
CodeCache: size=245760Kb, used=44528Kb, max_used=44595Kb, free=201229Kb
 total_blobs=14523, nmethods=13726, adapters=702, full_count=0
Compilation: enabled, stopped_count=0, restarted_count=0

Compilation events (20 events):
Event: 105.375 Thread 0x0000016fa193ff50 nmethod 14568 0x0000016fa6a32d10 code [0x0000016fa6a32f40, 0x0000016fa6a33568]
Event: 105.375 Thread 0x0000016fa193e4a0 14569       4       com.google.gson.stream.JsonWriter::name (56 bytes)
Event: 105.376 Thread 0x0000016fa193e4a0 nmethod 14569 0x0000016fad1dc610 code [0x0000016fad1dc7a0, 0x0000016fad1dc928]
Event: 105.377 Thread 0x0000016fa193e4a0 14570       4       com.google.gson.stream.JsonWriter::beforeName (49 bytes)
Event: 105.384 Thread 0x0000016fff09f120 nmethod 14564% 0x0000016fad1dca90 code [0x0000016fad1dcc80, 0x0000016fad1dd3a0]
Event: 105.384 Thread 0x0000016fff09f120 14571       4       java.util.concurrent.atomic.AtomicLong::compareAndSet (13 bytes)
Event: 105.385 Thread 0x0000016fff09f120 nmethod 14571 0x0000016fad1dd890 code [0x0000016fad1dda20, 0x0000016fad1ddac0]
Event: 105.385 Thread 0x0000016fff09f120 14572       4       java.util.concurrent.locks.AbstractQueuedSynchronizer$Node::setPrevRelaxed (12 bytes)
Event: 105.385 Thread 0x0000016fa193ff50 14573 %     3       org.eclipse.jdt.internal.core.index.DiskIndex::addQueryResults @ 361 (739 bytes)
Event: 105.385 Thread 0x0000016fff09f120 nmethod 14572 0x0000016fad1ddb90 code [0x0000016fad1ddd20, 0x0000016fad1dddc8]
Event: 105.388 Thread 0x0000016fff09f120 14575       4       java.util.HashMap::remove (26 bytes)
Event: 105.389 Thread 0x0000016fa193ff50 nmethod 14573% 0x0000016fa6a33790 code [0x0000016fa6a33ba0, 0x0000016fa6a35b80]
Event: 105.389 Thread 0x0000016fa193ff50 14574       3       org.eclipse.jdt.internal.core.index.DiskIndex::readStreamChars (529 bytes)
Event: 105.390 Thread 0x0000016fa193ff50 nmethod 14574 0x0000016fa6a36a90 code [0x0000016fa6a36d20, 0x0000016fa6a37be0]
Event: 105.390 Thread 0x0000016fa193ff50 14576       3       org.apache.commons.lang3.StringUtils::defaultIfBlank (13 bytes)
Event: 105.390 Thread 0x0000016fa193ff50 nmethod 14576 0x0000016fa6a38190 code [0x0000016fa6a38340, 0x0000016fa6a384b8]
Event: 105.391 Thread 0x0000016fa193e4a0 nmethod 14570 0x0000016fad1dde90 code [0x0000016fad1de0c0, 0x0000016fad1dea60]
Event: 105.396 Thread 0x0000016fff09f120 nmethod 14575 0x0000016fad1df110 code [0x0000016fad1df300, 0x0000016fad1df878]
Event: 105.805 Thread 0x0000016fa193ff50 14577       3       java.lang.Object::wait (6 bytes)
Event: 105.805 Thread 0x0000016fa193ff50 nmethod 14577 0x0000016fa6a38590 code [0x0000016fa6a38740, 0x0000016fa6a38888]

GC Heap History (20 events):
Event: 105.263 GC heap before
{Heap before GC invocations=1348 (full 3):
 PSYoungGen      total 3584K, used 3424K [0x00000000d5580000, 0x00000000d5b80000, 0x0000000100000000)
  eden space 2560K, 100% used [0x00000000d5580000,0x00000000d5800000,0x00000000d5800000)
  from space 1024K, 84% used [0x00000000d5a80000,0x00000000d5b58000,0x00000000d5b80000)
  to   space 1536K, 0% used [0x00000000d5880000,0x00000000d5880000,0x00000000d5a00000)
 ParOldGen       total 749056K, used 748783K [0x0000000080000000, 0x00000000adb80000, 0x00000000d5580000)
  object space 749056K, 99% used [0x0000000080000000,0x00000000adb3bd58,0x00000000adb80000)
 Metaspace       used 72517K, committed 74176K, reserved 1179648K
  class space    used 7798K, committed 8512K, reserved 1048576K
}
Event: 105.266 GC heap after
{Heap after GC invocations=1348 (full 3):
 PSYoungGen      total 3584K, used 1024K [0x00000000d5580000, 0x00000000d5b00000, 0x0000000100000000)
  eden space 2560K, 0% used [0x00000000d5580000,0x00000000d5580000,0x00000000d5800000)
  from space 1024K, 100% used [0x00000000d5880000,0x00000000d5980000,0x00000000d5980000)
  to   space 1536K, 0% used [0x00000000d5980000,0x00000000d5980000,0x00000000d5b00000)
 ParOldGen       total 749568K, used 749450K [0x0000000080000000, 0x00000000adc00000, 0x00000000d5580000)
  object space 749568K, 99% used [0x0000000080000000,0x00000000adbe2b30,0x00000000adc00000)
 Metaspace       used 72517K, committed 74176K, reserved 1179648K
  class space    used 7798K, committed 8512K, reserved 1048576K
}
Event: 105.279 GC heap before
{Heap before GC invocations=1349 (full 3):
 PSYoungGen      total 3584K, used 3584K [0x00000000d5580000, 0x00000000d5b00000, 0x0000000100000000)
  eden space 2560K, 100% used [0x00000000d5580000,0x00000000d5800000,0x00000000d5800000)
  from space 1024K, 100% used [0x00000000d5880000,0x00000000d5980000,0x00000000d5980000)
  to   space 1536K, 0% used [0x00000000d5980000,0x00000000d5980000,0x00000000d5b00000)
 ParOldGen       total 749568K, used 749450K [0x0000000080000000, 0x00000000adc00000, 0x00000000d5580000)
  object space 749568K, 99% used [0x0000000080000000,0x00000000adbe2b30,0x00000000adc00000)
 Metaspace       used 72517K, committed 74176K, reserved 1179648K
  class space    used 7798K, committed 8512K, reserved 1048576K
}
Event: 105.282 GC heap after
{Heap after GC invocations=1349 (full 3):
 PSYoungGen      total 3584K, used 832K [0x00000000d5580000, 0x00000000d5a80000, 0x0000000100000000)
  eden space 2560K, 0% used [0x00000000d5580000,0x00000000d5580000,0x00000000d5800000)
  from space 1024K, 81% used [0x00000000d5980000,0x00000000d5a50000,0x00000000d5a80000)
  to   space 1024K, 0% used [0x00000000d5880000,0x00000000d5880000,0x00000000d5980000)
 ParOldGen       total 750592K, used 750097K [0x0000000080000000, 0x00000000add00000, 0x00000000d5580000)
  object space 750592K, 99% used [0x0000000080000000,0x00000000adc84550,0x00000000add00000)
 Metaspace       used 72517K, committed 74176K, reserved 1179648K
  class space    used 7798K, committed 8512K, reserved 1048576K
}
Event: 105.296 GC heap before
{Heap before GC invocations=1350 (full 3):
 PSYoungGen      total 3584K, used 3392K [0x00000000d5580000, 0x00000000d5a80000, 0x0000000100000000)
  eden space 2560K, 100% used [0x00000000d5580000,0x00000000d5800000,0x00000000d5800000)
  from space 1024K, 81% used [0x00000000d5980000,0x00000000d5a50000,0x00000000d5a80000)
  to   space 1024K, 0% used [0x00000000d5880000,0x00000000d5880000,0x00000000d5980000)
 ParOldGen       total 750592K, used 750097K [0x0000000080000000, 0x00000000add00000, 0x00000000d5580000)
  object space 750592K, 99% used [0x0000000080000000,0x00000000adc84550,0x00000000add00000)
 Metaspace       used 72517K, committed 74176K, reserved 1179648K
  class space    used 7798K, committed 8512K, reserved 1048576K
}
Event: 105.299 GC heap after
{Heap after GC invocations=1350 (full 3):
 PSYoungGen      total 3584K, used 832K [0x00000000d5580000, 0x00000000d5a00000, 0x0000000100000000)
  eden space 2560K, 0% used [0x00000000d5580000,0x00000000d5580000,0x00000000d5800000)
  from space 1024K, 81% used [0x00000000d5880000,0x00000000d5950000,0x00000000d5980000)
  to   space 512K, 0% used [0x00000000d5980000,0x00000000d5980000,0x00000000d5a00000)
 ParOldGen       total 751104K, used 750846K [0x0000000080000000, 0x00000000add80000, 0x00000000d5580000)
  object space 751104K, 99% used [0x0000000080000000,0x00000000add3fa20,0x00000000add80000)
 Metaspace       used 72517K, committed 74176K, reserved 1179648K
  class space    used 7798K, committed 8512K, reserved 1048576K
}
Event: 105.317 GC heap before
{Heap before GC invocations=1351 (full 3):
 PSYoungGen      total 3584K, used 3391K [0x00000000d5580000, 0x00000000d5a00000, 0x0000000100000000)
  eden space 2560K, 99% used [0x00000000d5580000,0x00000000d57fffb0,0x00000000d5800000)
  from space 1024K, 81% used [0x00000000d5880000,0x00000000d5950000,0x00000000d5980000)
  to   space 512K, 0% used [0x00000000d5980000,0x00000000d5980000,0x00000000d5a00000)
 ParOldGen       total 751104K, used 750846K [0x0000000080000000, 0x00000000add80000, 0x00000000d5580000)
  object space 751104K, 99% used [0x0000000080000000,0x00000000add3fa20,0x00000000add80000)
 Metaspace       used 72518K, committed 74176K, reserved 1179648K
  class space    used 7798K, committed 8512K, reserved 1048576K
}
Event: 105.322 GC heap after
{Heap after GC invocations=1351 (full 3):
 PSYoungGen      total 2048K, used 486K [0x00000000d5580000, 0x00000000d5d00000, 0x0000000100000000)
  eden space 1536K, 0% used [0x00000000d5580000,0x00000000d5580000,0x00000000d5700000)
  from space 512K, 94% used [0x00000000d5980000,0x00000000d59f9848,0x00000000d5a00000)
  to   space 2560K, 0% used [0x00000000d5700000,0x00000000d5700000,0x00000000d5980000)
 ParOldGen       total 752640K, used 752541K [0x0000000080000000, 0x00000000adf00000, 0x00000000d5580000)
  object space 752640K, 99% used [0x0000000080000000,0x00000000adee74d8,0x00000000adf00000)
 Metaspace       used 72518K, committed 74176K, reserved 1179648K
  class space    used 7798K, committed 8512K, reserved 1048576K
}
Event: 105.333 GC heap before
{Heap before GC invocations=1352 (full 3):
 PSYoungGen      total 2048K, used 2022K [0x00000000d5580000, 0x00000000d5d00000, 0x0000000100000000)
  eden space 1536K, 99% used [0x00000000d5580000,0x00000000d56fffe0,0x00000000d5700000)
  from space 512K, 94% used [0x00000000d5980000,0x00000000d59f9848,0x00000000d5a00000)
  to   space 2560K, 0% used [0x00000000d5700000,0x00000000d5700000,0x00000000d5980000)
 ParOldGen       total 752640K, used 752541K [0x0000000080000000, 0x00000000adf00000, 0x00000000d5580000)
  object space 752640K, 99% used [0x0000000080000000,0x00000000adee74d8,0x00000000adf00000)
 Metaspace       used 72518K, committed 74176K, reserved 1179648K
  class space    used 7798K, committed 8512K, reserved 1048576K
}
Event: 105.337 GC heap after
{Heap after GC invocations=1352 (full 3):
 PSYoungGen      total 3072K, used 1333K [0x00000000d5580000, 0x00000000d5b00000, 0x0000000100000000)
  eden space 1536K, 0% used [0x00000000d5580000,0x00000000d5580000,0x00000000d5700000)
  from space 1536K, 86% used [0x00000000d5700000,0x00000000d584d7c0,0x00000000d5880000)
  to   space 2048K, 0% used [0x00000000d5900000,0x00000000d5900000,0x00000000d5b00000)
 ParOldGen       total 753152K, used 753034K [0x0000000080000000, 0x00000000adf80000, 0x00000000d5580000)
  object space 753152K, 99% used [0x0000000080000000,0x00000000adf62ba0,0x00000000adf80000)
 Metaspace       used 72518K, committed 74176K, reserved 1179648K
  class space    used 7798K, committed 8512K, reserved 1048576K
}
Event: 105.346 GC heap before
{Heap before GC invocations=1353 (full 3):
 PSYoungGen      total 3072K, used 2869K [0x00000000d5580000, 0x00000000d5b00000, 0x0000000100000000)
  eden space 1536K, 100% used [0x00000000d5580000,0x00000000d5700000,0x00000000d5700000)
  from space 1536K, 86% used [0x00000000d5700000,0x00000000d584d7c0,0x00000000d5880000)
  to   space 2048K, 0% used [0x00000000d5900000,0x00000000d5900000,0x00000000d5b00000)
 ParOldGen       total 753152K, used 753034K [0x0000000080000000, 0x00000000adf80000, 0x00000000d5580000)
  object space 753152K, 99% used [0x0000000080000000,0x00000000adf62ba0,0x00000000adf80000)
 Metaspace       used 72518K, committed 74176K, reserved 1179648K
  class space    used 7798K, committed 8512K, reserved 1048576K
}
Event: 105.350 GC heap after
{Heap after GC invocations=1353 (full 3):
 PSYoungGen      total 3584K, used 1522K [0x00000000d5580000, 0x00000000d5b80000, 0x0000000100000000)
  eden space 1536K, 0% used [0x00000000d5580000,0x00000000d5580000,0x00000000d5700000)
  from space 2048K, 74% used [0x00000000d5900000,0x00000000d5a7c8b8,0x00000000d5b00000)
  to   space 2048K, 0% used [0x00000000d5700000,0x00000000d5700000,0x00000000d5900000)
 ParOldGen       total 754688K, used 754240K [0x0000000080000000, 0x00000000ae100000, 0x00000000d5580000)
  object space 754688K, 99% used [0x0000000080000000,0x00000000ae090360,0x00000000ae100000)
 Metaspace       used 72518K, committed 74176K, reserved 1179648K
  class space    used 7798K, committed 8512K, reserved 1048576K
}
Event: 105.353 GC heap before
{Heap before GC invocations=1354 (full 3):
 PSYoungGen      total 3584K, used 3058K [0x00000000d5580000, 0x00000000d5b80000, 0x0000000100000000)
  eden space 1536K, 99% used [0x00000000d5580000,0x00000000d56fffd8,0x00000000d5700000)
  from space 2048K, 74% used [0x00000000d5900000,0x00000000d5a7c8b8,0x00000000d5b00000)
  to   space 2048K, 0% used [0x00000000d5700000,0x00000000d5700000,0x00000000d5900000)
 ParOldGen       total 754688K, used 754240K [0x0000000080000000, 0x00000000ae100000, 0x00000000d5580000)
  object space 754688K, 99% used [0x0000000080000000,0x00000000ae090360,0x00000000ae100000)
 Metaspace       used 72518K, committed 74176K, reserved 1179648K
  class space    used 7798K, committed 8512K, reserved 1048576K
}
Event: 105.358 GC heap after
{Heap after GC invocations=1354 (full 3):
 PSYoungGen      total 3584K, used 1408K [0x00000000d5580000, 0x00000000d5a80000, 0x0000000100000000)
  eden space 1536K, 0% used [0x00000000d5580000,0x00000000d5580000,0x00000000d5700000)
  from space 2048K, 68% used [0x00000000d5700000,0x00000000d5860000,0x00000000d5900000)
  to   space 1536K, 0% used [0x00000000d5900000,0x00000000d5900000,0x00000000d5a80000)
 ParOldGen       total 755712K, used 755651K [0x0000000080000000, 0x00000000ae200000, 0x00000000d5580000)
  object space 755712K, 99% used [0x0000000080000000,0x00000000ae1f0c38,0x00000000ae200000)
 Metaspace       used 72518K, committed 74176K, reserved 1179648K
  class space    used 7798K, committed 8512K, reserved 1048576K
}
Event: 105.361 GC heap before
{Heap before GC invocations=1355 (full 3):
 PSYoungGen      total 3584K, used 2944K [0x00000000d5580000, 0x00000000d5a80000, 0x0000000100000000)
  eden space 1536K, 100% used [0x00000000d5580000,0x00000000d5700000,0x00000000d5700000)
  from space 2048K, 68% used [0x00000000d5700000,0x00000000d5860000,0x00000000d5900000)
  to   space 1536K, 0% used [0x00000000d5900000,0x00000000d5900000,0x00000000d5a80000)
 ParOldGen       total 755712K, used 755651K [0x0000000080000000, 0x00000000ae200000, 0x00000000d5580000)
  object space 755712K, 99% used [0x0000000080000000,0x00000000ae1f0c38,0x00000000ae200000)
 Metaspace       used 72518K, committed 74176K, reserved 1179648K
  class space    used 7798K, committed 8512K, reserved 1048576K
}
Event: 105.365 GC heap after
{Heap after GC invocations=1355 (full 3):
 PSYoungGen      total 3584K, used 1344K [0x00000000d5580000, 0x00000000d5a80000, 0x0000000100000000)
  eden space 2048K, 0% used [0x00000000d5580000,0x00000000d5580000,0x00000000d5780000)
  from space 1536K, 87% used [0x00000000d5900000,0x00000000d5a50000,0x00000000d5a80000)
  to   space 1536K, 0% used [0x00000000d5780000,0x00000000d5780000,0x00000000d5900000)
 ParOldGen       total 757248K, used 756993K [0x0000000080000000, 0x00000000ae380000, 0x00000000d5580000)
  object space 757248K, 99% used [0x0000000080000000,0x00000000ae340570,0x00000000ae380000)
 Metaspace       used 72518K, committed 74176K, reserved 1179648K
  class space    used 7798K, committed 8512K, reserved 1048576K
}
Event: 105.370 GC heap before
{Heap before GC invocations=1356 (full 3):
 PSYoungGen      total 3584K, used 3392K [0x00000000d5580000, 0x00000000d5a80000, 0x0000000100000000)
  eden space 2048K, 100% used [0x00000000d5580000,0x00000000d5780000,0x00000000d5780000)
  from space 1536K, 87% used [0x00000000d5900000,0x00000000d5a50000,0x00000000d5a80000)
  to   space 1536K, 0% used [0x00000000d5780000,0x00000000d5780000,0x00000000d5900000)
 ParOldGen       total 757248K, used 756993K [0x0000000080000000, 0x00000000ae380000, 0x00000000d5580000)
  object space 757248K, 99% used [0x0000000080000000,0x00000000ae340570,0x00000000ae380000)
 Metaspace       used 72524K, committed 74176K, reserved 1179648K
  class space    used 7800K, committed 8512K, reserved 1048576K
}
Event: 105.373 GC heap after
{Heap after GC invocations=1356 (full 3):
 PSYoungGen      total 3584K, used 1536K [0x00000000d5580000, 0x00000000d5f00000, 0x0000000100000000)
  eden space 2048K, 0% used [0x00000000d5580000,0x00000000d5580000,0x00000000d5780000)
  from space 1536K, 100% used [0x00000000d5780000,0x00000000d5900000,0x00000000d5900000)
  to   space 3584K, 0% used [0x00000000d5b80000,0x00000000d5b80000,0x00000000d5f00000)
 ParOldGen       total 758784K, used 758405K [0x0000000080000000, 0x00000000ae500000, 0x00000000d5580000)
  object space 758784K, 99% used [0x0000000080000000,0x00000000ae4a15f0,0x00000000ae500000)
 Metaspace       used 72524K, committed 74176K, reserved 1179648K
  class space    used 7800K, committed 8512K, reserved 1048576K
}
Event: 105.378 GC heap before
{Heap before GC invocations=1357 (full 3):
 PSYoungGen      total 3584K, used 3584K [0x00000000d5580000, 0x00000000d5f00000, 0x0000000100000000)
  eden space 2048K, 100% used [0x00000000d5580000,0x00000000d5780000,0x00000000d5780000)
  from space 1536K, 100% used [0x00000000d5780000,0x00000000d5900000,0x00000000d5900000)
  to   space 3584K, 0% used [0x00000000d5b80000,0x00000000d5b80000,0x00000000d5f00000)
 ParOldGen       total 758784K, used 758405K [0x0000000080000000, 0x00000000ae500000, 0x00000000d5580000)
  object space 758784K, 99% used [0x0000000080000000,0x00000000ae4a15f0,0x00000000ae500000)
 Metaspace       used 72539K, committed 74176K, reserved 1179648K
  class space    used 7803K, committed 8512K, reserved 1048576K
}
Event: 105.382 GC heap after
{Heap after GC invocations=1357 (full 3):
 PSYoungGen      total 4608K, used 1574K [0x00000000d5580000, 0x00000000d5d80000, 0x0000000100000000)
  eden space 2560K, 0% used [0x00000000d5580000,0x00000000d5580000,0x00000000d5800000)
  from space 2048K, 76% used [0x00000000d5b80000,0x00000000d5d09a10,0x00000000d5d80000)
  to   space 2560K, 0% used [0x00000000d5880000,0x00000000d5880000,0x00000000d5b00000)
 ParOldGen       total 760320K, used 759967K [0x0000000080000000, 0x00000000ae680000, 0x00000000d5580000)
  object space 760320K, 99% used [0x0000000080000000,0x00000000ae627f10,0x00000000ae680000)
 Metaspace       used 72539K, committed 74176K, reserved 1179648K
  class space    used 7803K, committed 8512K, reserved 1048576K
}

Dll operation events (14 events):
Event: 0.011 Loaded shared library c:\Users\taylo\.vscode\extensions\redhat.java-1.54.0-win32-x64\jre\21.0.10-win32-x86_64\bin\java.dll
Event: 0.088 Loaded shared library c:\Users\taylo\.vscode\extensions\redhat.java-1.54.0-win32-x64\jre\21.0.10-win32-x86_64\bin\zip.dll
Event: 0.116 Loaded shared library C:\Users\taylo\.vscode\extensions\redhat.java-1.54.0-win32-x64\jre\21.0.10-win32-x86_64\bin\instrument.dll
Event: 0.123 Loaded shared library C:\Users\taylo\.vscode\extensions\redhat.java-1.54.0-win32-x64\jre\21.0.10-win32-x86_64\bin\net.dll
Event: 0.127 Loaded shared library C:\Users\taylo\.vscode\extensions\redhat.java-1.54.0-win32-x64\jre\21.0.10-win32-x86_64\bin\nio.dll
Event: 0.133 Loaded shared library C:\Users\taylo\.vscode\extensions\redhat.java-1.54.0-win32-x64\jre\21.0.10-win32-x86_64\bin\zip.dll
Event: 0.160 Loaded shared library C:\Users\taylo\.vscode\extensions\redhat.java-1.54.0-win32-x64\jre\21.0.10-win32-x86_64\bin\jimage.dll
Event: 0.273 Loaded shared library c:\Users\taylo\.vscode\extensions\redhat.java-1.54.0-win32-x64\jre\21.0.10-win32-x86_64\bin\verify.dll
Event: 2.508 Loaded shared library C:\Users\taylo\AppData\Roaming\Code\User\globalStorage\redhat.java\1.54.0\config_win\org.eclipse.equinox.launcher\org.eclipse.equinox.launcher.win32.win32.x86_64_1.3.0.v20260203-2149\eclipse_11919.dll
Event: 6.523 Loaded shared library C:\Users\taylo\.vscode\extensions\redhat.java-1.54.0-win32-x64\jre\21.0.10-win32-x86_64\bin\management.dll
Event: 6.534 Loaded shared library C:\Users\taylo\.vscode\extensions\redhat.java-1.54.0-win32-x64\jre\21.0.10-win32-x86_64\bin\management_ext.dll
Event: 10.418 Loaded shared library C:\Users\taylo\AppData\Local\Temp\jna-110137903\jna12464516944315511284.dll
Event: 11.881 Loaded shared library C:\Users\taylo\.vscode\extensions\redhat.java-1.54.0-win32-x64\jre\21.0.10-win32-x86_64\bin\sunmscapi.dll
Event: 12.190 Loaded shared library C:\Users\taylo\.vscode\extensions\redhat.java-1.54.0-win32-x64\jre\21.0.10-win32-x86_64\bin\extnet.dll

Deoptimization events (20 events):
Event: 105.360 Thread 0x0000016fff4d2130 DEOPT PACKING pc=0x0000016fa6a17dcc sp=0x00000004b4ffea10
Event: 105.360 Thread 0x0000016fff4d2130 DEOPT UNPACKING pc=0x0000016fac1278e2 sp=0x00000004b4ffdfc0 mode 0
Event: 105.369 Thread 0x0000016fff4d4f20 DEOPT PACKING pc=0x0000016fa6a17dcc sp=0x00000004b53fe9f0
Event: 105.369 Thread 0x0000016fff4d4f20 DEOPT UNPACKING pc=0x0000016fac1278e2 sp=0x00000004b53fdfa0 mode 0
Event: 105.384 Thread 0x0000016fff4d0d80 Uncommon trap: trap_request=0xffffff45 fr.pc=0x0000016fad1dd248 relative=0x00000000000005c8
Event: 105.384 Thread 0x0000016fff4d0d80 Uncommon trap: reason=unstable_if action=reinterpret pc=0x0000016fad1dd248 method=org.eclipse.jdt.core.compiler.CharOperation.prefixEquals([C[C)Z @ 31 c2
Event: 105.385 Thread 0x0000016fff4d0d80 DEOPT PACKING pc=0x0000016fad1dd248 sp=0x00000004b50fe950
Event: 105.385 Thread 0x0000016fff4d0d80 DEOPT UNPACKING pc=0x0000016fac126da2 sp=0x00000004b50fe858 mode 2
Event: 105.385 Thread 0x0000016fff4d0d80 Uncommon trap: trap_request=0xffffff45 fr.pc=0x0000016fad19f3d8 relative=0x00000000000005b8
Event: 105.385 Thread 0x0000016fff4d0d80 Uncommon trap: reason=unstable_if action=reinterpret pc=0x0000016fad19f3d8 method=org.eclipse.jdt.internal.core.index.DiskIndex.addQueryResult(Lorg/eclipse/jdt/internal/compiler/util/HashtableOfObject;[CLjava/lang/Object;Lorg/eclipse/jdt/internal/core/ind
Event: 105.385 Thread 0x0000016fff4d0d80 DEOPT PACKING pc=0x0000016fad19f3d8 sp=0x00000004b50fe880
Event: 105.385 Thread 0x0000016fff4d0d80 DEOPT UNPACKING pc=0x0000016fac126da2 sp=0x00000004b50fe800 mode 2
Event: 105.386 Thread 0x0000016fff4d0d80 Uncommon trap: trap_request=0xffffff45 fr.pc=0x0000016fad1d4624 relative=0x0000000000000924
Event: 105.386 Thread 0x0000016fff4d0d80 Uncommon trap: reason=unstable_if action=reinterpret pc=0x0000016fad1d4624 method=org.eclipse.jdt.internal.core.index.DiskIndex.readStreamChars(Ljava/io/InputStream;)[C @ 1 c2
Event: 105.386 Thread 0x0000016fff4d0d80 DEOPT PACKING pc=0x0000016fad1d4624 sp=0x00000004b50fe820
Event: 105.386 Thread 0x0000016fff4d0d80 DEOPT UNPACKING pc=0x0000016fac126da2 sp=0x00000004b50fe788 mode 2
Event: 105.386 Thread 0x0000016fff4d0d80 Uncommon trap: trap_request=0xffffff76 fr.pc=0x0000016fad1d90fc relative=0x0000000000002ebc
Event: 105.386 Thread 0x0000016fff4d0d80 Uncommon trap: reason=predicate action=maybe_recompile pc=0x0000016fad1d90fc method=org.eclipse.jdt.internal.core.index.DiskIndex.readChunk([Ljava/lang/String;Ljava/io/InputStream;II)V @ 262 c2
Event: 105.386 Thread 0x0000016fff4d0d80 DEOPT PACKING pc=0x0000016fad1d90fc sp=0x00000004b50fe870
Event: 105.386 Thread 0x0000016fff4d0d80 DEOPT UNPACKING pc=0x0000016fac126da2 sp=0x00000004b50fe878 mode 2

Classes loaded (20 events):
Event: 46.547 Loading class java/util/stream/ReduceOps$4
Event: 46.547 Loading class java/util/stream/ReduceOps$4 done
Event: 46.547 Loading class java/util/stream/ReduceOps$4ReducingSink
Event: 46.549 Loading class java/util/stream/ReduceOps$4ReducingSink done
Event: 46.557 Loading class java/nio/file/Files$2
Event: 46.560 Loading class java/nio/file/Files$2 done
Event: 46.881 Loading class jdk/internal/module/IllegalAccessLogger
Event: 46.881 Loading class jdk/internal/module/IllegalAccessLogger done
Event: 46.922 Loading class java/util/concurrent/ArrayBlockingQueue
Event: 46.923 Loading class java/util/concurrent/ArrayBlockingQueue done
Event: 47.144 Loading class java/util/Hashtable$ValueCollection
Event: 47.145 Loading class java/util/Hashtable$ValueCollection done
Event: 47.153 Loading class java/util/concurrent/ConcurrentHashMap$KeySpliterator
Event: 47.153 Loading class java/util/concurrent/ConcurrentHashMap$KeySpliterator done
Event: 47.480 Loading class jdk/internal/module/IllegalAccessLogger
Event: 47.480 Loading class jdk/internal/module/IllegalAccessLogger done
Event: 50.922 Loading class java/io/CharArrayWriter
Event: 50.923 Loading class java/io/CharArrayWriter done
Event: 50.935 Loading class java/nio/file/attribute/PosixFileAttributes
Event: 50.936 Loading class java/nio/file/attribute/PosixFileAttributes done

Classes unloaded (17 events):
Event: 8.156 Thread 0x0000016fa1a45040 Unloading class 0x0000016fba1b5000 'java/lang/invoke/LambdaForm$MH+0x0000016fba1b5000'
Event: 8.156 Thread 0x0000016fa1a45040 Unloading class 0x0000016fba1b4c00 'java/lang/invoke/LambdaForm$MH+0x0000016fba1b4c00'
Event: 8.156 Thread 0x0000016fa1a45040 Unloading class 0x0000016fba1b4800 'java/lang/invoke/LambdaForm$MH+0x0000016fba1b4800'
Event: 8.156 Thread 0x0000016fa1a45040 Unloading class 0x0000016fba1b4400 'java/lang/invoke/LambdaForm$MH+0x0000016fba1b4400'
Event: 8.156 Thread 0x0000016fa1a45040 Unloading class 0x0000016fba1b4000 'java/lang/invoke/LambdaForm$BMH+0x0000016fba1b4000'
Event: 8.156 Thread 0x0000016fa1a45040 Unloading class 0x0000016fba1b3c00 'java/lang/invoke/LambdaForm$DMH+0x0000016fba1b3c00'
Event: 8.156 Thread 0x0000016fa1a45040 Unloading class 0x0000016fba1b2800 'java/lang/invoke/LambdaForm$DMH+0x0000016fba1b2800'
Event: 11.169 Thread 0x0000016fa1a45040 Unloading class 0x0000016fba2ed400 'java/lang/invoke/LambdaForm$MH+0x0000016fba2ed400'
Event: 11.169 Thread 0x0000016fa1a45040 Unloading class 0x0000016fba2ec800 'java/lang/invoke/LambdaForm$MH+0x0000016fba2ec800'
Event: 11.169 Thread 0x0000016fa1a45040 Unloading class 0x0000016fba2ec000 'java/lang/invoke/LambdaForm$MH+0x0000016fba2ec000'
Event: 11.169 Thread 0x0000016fa1a45040 Unloading class 0x0000016fba2eb800 'java/lang/invoke/LambdaForm$MH+0x0000016fba2eb800'
Event: 11.169 Thread 0x0000016fa1a45040 Unloading class 0x0000016fba2eb000 'java/lang/invoke/LambdaForm$DMH+0x0000016fba2eb000'
Event: 11.169 Thread 0x0000016fa1a45040 Unloading class 0x0000016fba2ea800 'java/lang/invoke/LambdaForm$MH+0x0000016fba2ea800'
Event: 38.780 Thread 0x0000016fa1a45040 Unloading class 0x0000016fba698800 'java/lang/invoke/LambdaForm$DMH+0x0000016fba698800'
Event: 38.780 Thread 0x0000016fa1a45040 Unloading class 0x0000016fba698400 'java/lang/invoke/LambdaForm$DMH+0x0000016fba698400'
Event: 38.780 Thread 0x0000016fa1a45040 Unloading class 0x0000016fba698000 'java/lang/invoke/LambdaForm$DMH+0x0000016fba698000'
Event: 38.780 Thread 0x0000016fa1a45040 Unloading class 0x0000016fba691800 'java/lang/invoke/LambdaForm$DMH+0x0000016fba691800'

Classes redefined (0 events):
No events

Internal exceptions (20 events):
Event: 103.609 Thread 0x0000016f8139ae90 Exception <a 'sun/nio/fs/WindowsException'{0x00000000d563efc0}> (0x00000000d563efc0) 
thrown [s\src\hotspot\share\prims\jni.cpp, line 520]
Event: 103.657 Thread 0x0000016f8139ae90 Exception <a 'sun/nio/fs/WindowsException'{0x00000000d58f8870}> (0x00000000d58f8870) 
thrown [s\src\hotspot\share\prims\jni.cpp, line 520]
Event: 103.699 Thread 0x0000016f8139ae90 Exception <a 'sun/nio/fs/WindowsException'{0x00000000d56778c8}> (0x00000000d56778c8) 
thrown [s\src\hotspot\share\prims\jni.cpp, line 520]
Event: 104.127 Thread 0x0000016f8139ae90 Exception <a 'sun/nio/fs/WindowsException'{0x00000000d5896798}> (0x00000000d5896798) 
thrown [s\src\hotspot\share\prims\jni.cpp, line 520]
Event: 104.150 Thread 0x0000016f8139ae90 Exception <a 'sun/nio/fs/WindowsException'{0x00000000d585c8d8}> (0x00000000d585c8d8) 
thrown [s\src\hotspot\share\prims\jni.cpp, line 520]
Event: 104.163 Thread 0x0000016f8139ae90 Exception <a 'sun/nio/fs/WindowsException'{0x00000000d562da38}> (0x00000000d562da38) 
thrown [s\src\hotspot\share\prims\jni.cpp, line 520]
Event: 104.176 Thread 0x0000016f8139ae90 Exception <a 'sun/nio/fs/WindowsException'{0x00000000d5692398}> (0x00000000d5692398) 
thrown [s\src\hotspot\share\prims\jni.cpp, line 520]
Event: 104.188 Thread 0x0000016f8139ae90 Exception <a 'sun/nio/fs/WindowsException'{0x00000000d57c9d90}> (0x00000000d57c9d90) 
thrown [s\src\hotspot\share\prims\jni.cpp, line 520]
Event: 104.198 Thread 0x0000016f8139ae90 Exception <a 'sun/nio/fs/WindowsException'{0x00000000d58742a8}> (0x00000000d58742a8) 
thrown [s\src\hotspot\share\prims\jni.cpp, line 520]
Event: 104.436 Thread 0x0000016f8139ae90 Exception <a 'sun/nio/fs/WindowsException'{0x00000000d57c24e0}> (0x00000000d57c24e0) 
thrown [s\src\hotspot\share\prims\jni.cpp, line 520]
Event: 104.444 Thread 0x0000016f8139ae90 Exception <a 'sun/nio/fs/WindowsException'{0x00000000d589ed80}> (0x00000000d589ed80) 
thrown [s\src\hotspot\share\prims\jni.cpp, line 520]
Event: 104.581 Thread 0x0000016f8139ae90 Exception <a 'sun/nio/fs/WindowsException'{0x00000000d57a5ee0}> (0x00000000d57a5ee0) 
thrown [s\src\hotspot\share\prims\jni.cpp, line 520]
Event: 104.611 Thread 0x0000016f8139ae90 Exception <a 'sun/nio/fs/WindowsException'{0x00000000d57fe018}> (0x00000000d57fe018) 
thrown [s\src\hotspot\share\prims\jni.cpp, line 520]
Event: 104.647 Thread 0x0000016f8139ae90 Exception <a 'sun/nio/fs/WindowsException'{0x00000000d5644608}> (0x00000000d5644608) 
thrown [s\src\hotspot\share\prims\jni.cpp, line 520]
Event: 104.742 Thread 0x0000016f8139ae90 Exception <a 'sun/nio/fs/WindowsException'{0x00000000d5767fc0}> (0x00000000d5767fc0) 
thrown [s\src\hotspot\share\prims\jni.cpp, line 520]
Event: 104.761 Thread 0x0000016f8139ae90 Exception <a 'sun/nio/fs/WindowsException'{0x00000000d56d6588}> (0x00000000d56d6588) 
thrown [s\src\hotspot\share\prims\jni.cpp, line 520]
Event: 105.326 Thread 0x0000016f80304c30 Exception <a 'sun/nio/fs/WindowsException'{0x00000000d5601088}> (0x00000000d5601088) 
thrown [s\src\hotspot\share\prims\jni.cpp, line 520]
Event: 105.326 Thread 0x0000016f80304c30 Exception <a 'sun/nio/fs/WindowsException'{0x00000000d560bec0}> (0x00000000d560bec0) 
thrown [s\src\hotspot\share\prims\jni.cpp, line 520]
Event: 105.328 Thread 0x0000016f80304c30 Exception <a 'sun/nio/fs/WindowsException'{0x00000000d5668658}> (0x00000000d5668658) 
thrown [s\src\hotspot\share\prims\jni.cpp, line 520]
Event: 105.329 Thread 0x0000016f80304c30 Exception <a 'sun/nio/fs/WindowsException'{0x00000000d566d988}> (0x00000000d566d988) 
thrown [s\src\hotspot\share\prims\jni.cpp, line 520]

ZGC Phase Switch (0 events):
No events

VM Operations (20 events):
Event: 105.263 Executing safepoint VM operation: ParallelGCFailedAllocation (Allocation Failure)
Event: 105.266 Executing safepoint VM operation: ParallelGCFailedAllocation (Allocation Failure) done
Event: 105.279 Executing safepoint VM operation: ParallelGCFailedAllocation (Allocation Failure)
Event: 105.282 Executing safepoint VM operation: ParallelGCFailedAllocation (Allocation Failure) done
Event: 105.296 Executing safepoint VM operation: ParallelGCFailedAllocation (Allocation Failure)
Event: 105.299 Executing safepoint VM operation: ParallelGCFailedAllocation (Allocation Failure) done
Event: 105.317 Executing safepoint VM operation: ParallelGCFailedAllocation (Allocation Failure)
Event: 105.322 Executing safepoint VM operation: ParallelGCFailedAllocation (Allocation Failure) done
Event: 105.333 Executing safepoint VM operation: ParallelGCFailedAllocation (Allocation Failure)
Event: 105.337 Executing safepoint VM operation: ParallelGCFailedAllocation (Allocation Failure) done
Event: 105.346 Executing safepoint VM operation: ParallelGCFailedAllocation (Allocation Failure)
Event: 105.350 Executing safepoint VM operation: ParallelGCFailedAllocation (Allocation Failure) done
Event: 105.353 Executing safepoint VM operation: ParallelGCFailedAllocation (Allocation Failure)
Event: 105.358 Executing safepoint VM operation: ParallelGCFailedAllocation (Allocation Failure) done
Event: 105.361 Executing safepoint VM operation: ParallelGCFailedAllocation (Allocation Failure)
Event: 105.365 Executing safepoint VM operation: ParallelGCFailedAllocation (Allocation Failure) done
Event: 105.369 Executing safepoint VM operation: ParallelGCFailedAllocation (Allocation Failure)
Event: 105.373 Executing safepoint VM operation: ParallelGCFailedAllocation (Allocation Failure) done
Event: 105.378 Executing safepoint VM operation: ParallelGCFailedAllocation (Allocation Failure)
Event: 105.382 Executing safepoint VM operation: ParallelGCFailedAllocation (Allocation Failure) done

Memory protections (0 events):
No events

Nmethod flushes (20 events):
Event: 38.841 Thread 0x0000016fa1a45040 flushing  nmethod 0x0000016fa5564e90
Event: 38.841 Thread 0x0000016fa1a45040 flushing  nmethod 0x0000016fa5565310
Event: 38.841 Thread 0x0000016fa1a45040 flushing  nmethod 0x0000016fa5565890
Event: 38.841 Thread 0x0000016fa1a45040 flushing  nmethod 0x0000016fa5566a90
Event: 38.841 Thread 0x0000016fa1a45040 flushing  nmethod 0x0000016fa5567990
Event: 38.841 Thread 0x0000016fa1a45040 flushing  nmethod 0x0000016fa5567f90
Event: 38.841 Thread 0x0000016fa1a45040 flushing  nmethod 0x0000016fa5568810
Event: 38.841 Thread 0x0000016fa1a45040 flushing  nmethod 0x0000016fa5568d90
Event: 38.841 Thread 0x0000016fa1a45040 flushing  nmethod 0x0000016fa5569110
Event: 38.841 Thread 0x0000016fa1a45040 flushing  nmethod 0x0000016fa5569610
Event: 38.841 Thread 0x0000016fa1a45040 flushing  nmethod 0x0000016fa5569e90
Event: 38.841 Thread 0x0000016fa1a45040 flushing  nmethod 0x0000016fa556a690
Event: 38.841 Thread 0x0000016fa1a45040 flushing  nmethod 0x0000016fa557cb10
Event: 38.841 Thread 0x0000016fa1a45040 flushing  nmethod 0x0000016fa5587d10
Event: 38.841 Thread 0x0000016fa1a45040 flushing  nmethod 0x0000016fa55b0890
Event: 38.841 Thread 0x0000016fa1a45040 flushing  nmethod 0x0000016fa55b0d10
Event: 38.841 Thread 0x0000016fa1a45040 flushing  nmethod 0x0000016fa55c1890
Event: 38.841 Thread 0x0000016fa1a45040 flushing  nmethod 0x0000016fa55c2110
Event: 38.841 Thread 0x0000016fa1a45040 flushing  nmethod 0x0000016fa55c3b90
Event: 38.841 Thread 0x0000016fa1a45040 flushing  nmethod 0x0000016fa55d7f10

Events (20 events):
Event: 49.849 Thread 0x0000016f803052c0 Thread exited: 0x0000016f803052c0
Event: 49.945 Thread 0x0000016f825116b0 Thread exited: 0x0000016f825116b0
Event: 50.141 Thread 0x0000016f80c82290 Thread exited: 0x0000016f80c82290
Event: 50.307 Thread 0x0000016f80c7f9b0 Thread exited: 0x0000016f80c7f9b0
Event: 52.154 Thread 0x0000016f8139a170 Thread added: 0x0000016f80304c30
Event: 52.415 Thread 0x0000016fa193ff50 Thread added: 0x0000016f80c7ec10
Event: 64.608 Thread 0x0000016f80c7ec10 Thread exited: 0x0000016f80c7ec10
Event: 76.744 Thread 0x0000016fa193e4a0 Thread added: 0x0000016f80c7ec10
Event: 77.373 Thread 0x0000016f80c7ec10 Thread exited: 0x0000016f80c7ec10
Event: 84.193 Thread 0x0000016fa193e4a0 Thread added: 0x0000016fff09fec0
Event: 84.497 Thread 0x0000016fff09fec0 Thread exited: 0x0000016fff09fec0
Event: 85.529 Thread 0x0000016fa193ff50 Thread added: 0x0000016fff0a0590
Event: 87.702 Thread 0x0000016fff0a0590 Thread exited: 0x0000016fff0a0590
Event: 88.874 Thread 0x0000016fa193ff50 Thread added: 0x0000016fff09f7f0
Event: 90.676 Thread 0x0000016fff09f7f0 Thread exited: 0x0000016fff09f7f0
Event: 101.278 Thread 0x0000016fa193ff50 Thread added: 0x0000016fff0a1a00
Event: 101.527 Thread 0x0000016fff0a1a00 Thread exited: 0x0000016fff0a1a00
Event: 104.782 Thread 0x0000016fa193ff50 Thread added: 0x0000016fff09f120
Event: 104.782 Thread 0x0000016fa193ff50 Thread added: 0x0000016fff0a0c60
Event: 105.306 Thread 0x0000016fff4d4f20 Thread added: 0x0000016f803052c0


Dynamic libraries:
0x00007ff7dc730000 - 0x00007ff7dc73e000 	c:\Users\taylo\.vscode\extensions\redhat.java-1.54.0-win32-x64\jre\21.0.10-win32-x86_64\bin\java.exe
0x00007ffeb0740000 - 0x00007ffeb09a7000 	C:\WINDOWS\SYSTEM32\ntdll.dll
0x00007ffeae4c0000 - 0x00007ffeae589000 	C:\WINDOWS\System32\KERNEL32.DLL
0x00007ffeae000000 - 0x00007ffeae3f7000 	C:\WINDOWS\System32\KERNELBASE.dll
0x00007ffeaa240000 - 0x00007ffeaa2e0000 	C:\WINDOWS\SYSTEM32\apphelp.dll
0x00007ffead220000 - 0x00007ffead36b000 	C:\WINDOWS\System32\ucrtbase.dll
0x00007ffe7f500000 - 0x00007ffe7f51e000 	c:\Users\taylo\.vscode\extensions\redhat.java-1.54.0-win32-x64\jre\21.0.10-win32-x86_64\bin\VCRUNTIME140.dll
0x00007ffe83240000 - 0x00007ffe83258000 	c:\Users\taylo\.vscode\extensions\redhat.java-1.54.0-win32-x64\jre\21.0.10-win32-x86_64\bin\jli.dll
0x00007ffeaf8c0000 - 0x00007ffeafa86000 	C:\WINDOWS\System32\USER32.dll
0x00007ffe892b0000 - 0x00007ffe89542000 	C:\WINDOWS\WinSxS\amd64_microsoft.windows.common-controls_6595b64144ccf1df_6.0.26100.8457_none_3e0b2faee331e92d\COMCTL32.dll
0x00007ffeadc70000 - 0x00007ffeadc97000 	C:\WINDOWS\System32\win32u.dll
0x00007ffeae5c0000 - 0x00007ffeae669000 	C:\WINDOWS\System32\msvcrt.dll
0x00007ffeb0270000 - 0x00007ffeb029b000 	C:\WINDOWS\System32\GDI32.dll
0x00007ffeadd50000 - 0x00007ffeade7c000 	C:\WINDOWS\System32\gdi32full.dll
0x00007ffeadca0000 - 0x00007ffeadd43000 	C:\WINDOWS\System32\msvcp_win.dll
0x00007ffeaed40000 - 0x00007ffeaed72000 	C:\WINDOWS\System32\IMM32.DLL
0x00007ffe9abf0000 - 0x00007ffe9abfc000 	c:\Users\taylo\.vscode\extensions\redhat.java-1.54.0-win32-x64\jre\21.0.10-win32-x86_64\bin\vcruntime140_1.dll
0x00007ffe5cf60000 - 0x00007ffe5cfed000 	c:\Users\taylo\.vscode\extensions\redhat.java-1.54.0-win32-x64\jre\21.0.10-win32-x86_64\bin\msvcp140.dll
0x00007ffde2350000 - 0x00007ffde30f1000 	c:\Users\taylo\.vscode\extensions\redhat.java-1.54.0-win32-x64\jre\21.0.10-win32-x86_64\bin\server\jvm.dll
0x00007ffeafc70000 - 0x00007ffeafd26000 	C:\WINDOWS\System32\ADVAPI32.dll
0x00007ffeafbc0000 - 0x00007ffeafc67000 	C:\WINDOWS\System32\sechost.dll
0x00007ffeafa90000 - 0x00007ffeafba8000 	C:\WINDOWS\System32\RPCRT4.dll
0x00007ffeaf830000 - 0x00007ffeaf8b0000 	C:\WINDOWS\System32\WS2_32.dll
0x00007ffeacfd0000 - 0x00007ffead02e000 	C:\WINDOWS\SYSTEM32\POWRPROF.dll
0x00007ffe9b060000 - 0x00007ffe9b06b000 	C:\WINDOWS\SYSTEM32\VERSION.dll
0x00007ffeaa3e0000 - 0x00007ffeaa416000 	C:\WINDOWS\SYSTEM32\WINMM.dll
0x00007ffeacfb0000 - 0x00007ffeacfc4000 	C:\WINDOWS\SYSTEM32\UMPDC.dll
0x00007ffeabea0000 - 0x00007ffeabebb000 	C:\WINDOWS\SYSTEM32\kernel.appcore.dll
0x00007ffe7ea70000 - 0x00007ffe7ea7a000 	c:\Users\taylo\.vscode\extensions\redhat.java-1.54.0-win32-x64\jre\21.0.10-win32-x86_64\bin\jimage.dll
0x00007ffeaafe0000 - 0x00007ffeab222000 	C:\WINDOWS\SYSTEM32\DBGHELP.DLL
0x00007ffeb0370000 - 0x00007ffeb06f3000 	C:\WINDOWS\System32\combase.dll
0x00007ffeaf6d0000 - 0x00007ffeaf7a9000 	C:\WINDOWS\System32\OLEAUT32.dll
0x00007ffeaa3a0000 - 0x00007ffeaa3db000 	C:\WINDOWS\SYSTEM32\dbgcore.DLL
0x00007ffead170000 - 0x00007ffead218000 	C:\WINDOWS\System32\bcryptPrimitives.dll
0x00007ffe7d2f0000 - 0x00007ffe7d2ff000 	c:\Users\taylo\.vscode\extensions\redhat.java-1.54.0-win32-x64\jre\21.0.10-win32-x86_64\bin\instrument.dll
0x00007ffe7d2d0000 - 0x00007ffe7d2f0000 	c:\Users\taylo\.vscode\extensions\redhat.java-1.54.0-win32-x64\jre\21.0.10-win32-x86_64\bin\java.dll
0x00007ffeaedb0000 - 0x00007ffeaf51e000 	C:\WINDOWS\System32\SHELL32.dll
0x00007ffead400000 - 0x00007ffeadc6c000 	C:\WINDOWS\System32\windows.storage.dll
0x00007ffeaf530000 - 0x00007ffeaf626000 	C:\WINDOWS\System32\SHCORE.dll
0x00007ffeae670000 - 0x00007ffeae6d6000 	C:\WINDOWS\System32\shlwapi.dll
0x00007ffead090000 - 0x00007ffead0b9000 	C:\WINDOWS\SYSTEM32\profapi.dll
0x00007ffe7c090000 - 0x00007ffe7c0a8000 	c:\Users\taylo\.vscode\extensions\redhat.java-1.54.0-win32-x64\jre\21.0.10-win32-x86_64\bin\zip.dll
0x00007ffe7c080000 - 0x00007ffe7c090000 	C:\Users\taylo\.vscode\extensions\redhat.java-1.54.0-win32-x64\jre\21.0.10-win32-x86_64\bin\net.dll
0x00007ffea3700000 - 0x00007ffea3829000 	C:\WINDOWS\SYSTEM32\WINHTTP.dll
0x00007ffeac470000 - 0x00007ffeac4dc000 	C:\WINDOWS\system32\mswsock.dll
0x00007ffe60830000 - 0x00007ffe60846000 	C:\Users\taylo\.vscode\extensions\redhat.java-1.54.0-win32-x64\jre\21.0.10-win32-x86_64\bin\nio.dll
0x00007ffe7c070000 - 0x00007ffe7c080000 	c:\Users\taylo\.vscode\extensions\redhat.java-1.54.0-win32-x64\jre\21.0.10-win32-x86_64\bin\verify.dll
0x00007ffe19750000 - 0x00007ffe19795000 	C:\Users\taylo\AppData\Roaming\Code\User\globalStorage\redhat.java\1.54.0\config_win\org.eclipse.equinox.launcher\org.eclipse.equinox.launcher.win32.win32.x86_64_1.3.0.v20260203-2149\eclipse_11919.dll
0x00007ffeafd30000 - 0x00007ffeafec7000 	C:\WINDOWS\System32\ole32.dll
0x00007ffe70a70000 - 0x00007ffe70a7a000 	C:\Users\taylo\.vscode\extensions\redhat.java-1.54.0-win32-x64\jre\21.0.10-win32-x86_64\bin\management.dll
0x00007ffe69810000 - 0x00007ffe6981c000 	C:\Users\taylo\.vscode\extensions\redhat.java-1.54.0-win32-x64\jre\21.0.10-win32-x86_64\bin\management_ext.dll
0x00007ffeb0360000 - 0x00007ffeb0368000 	C:\WINDOWS\System32\PSAPI.DLL
0x00007ffeac760000 - 0x00007ffeac77b000 	C:\WINDOWS\SYSTEM32\CRYPTSP.dll
0x00007ffeabe60000 - 0x00007ffeabe99000 	C:\WINDOWS\system32\rsaenh.dll
0x00007ffeac520000 - 0x00007ffeac553000 	C:\WINDOWS\SYSTEM32\USERENV.dll
0x00007ffead060000 - 0x00007ffead08a000 	C:\WINDOWS\SYSTEM32\bcrypt.dll
0x00007ffeac750000 - 0x00007ffeac75c000 	C:\WINDOWS\SYSTEM32\CRYPTBASE.dll
0x00007ffeab9a0000 - 0x00007ffeab9d2000 	C:\WINDOWS\SYSTEM32\IPHLPAPI.DLL
0x00007ffeaf6c0000 - 0x00007ffeaf6ca000 	C:\WINDOWS\System32\NSI.dll
0x00007ffe196b0000 - 0x00007ffe196f9000 	C:\Users\taylo\AppData\Local\Temp\jna-110137903\jna12464516944315511284.dll
0x00007ffea3f20000 - 0x00007ffea3f3d000 	C:\WINDOWS\SYSTEM32\dhcpcsvc6.DLL
0x00007ffea3480000 - 0x00007ffea34a5000 	C:\WINDOWS\SYSTEM32\dhcpcsvc.DLL
0x00007ffe60820000 - 0x00007ffe6082e000 	C:\Users\taylo\.vscode\extensions\redhat.java-1.54.0-win32-x64\jre\21.0.10-win32-x86_64\bin\sunmscapi.dll
0x00007ffeade80000 - 0x00007ffeadff8000 	C:\WINDOWS\System32\CRYPT32.dll
0x00007ffeac970000 - 0x00007ffeac9a0000 	C:\WINDOWS\SYSTEM32\ncrypt.dll
0x00007ffeac920000 - 0x00007ffeac95f000 	C:\WINDOWS\SYSTEM32\NTASN1.dll
0x00007ffeaba80000 - 0x00007ffeabbb2000 	C:\WINDOWS\SYSTEM32\DNSAPI.dll
0x00007ffea1550000 - 0x00007ffea155b000 	C:\Windows\System32\rasadhlp.dll
0x00007ffea3c00000 - 0x00007ffea3c86000 	C:\WINDOWS\System32\fwpuclnt.dll
0x00007ffe60810000 - 0x00007ffe60819000 	C:\Users\taylo\.vscode\extensions\redhat.java-1.54.0-win32-x64\jre\21.0.10-win32-x86_64\bin\extnet.dll

JVMTI agents:
c:\Users\taylo\.vscode\extensions\redhat.java-1.54.0-win32-x64\lombok\lombok-1.18.39-4050.jar path:c:\Users\taylo\.vscode\extensions\redhat.java-1.54.0-win32-x64\jre\21.0.10-win32-x86_64\bin\instrument.dll, loaded, initialized, instrumentlib options:none

dbghelp: loaded successfully - version: 4.0.5 - missing functions: none
symbol engine: initialized successfully - sym options: 0x614 - pdb path: .;c:\Users\taylo\.vscode\extensions\redhat.java-1.54.0-win32-x64\jre\21.0.10-win32-x86_64\bin;C:\WINDOWS\SYSTEM32;C:\WINDOWS\WinSxS\amd64_microsoft.windows.common-controls_6595b64144ccf1df_6.0.26100.8457_none_3e0b2faee331e92d;c:\Users\taylo\.vscode\extensions\redhat.java-1.54.0-win32-x64\jre\21.0.10-win32-x86_64\bin\server;C:\Users\taylo\AppData\Roaming\Code\User\globalStorage\redhat.java\1.54.0\config_win\org.eclipse.equinox.launcher\org.eclipse.equinox.launcher.win32.win32.x86_64_1.3.0.v20260203-2149;C:\Users\taylo\AppData\Local\Temp\jna-110137903

VM Arguments:
jvm_args: --add-modules=ALL-SYSTEM --add-opens=java.base/java.util=ALL-UNNAMED --add-opens=java.base/java.lang=ALL-UNNAMED --add-opens=java.base/sun.nio.fs=ALL-UNNAMED -Declipse.application=org.eclipse.jdt.ls.core.id1 -Dosgi.bundles.defaultStartLevel=4 -Declipse.product=org.eclipse.jdt.ls.core.product -Djava.import.generatesMetadataFilesAtProjectRoot=false -DDetectVMInstallationsJob.disabled=true -Dfile.encoding=utf8 -XX:+UseParallelGC -XX:GCTimeRatio=4 -XX:AdaptiveSizePolicyWeight=90 -Dsun.zip.disableMemoryMapping=true -Xmx2G -Xms100m -Xlog:disable -javaagent:c:\Users\taylo\.vscode\extensions\redhat.java-1.54.0-win32-x64\lombok\lombok-1.18.39-4050.jar -XX:+HeapDumpOnOutOfMemoryError -XX:HeapDumpPath=c:\Users\taylo\AppData\Roaming\Code\User\workspaceStorage\83202137a7a62e7f0926968b5d7ddb10\redhat.java -Daether.dependencyCollector.impl=bf 
java_command: c:\Users\taylo\.vscode\extensions\redhat.java-1.54.0-win32-x64\server\plugins\org.eclipse.equinox.launcher_1.7.100.v20251111-0406.jar -configuration c:\Users\taylo\AppData\Roaming\Code\User\globalStorage\redhat.java\1.54.0\config_win -data c:\Users\taylo\AppData\Roaming\Code\User\workspaceStorage\83202137a7a62e7f0926968b5d7ddb10\redhat.java\jdt_ws --pipe=\\.\pipe\lsp-377cfa335ee0d389420601eca3358941-sock
java_class_path (initial): c:\Users\taylo\.vscode\extensions\redhat.java-1.54.0-win32-x64\server\plugins\org.eclipse.equinox.launcher_1.7.100.v20251111-0406.jar
Launcher Type: SUN_STANDARD

[Global flags]
    uintx AdaptiveSizePolicyWeight                 = 90                                        {product} {command line}
     intx CICompilerCount                          = 4                                         {product} {ergonomic}
    uintx GCTimeRatio                              = 4                                         {product} {command line}
     bool HeapDumpOnOutOfMemoryError               = true                                   {manageable} {command line}
    ccstr HeapDumpPath                             = c:\Users\taylo\AppData\Roaming\Code\User\workspaceStorage\83202137a7a62e7f0926968b5d7ddb10\redhat.java         {manageable} {command line}
   size_t InitialHeapSize                          = 104857600                                 {product} {command line}
   size_t MaxHeapSize                              = 2147483648                                {product} {command line}
   size_t MaxNewSize                               = 715653120                                 {product} {ergonomic}
   size_t MinHeapDeltaBytes                        = 524288                                    {product} {ergonomic}
   size_t MinHeapSize                              = 104857600                                 {product} {command line}
   size_t NewSize                                  = 34603008                                  {product} {ergonomic}
    uintx NonNMethodCodeHeapSize                   = 5839372                                {pd product} {ergonomic}
    uintx NonProfiledCodeHeapSize                  = 122909434                              {pd product} {ergonomic}
   size_t OldSize                                  = 70254592                                  {product} {ergonomic}
    uintx ProfiledCodeHeapSize                     = 122909434                              {pd product} {ergonomic}
    uintx ReservedCodeCacheSize                    = 251658240                              {pd product} {ergonomic}
     bool SegmentedCodeCache                       = true                                      {product} {ergonomic}
   size_t SoftMaxHeapSize                          = 2147483648                             {manageable} {ergonomic}
     bool UseCompressedOops                        = true                           {product lp64_product} {ergonomic}
     bool UseLargePagesIndividualAllocation        = false                                  {pd product} {ergonomic}
     bool UseParallelGC                            = true                                      {product} {command line}

Logging:
Log output configuration:
 #0: stdout all=off uptime,level,tags foldmultilines=false
 #1: stderr all=off uptime,level,tags foldmultilines=false

Release file:
JAVA_VERSION="21.0.10" 
MODULES="java.base java.compiler java.datatransfer java.xml java.prefs java.desktop java.instrument java.logging java.management java.security.sasl java.naming java.rmi java.management.rmi java.net.http java.scripting java.security.jgss java.transaction.xa java.sql java.sql.rowset java.xml.crypto java.se java.smartcardio jdk.accessibility jdk.internal.jvmstat jdk.attach jdk.charsets jdk.internal.opt jdk.zipfs jdk.compiler jdk.crypto.ec jdk.crypto.cryptoki jdk.crypto.mscapi jdk.dynalink jdk.internal.ed jdk.editpad jdk.hotspot.agent jdk.httpserver jdk.internal.le jdk.internal.vm.ci jdk.internal.vm.compiler jdk.internal.vm.compiler.management jdk.jartool jdk.javadoc jdk.jcmd jdk.management jdk.management.agent jdk.jconsole jdk.jdeps jdk.jdwp.agent jdk.jdi jdk.jfr jdk.jshell jdk.jsobject jdk.jstatd jdk.localedata jdk.management.jfr jdk.naming.dns jdk.naming.rmi jdk.net jdk.nio.mapmode jdk.random jdk.sctp jdk.security.auth jdk.security.jgss jdk.unsupported jdk.unsupported.desktop jdk.xml.dom" 

Environment Variables:
JAVA_HOME=C:\Program Files\Java\jdk-24
PATH=C:\Program Files\Common Files\Oracle\Java\javapath;C:\WINDOWS\system32;C:\WINDOWS;C:\WINDOWS\System32\Wbem;C:\WINDOWS\System32\WindowsPowerShell\v1.0\;C:\WINDOWS\System32\OpenSSH\;C:\Program Files\dotnet\;C:\Program Files\Git\cmd;C:\Program Files\nodejs\;C:\Program Files (x86)\PowerShell\7\;%GRADLE_HOME%\bin;%JAVA_HOME%\bin;%MAVEN_HOME%\bin;C:\Program Files\MySQL\MySQL Shell 8.0\bin\;C:\Users\taylo\AppData\Local\Microsoft\WindowsApps;;C:\Users\taylo\AppData\Local\Programs\Microsoft VS Code\bin;C:\Users\taylo\AppData\Roaming\npm;C:\Users\taylo\.dotnet\tools
USERNAME=taylo
OS=Windows_NT
PROCESSOR_IDENTIFIER=Intel64 Family 6 Model 140 Stepping 2, GenuineIntel
TMP=C:\Users\taylo\AppData\Local\Temp
TEMP=C:\Users\taylo\AppData\Local\Temp




Periodic native trim disabled

---------------  S Y S T E M  ---------------

OS:
 Windows 11 , 64 bit Build 26100 (10.0.26100.8328)
OS uptime: 0 days 1:47 hours
Hyper-V role detected

CPU: total 8 (initial active 8) (4 cores per cpu, 2 threads per core) family 6 model 140 stepping 2 microcode 0x3c, cx8, cmov, fxsr, ht, mmx, 3dnowpref, sse, sse2, sse3, ssse3, sse4.1, sse4.2, popcnt, lzcnt, tsc, tscinvbit, avx, avx2, aes, erms, clmul, bmi1, bmi2, adx, avx512f, avx512dq, avx512cd, avx512bw, avx512vl, sha, fma, vzeroupper, avx512_vpopcntdq, avx512_vpclmulqdq, avx512_vaes, avx512_vnni, clflush, clflushopt, clwb, avx512_vbmi2, avx512_vbmi, hv, rdtscp, rdpid, fsrm, gfni, avx512_bitalg, f16c, cet_ibt, cet_ss, avx512_ifma
Processor Information for processor 0
  Max Mhz: 2496, Current Mhz: 998, Mhz Limit: 2496
Processor Information for processor 1
  Max Mhz: 2496, Current Mhz: 998, Mhz Limit: 2496
Processor Information for processor 2
  Max Mhz: 2496, Current Mhz: 998, Mhz Limit: 2496
Processor Information for processor 3
  Max Mhz: 2496, Current Mhz: 998, Mhz Limit: 2496
Processor Information for processor 4
  Max Mhz: 2496, Current Mhz: 2496, Mhz Limit: 2496
Processor Information for processor 5
  Max Mhz: 2496, Current Mhz: 2496, Mhz Limit: 2496
Processor Information for processor 6
  Max Mhz: 2496, Current Mhz: 2496, Mhz Limit: 2496
Processor Information for processor 7
  Max Mhz: 2496, Current Mhz: 998, Mhz Limit: 2496

Memory: 4k page, system-wide physical 7930M (934M free)
TotalPageFile size 16122M (AvailPageFile size 1M)
current process WorkingSet (physical memory assigned to process): 863M, peak: 872M
current process commit charge ("private bytes"): 1071M, peak: 1072M

vm_info: OpenJDK 64-Bit Server VM (21.0.10+7-LTS) for windows-amd64 JRE (21.0.10+7-LTS), built on 2026-01-20T00:00:00Z by "admin" with MS VC++ 17.12 (VS2022)

END.
