#
# There is insufficient memory for the Java Runtime Environment to continue.
# Native memory allocation (malloc) failed to allocate 1048576 bytes. Error detail: AllocateHeap
# Possible reasons:
#   The system is out of physical RAM or swap space
#   This process is running with CompressedOops enabled, and the Java Heap may be blocking the growth of the native heap
# Possible solutions:
#   Reduce memory load on the system
#   Increase physical memory or swap space
#   Check if swap backing store is full
#   Decrease Java heap size (-Xmx/-Xms)
#   Decrease number of Java threads
#   Decrease Java thread stack sizes (-Xss)
#   Set larger code cache with -XX:ReservedCodeCacheSize=
#   JVM is running with Unscaled Compressed Oops mode in which the Java heap is
#     placed in the first 4GB address space. The Java Heap base address is the
#     maximum limit for the native heap growth. Please use -XX:HeapBaseMinAddress
#     to set the Java Heap base and to place the Java Heap above 4GB virtual address.
# This output file may be truncated or incomplete.
#
#  Out of Memory Error (allocation.cpp:44), pid=21892, tid=9040
#
# JRE version: OpenJDK Runtime Environment Temurin-21.0.10+7 (21.0.10+7) (build 21.0.10+7-LTS)
# Java VM: OpenJDK 64-Bit Server VM Temurin-21.0.10+7 (21.0.10+7-LTS, mixed mode, sharing, tiered, compressed oops, compressed class ptrs, parallel gc, windows-amd64)
# No core dump will be written. Minidumps are not enabled by default on client versions of Windows
#

---------------  S U M M A R Y ------------

Command Line: --add-modules=ALL-SYSTEM --add-opens=java.base/java.util=ALL-UNNAMED --add-opens=java.base/java.lang=ALL-UNNAMED --add-opens=java.base/sun.nio.fs=ALL-UNNAMED -Declipse.application=org.eclipse.jdt.ls.core.id1 -Dosgi.bundles.defaultStartLevel=4 -Declipse.product=org.eclipse.jdt.ls.core.product -Djava.import.generatesMetadataFilesAtProjectRoot=false -DDetectVMInstallationsJob.disabled=true -Dfile.encoding=utf8 -XX:+UseParallelGC -XX:GCTimeRatio=4 -XX:AdaptiveSizePolicyWeight=90 -Dsun.zip.disableMemoryMapping=true -Xmx2G -Xms100m -Xlog:disable -javaagent:c:\Users\taylo\.vscode\extensions\redhat.java-1.54.0-win32-x64\lombok\lombok-1.18.39-4050.jar -XX:+HeapDumpOnOutOfMemoryError -XX:HeapDumpPath=c:\Users\taylo\AppData\Roaming\Code\User\workspaceStorage\83202137a7a62e7f0926968b5d7ddb10\redhat.java -Daether.dependencyCollector.impl=bf c:\Users\taylo\.vscode\extensions\redhat.java-1.54.0-win32-x64\server\plugins\org.eclipse.equinox.launcher_1.7.100.v20251111-0406.jar -configuration c:\Users\taylo\AppData\Roaming\Code\User\globalStorage\redhat.java\1.54.0\config_win -data c:\Users\taylo\AppData\Roaming\Code\User\workspaceStorage\83202137a7a62e7f0926968b5d7ddb10\redhat.java\jdt_ws --pipe=\\.\pipe\lsp-77518b12953a16b595c8691a1b400b7e-sock

Host: 11th Gen Intel(R) Core(TM) i5-11320H @ 3.20GHz, 8 cores, 7G,  Windows 11 , 64 bit Build 26100 (10.0.26100.8328)
Time: Tue Jun  2 20:42:18 2026 Hora Padrão de Buenos Aires elapsed time: 1007.246034 seconds (0d 0h 16m 47s)

---------------  T H R E A D  ---------------

Current thread (0x00000292e26e90d0):  JavaThread "Attach Listener" daemon [_thread_in_vm, id=9040, stack(0x000000a1bf800000,0x000000a1bf900000) (1024K)]

Stack: [0x000000a1bf800000,0x000000a1bf900000]
Native frames: (J=compiled Java code, j=interpreted, Vv=VM code, C=native code)
V  [jvm.dll+0x6d7a39]
V  [jvm.dll+0x8b4b26]
V  [jvm.dll+0x8b70de]
V  [jvm.dll+0x8b77c3]
V  [jvm.dll+0x284346]
V  [jvm.dll+0xc1277]
V  [jvm.dll+0x6d82e9]
V  [jvm.dll+0x1334a6]
V  [jvm.dll+0x3f857e]
V  [jvm.dll+0x85f59d]
V  [jvm.dll+0x6d626d]
C  [ucrtbase.dll+0x37b0]
C  [KERNEL32.DLL+0x2e957]
C  [ntdll.dll+0x427c]


---------------  P R O C E S S  ---------------

Threads class SMR info:
_java_thread_list=0x00000292eb683390, length=44, elements={
0x00000292cbc6e230, 0x00000292cbd2a560, 0x00000292e26e3f40, 0x00000292e26e6560,
0x00000292e26e90d0, 0x00000292e26e9b30, 0x00000292e26ea590, 0x00000292e26ef3f0,
0x00000292e8045f70, 0x00000292e81e1320, 0x00000292e824a3a0, 0x00000292e8a23880,
0x00000292e8ac12d0, 0x00000292e8c1a960, 0x00000292e8c210d0, 0x00000292e8f5a830,
0x00000292e95301e0, 0x00000292e81137c0, 0x00000292e8478d70, 0x00000292e847ae40,
0x00000292e84786e0, 0x00000292e988b960, 0x00000292e988c680, 0x00000292e988e0c0,
0x00000292e988f470, 0x00000292e988e750, 0x00000292e988bff0, 0x00000292e988d3a0,
0x00000292e988fb00, 0x00000292e988da30, 0x00000292e988ede0, 0x00000292e9890190,
0x00000292e988cd10, 0x00000292ec9cddc0, 0x00000292ec9ce450, 0x00000292ec9ceae0,
0x00000292ec9cd0a0, 0x00000292ec9cd730, 0x00000292ec9cbcf0, 0x00000292ec9cf800,
0x00000292ec9cc380, 0x00000292ec9cf170, 0x00000292ec9d0520, 0x00000292e9892f80
}

Java Threads: ( => current thread )
  0x00000292cbc6e230 JavaThread "main"                              [_thread_blocked, id=17836, stack(0x000000a1bf100000,0x000000a1bf200000) (1024K)]
  0x00000292cbd2a560 JavaThread "Reference Handler"          daemon [_thread_blocked, id=15688, stack(0x000000a1bf500000,0x000000a1bf600000) (1024K)]
  0x00000292e26e3f40 JavaThread "Finalizer"                  daemon [_thread_blocked, id=15560, stack(0x000000a1bf600000,0x000000a1bf700000) (1024K)]
  0x00000292e26e6560 JavaThread "Signal Dispatcher"          daemon [_thread_blocked, id=16024, stack(0x000000a1bf700000,0x000000a1bf800000) (1024K)]
=>0x00000292e26e90d0 JavaThread "Attach Listener"            daemon [_thread_in_vm, id=9040, stack(0x000000a1bf800000,0x000000a1bf900000) (1024K)]
  0x00000292e26e9b30 JavaThread "Service Thread"             daemon [_thread_blocked, id=21088, stack(0x000000a1bf900000,0x000000a1bfa00000) (1024K)]
  0x00000292e26ea590 JavaThread "Monitor Deflation Thread"   daemon [_thread_blocked, id=22232, stack(0x000000a1bfa00000,0x000000a1bfb00000) (1024K)]
  0x00000292e26ef3f0 JavaThread "C2 CompilerThread0"         daemon [_thread_blocked, id=7716, stack(0x000000a1bfb00000,0x000000a1bfc00000) (1024K)]
  0x00000292e8045f70 JavaThread "C1 CompilerThread0"         daemon [_thread_blocked, id=3560, stack(0x000000a1bfc00000,0x000000a1bfd00000) (1024K)]
  0x00000292e81e1320 JavaThread "Common-Cleaner"             daemon [_thread_blocked, id=11080, stack(0x000000a1bfd00000,0x000000a1bfe00000) (1024K)]
  0x00000292e824a3a0 JavaThread "Notification Thread"        daemon [_thread_blocked, id=6824, stack(0x000000a1bfe00000,0x000000a1bff00000) (1024K)]
  0x00000292e8a23880 JavaThread "Active Thread: Equinox Container: 3bdcec5b-cceb-4b07-bdfb-63276ea09aa0"        [_thread_blocked, id=15884, stack(0x000000a1c0600000,0x000000a1c0700000) (1024K)]
  0x00000292e8ac12d0 JavaThread "Refresh Thread: Equinox Container: 3bdcec5b-cceb-4b07-bdfb-63276ea09aa0" daemon [_thread_blocked, id=16964, stack(0x000000a1c0800000,0x000000a1c0900000) (1024K)]
  0x00000292e8c1a960 JavaThread "Framework Event Dispatcher: Equinox Container: 3bdcec5b-cceb-4b07-bdfb-63276ea09aa0" daemon [_thread_blocked, id=6468, stack(0x000000a1c0500000,0x000000a1c0600000) (1024K)]
  0x00000292e8c210d0 JavaThread "Start Level: Equinox Container: 3bdcec5b-cceb-4b07-bdfb-63276ea09aa0" daemon [_thread_blocked, id=17880, stack(0x000000a1c0900000,0x000000a1c0a00000) (1024K)]
  0x00000292e8f5a830 JavaThread "Bundle File Closer"         daemon [_thread_blocked, id=1704, stack(0x000000a1c0a00000,0x000000a1c0b00000) (1024K)]
  0x00000292e95301e0 JavaThread "SCR Component Actor"        daemon [_thread_blocked, id=4788, stack(0x000000a1c0b00000,0x000000a1c0c00000) (1024K)]
  0x00000292e81137c0 JavaThread "Worker-JM"                         [_thread_blocked, id=16312, stack(0x000000a1c0c00000,0x000000a1c0d00000) (1024K)]
  0x00000292e8478d70 JavaThread "JNA Cleaner"                daemon [_thread_blocked, id=7940, stack(0x000000a1c0d00000,0x000000a1c0e00000) (1024K)]
  0x00000292e847ae40 JavaThread "Java indexing"              daemon [_thread_blocked, id=9544, stack(0x000000a1c1300000,0x000000a1c1400000) (1024K)]
  0x00000292e84786e0 JavaThread "Worker-4"                          [_thread_blocked, id=12772, stack(0x000000a1c1700000,0x000000a1c1800000) (1024K)]
  0x00000292e988b960 JavaThread "Thread-1"                   daemon [_thread_in_native, id=19200, stack(0x000000a1c1800000,0x000000a1c1900000) (1024K)]
  0x00000292e988c680 JavaThread "Thread-2"                   daemon [_thread_in_native, id=20228, stack(0x000000a1c1900000,0x000000a1c1a00000) (1024K)]
  0x00000292e988e0c0 JavaThread "Thread-3"                   daemon [_thread_in_native, id=13108, stack(0x000000a1c1a00000,0x000000a1c1b00000) (1024K)]
  0x00000292e988f470 JavaThread "Thread-4"                   daemon [_thread_in_native, id=10612, stack(0x000000a1c1b00000,0x000000a1c1c00000) (1024K)]
  0x00000292e988e750 JavaThread "Thread-5"                   daemon [_thread_in_native, id=20880, stack(0x000000a1c1c00000,0x000000a1c1d00000) (1024K)]
  0x00000292e988bff0 JavaThread "Thread-6"                   daemon [_thread_in_native, id=20740, stack(0x000000a1c1d00000,0x000000a1c1e00000) (1024K)]
  0x00000292e988d3a0 JavaThread "Thread-7"                   daemon [_thread_in_native, id=17672, stack(0x000000a1c1e00000,0x000000a1c1f00000) (1024K)]
  0x00000292e988fb00 JavaThread "Thread-8"                   daemon [_thread_in_native, id=4980, stack(0x000000a1c1f00000,0x000000a1c2000000) (1024K)]
  0x00000292e988da30 JavaThread "Thread-9"                   daemon [_thread_in_native, id=16364, stack(0x000000a1c2000000,0x000000a1c2100000) (1024K)]
  0x00000292e988ede0 JavaThread "pool-2-thread-1"                   [_thread_blocked, id=17024, stack(0x000000a1c2100000,0x000000a1c2200000) (1024K)]
  0x00000292e9890190 JavaThread "WorkspaceEventsHandler"            [_thread_blocked, id=22700, stack(0x000000a1c2200000,0x000000a1c2300000) (1024K)]
  0x00000292e988cd10 JavaThread "pool-1-thread-1"                   [_thread_blocked, id=22704, stack(0x000000a1c2300000,0x000000a1c2400000) (1024K)]
  0x00000292ec9cddc0 JavaThread "Cleaner-0"                  daemon [_thread_blocked, id=23204, stack(0x000000a1c1200000,0x000000a1c1300000) (1024K)]
  0x00000292ec9ce450 JavaThread "ForkJoinPool.commonPool-worker-8" daemon [_thread_blocked, id=23540, stack(0x000000a1bee00000,0x000000a1bef00000) (1024K)]
  0x00000292ec9ceae0 JavaThread "ForkJoinPool.commonPool-worker-9" daemon [_thread_blocked, id=23140, stack(0x000000a1bef00000,0x000000a1bf000000) (1024K)]
  0x00000292ec9cd0a0 JavaThread "ForkJoinPool.commonPool-worker-10" daemon [_thread_blocked, id=2788, stack(0x000000a1bf000000,0x000000a1bf100000) (1024K)]
  0x00000292ec9cd730 JavaThread "ForkJoinPool.commonPool-worker-11" daemon [_thread_blocked, id=19196, stack(0x000000a1c0e00000,0x000000a1c0f00000) (1024K)]
  0x00000292ec9cbcf0 JavaThread "ForkJoinPool.commonPool-worker-13" daemon [_thread_blocked, id=12200, stack(0x000000a1c1100000,0x000000a1c1200000) (1024K)]
  0x00000292ec9cf800 JavaThread "ForkJoinPool.commonPool-worker-14" daemon [_thread_blocked, id=17040, stack(0x000000a1c1400000,0x000000a1c1500000) (1024K)]
  0x00000292ec9cc380 JavaThread "Worker-5"                          [_thread_blocked, id=6944, stack(0x000000a1c1500000,0x000000a1c1600000) (1024K)]
  0x00000292ec9cf170 JavaThread "ForkJoinPool.commonPool-worker-15" daemon [_thread_blocked, id=14216, stack(0x000000a1c1600000,0x000000a1c1700000) (1024K)]
  0x00000292ec9d0520 JavaThread "pool-1-thread-2"                   [_thread_blocked, id=23208, stack(0x000000a1c2400000,0x000000a1c2500000) (1024K)]
  0x00000292e9892f80 JavaThread "Worker-6: Publish Diagnostics"        [_thread_blocked, id=23580, stack(0x000000a1c0f00000,0x000000a1c1000000) (1024K)]
Total: 44

Other Threads:
  0x00000292e26e2d60 VMThread "VM Thread"                           [id=13480, stack(0x000000a1bf400000,0x000000a1bf500000) (1024K)] _threads_hazard_ptr=0x00000292eb683390
  0x00000292e25fc950 WatcherThread "VM Periodic Task Thread"        [id=15520, stack(0x000000a1bf300000,0x000000a1bf400000) (1024K)]
  0x00000292cbc8b940 WorkerThread "GC Thread#0"                     [id=15964, stack(0x000000a1bf200000,0x000000a1bf300000) (1024K)]
  0x00000292e8d1a200 WorkerThread "GC Thread#1"                     [id=15540, stack(0x000000a1bff00000,0x000000a1c0000000) (1024K)]
  0x00000292e88ceee0 WorkerThread "GC Thread#2"                     [id=15112, stack(0x000000a1c0000000,0x000000a1c0100000) (1024K)]
  0x00000292e88cf290 WorkerThread "GC Thread#3"                     [id=16980, stack(0x000000a1c0100000,0x000000a1c0200000) (1024K)]
  0x00000292e88cf640 WorkerThread "GC Thread#4"                     [id=20436, stack(0x000000a1c0200000,0x000000a1c0300000) (1024K)]
  0x00000292e85ad3e0 WorkerThread "GC Thread#5"                     [id=2992, stack(0x000000a1c0300000,0x000000a1c0400000) (1024K)]
  0x00000292e85ad790 WorkerThread "GC Thread#6"                     [id=2792, stack(0x000000a1c0400000,0x000000a1c0500000) (1024K)]
  0x00000292e89cbbc0 WorkerThread "GC Thread#7"                     [id=19028, stack(0x000000a1c0700000,0x000000a1c0800000) (1024K)]
Total: 10

Threads with active compile tasks:
C2 CompilerThread0  1007267 20364       4       org.eclipse.jdt.internal.core.JavaElementDeltaBuilder::recordElementInfo (207 bytes)
Total: 1

VM state: synchronizing (normal execution)

VM Mutex/Monitor currently owned by a thread:  ([mutex/lock_event])
[0x00007ffe739ae560] Threads_lock - owner thread: 0x00000292e26e2d60
[0x00007ffe739ae660] Heap_lock - owner thread: 0x00000292e9892f80

Heap address: 0x0000000080000000, size: 2048 MB, Compressed Oops mode: 32-bit

CDS archive(s) mapped at: [0x0000029280000000-0x0000029280ba0000-0x0000029280ba0000), size 12189696, SharedBaseAddress: 0x0000029280000000, ArchiveRelocationMode: 1.
Compressed class space mapped at: 0x0000029281000000-0x00000292c1000000, reserved size: 1073741824
Narrow klass base: 0x0000029280000000, Narrow klass shift: 0, Narrow klass range: 0x100000000

GC Precious Log:
 CardTable entry size: 512
 CPUs: 8 total, 8 available
 Memory: 7930M
 Large Page Support: Disabled
 NUMA Support: Disabled
 Compressed Oops: Enabled (32-bit)
 Alignments: Space 512K, Generation 512K, Heap 2M
 Heap Min Capacity: 100M
 Heap Initial Capacity: 100M
 Heap Max Capacity: 2G
 Pre-touch: Disabled
 Parallel Workers: 8

Heap:
 PSYoungGen      total 5120K, used 4896K [0x00000000d5580000, 0x00000000d5c00000, 0x0000000100000000)
  eden space 4608K, 100% used [0x00000000d5580000,0x00000000d5a00000,0x00000000d5a00000)
  from space 512K, 56% used [0x00000000d5a00000,0x00000000d5a48000,0x00000000d5a80000)
  to   space 1024K, 0% used [0x00000000d5b00000,0x00000000d5b00000,0x00000000d5c00000)
 ParOldGen       total 859648K, used 859295K [0x0000000080000000, 0x00000000b4780000, 0x00000000d5580000)
  object space 859648K, 99% used [0x0000000080000000,0x00000000b4727de8,0x00000000b4780000)
 Metaspace       used 85107K, committed 86848K, reserved 1179648K
  class space    used 8678K, committed 9472K, reserved 1048576K

Card table byte_map: [0x00000292cb610000,0x00000292cba20000] _byte_map_base: 0x00000292cb210000

Marking Bits: (ParMarkBitMap*) 0x00007ffe739b3450
 Begin Bits: [0x00000292de120000, 0x00000292e0120000)
 End Bits:   [0x00000292e0120000, 0x00000292e2120000)

Polling page: 0x00000292c9b00000

Metaspace:

Usage:
  Non-class:     74.64 MB used.
      Class:      8.48 MB used.
       Both:     83.11 MB used.

Virtual space:
  Non-class space:      128.00 MB reserved,      75.56 MB ( 59%) committed,  2 nodes.
      Class space:        1.00 GB reserved,       9.25 MB ( <1%) committed,  1 nodes.
             Both:        1.12 GB reserved,      84.81 MB (  7%) committed. 

Chunk freelists:
   Non-Class:  4.34 MB
       Class:  6.77 MB
        Both:  11.11 MB

MaxMetaspaceSize: unlimited
CompressedClassSpaceSize: 1.00 GB
Initial GC threshold: 21.00 MB
Current GC threshold: 135.25 MB
CDS: on
 - commit_granule_bytes: 65536.
 - commit_granule_words: 8192.
 - virtual_space_node_default_size: 8388608.
 - enlarge_chunks_in_place: 1.
 - use_allocation_guard: 0.


Internal statistics:

num_allocs_failed_limit: 9.
num_arena_births: 1628.
num_arena_deaths: 14.
num_vsnodes_births: 3.
num_vsnodes_deaths: 0.
num_space_committed: 1357.
num_space_uncommitted: 0.
num_chunks_returned_to_freelist: 23.
num_chunks_taken_from_freelist: 5820.
num_chunk_merges: 15.
num_chunk_splits: 3476.
num_chunks_enlarged: 1820.
num_inconsistent_stats: 0.

CodeHeap 'non-profiled nmethods': size=120000Kb used=20561Kb max_used=20561Kb free=99438Kb
 bounds [0x00000292d6940000, 0x00000292d7d60000, 0x00000292dde70000]
CodeHeap 'profiled nmethods': size=120000Kb used=46652Kb max_used=46652Kb free=73347Kb
 bounds [0x00000292cee70000, 0x00000292d1c00000, 0x00000292d63a0000]
CodeHeap 'non-nmethods': size=5760Kb used=1514Kb max_used=1680Kb free=4245Kb
 bounds [0x00000292d63a0000, 0x00000292d6610000, 0x00000292d6940000]
CodeCache: size=245760Kb, used=68727Kb, max_used=68893Kb, free=177030Kb
 total_blobs=19549, nmethods=18724, adapters=728, full_count=0
Compilation: enabled, stopped_count=0, restarted_count=0

Compilation events (20 events):
Event: 1006.336 Thread 0x00000292e26ef3f0 nmethod 20354 0x00000292d7d4b390 code [0x00000292d7d4b520, 0x00000292d7d4b5e8]
Event: 1006.338 Thread 0x00000292e26ef3f0 20355       4       lombok.core.handlers.HandlerUtil::toGetterName (15 bytes)
Event: 1006.338 Thread 0x00000292e26ef3f0 nmethod 20355 0x00000292d7d4b710 code [0x00000292d7d4b8a0, 0x00000292d7d4b950]
Event: 1006.341 Thread 0x00000292e26ef3f0 20356   !   4       org.eclipse.jdt.internal.compiler.problem.ProblemHandler::handle (440 bytes)
Event: 1006.349 Thread 0x00000292e26ef3f0 nmethod 20356 0x00000292d7d4ba10 code [0x00000292d7d4bc60, 0x00000292d7d4c8a8]
Event: 1006.349 Thread 0x00000292e26ef3f0 20357       4       lombok.eclipse.EclipseAST::buildMethods (53 bytes)
Event: 1006.355 Thread 0x00000292e26ef3f0 nmethod 20357 0x00000292d7d4d490 code [0x00000292d7d4d660, 0x00000292d7d4dba0]
Event: 1006.355 Thread 0x00000292e26ef3f0 20358       4       org.eclipse.jdt.internal.compiler.codegen.CharArrayCache::rehash (86 bytes)
Event: 1006.361 Thread 0x00000292e26ef3f0 nmethod 20358 0x00000292d7d4df90 code [0x00000292d7d4e1a0, 0x00000292d7d4ecf0]
Event: 1006.361 Thread 0x00000292e26ef3f0 20359   !   4       org.eclipse.jdt.core.dom.ASTConverter::setModifiers (433 bytes)
Event: 1006.389 Thread 0x00000292e26ef3f0 nmethod 20359 0x00000292d7d4f190 code [0x00000292d7d4f7a0, 0x00000292d7d51f98]
Event: 1006.389 Thread 0x00000292e26ef3f0 20360       4       org.eclipse.core.internal.resources.Resource::getProjectRelativePath (11 bytes)
Event: 1006.395 Thread 0x00000292e26ef3f0 nmethod 20360 0x00000292d7d53590 code [0x00000292d7d53740, 0x00000292d7d53ac8]
Event: 1006.406 Thread 0x00000292e26ef3f0 20361       4       java.lang.invoke.LambdaForm$MH/0x0000029281784c00::invoke (63 bytes)
Event: 1006.408 Thread 0x00000292e26ef3f0 nmethod 20361 0x00000292d7d53d10 code [0x00000292d7d53ea0, 0x00000292d7d53fb0]
Event: 1006.413 Thread 0x00000292e8045f70 20362       1       org.eclipse.jdt.ls.core.internal.contentassist.SnippetCompletionProposal$SnippetCompletionContext::getCompletionContext (5 bytes)
Event: 1006.413 Thread 0x00000292e8045f70 nmethod 20362 0x00000292d7d54190 code [0x00000292d7d54320, 0x00000292d7d543e8]
Event: 1006.418 Thread 0x00000292e8045f70 20363       3       org.eclipse.lsp4j.jsonrpc.json.adapters.EitherTypeAdapter$EitherTypeArgument::isAssignable (11 bytes)
Event: 1006.418 Thread 0x00000292e8045f70 nmethod 20363 0x00000292d1bfee90 code [0x00000292d1bff040, 0x00000292d1bff218]
Event: 1006.824 Thread 0x00000292e26ef3f0 20364       4       org.eclipse.jdt.internal.core.JavaElementDeltaBuilder::recordElementInfo (207 bytes)

GC Heap History (20 events):
Event: 1006.104 GC heap before
{Heap before GC invocations=1284 (full 4):
 PSYoungGen      total 5632K, used 5504K [0x00000000d5580000, 0x00000000d5c80000, 0x0000000100000000)
  eden space 5120K, 100% used [0x00000000d5580000,0x00000000d5a80000,0x00000000d5a80000)
  from space 512K, 75% used [0x00000000d5b80000,0x00000000d5be0000,0x00000000d5c00000)
  to   space 512K, 0% used [0x00000000d5c00000,0x00000000d5c00000,0x00000000d5c80000)
 ParOldGen       total 854528K, used 854022K [0x0000000080000000, 0x00000000b4280000, 0x00000000d5580000)
  object space 854528K, 99% used [0x0000000080000000,0x00000000b4201968,0x00000000b4280000)
 Metaspace       used 85096K, committed 86848K, reserved 1179648K
  class space    used 8676K, committed 9472K, reserved 1048576K
}
Event: 1006.106 GC heap after
{Heap after GC invocations=1284 (full 4):
 PSYoungGen      total 5632K, used 512K [0x00000000d5580000, 0x00000000d5d80000, 0x0000000100000000)
  eden space 5120K, 0% used [0x00000000d5580000,0x00000000d5580000,0x00000000d5a80000)
  from space 512K, 100% used [0x00000000d5c00000,0x00000000d5c80000,0x00000000d5c80000)
  to   space 1536K, 0% used [0x00000000d5a80000,0x00000000d5a80000,0x00000000d5c00000)
 ParOldGen       total 855040K, used 854854K [0x0000000080000000, 0x00000000b4300000, 0x00000000d5580000)
  object space 855040K, 99% used [0x0000000080000000,0x00000000b42d1880,0x00000000b4300000)
 Metaspace       used 85096K, committed 86848K, reserved 1179648K
  class space    used 8676K, committed 9472K, reserved 1048576K
}
Event: 1006.218 GC heap before
{Heap before GC invocations=1285 (full 4):
 PSYoungGen      total 5632K, used 5632K [0x00000000d5580000, 0x00000000d5d80000, 0x0000000100000000)
  eden space 5120K, 100% used [0x00000000d5580000,0x00000000d5a80000,0x00000000d5a80000)
  from space 512K, 100% used [0x00000000d5c00000,0x00000000d5c80000,0x00000000d5c80000)
  to   space 1536K, 0% used [0x00000000d5a80000,0x00000000d5a80000,0x00000000d5c00000)
 ParOldGen       total 855040K, used 854854K [0x0000000080000000, 0x00000000b4300000, 0x00000000d5580000)
  object space 855040K, 99% used [0x0000000080000000,0x00000000b42d1880,0x00000000b4300000)
 Metaspace       used 85105K, committed 86848K, reserved 1179648K
  class space    used 8678K, committed 9472K, reserved 1048576K
}
Event: 1006.220 GC heap after
{Heap after GC invocations=1285 (full 4):
 PSYoungGen      total 5632K, used 256K [0x00000000d5580000, 0x00000000d5c80000, 0x0000000100000000)
  eden space 5120K, 0% used [0x00000000d5580000,0x00000000d5580000,0x00000000d5a80000)
  from space 512K, 50% used [0x00000000d5a80000,0x00000000d5ac0000,0x00000000d5b00000)
  to   space 1024K, 0% used [0x00000000d5b80000,0x00000000d5b80000,0x00000000d5c80000)
 ParOldGen       total 855552K, used 855394K [0x0000000080000000, 0x00000000b4380000, 0x00000000d5580000)
  object space 855552K, 99% used [0x0000000080000000,0x00000000b4358b10,0x00000000b4380000)
 Metaspace       used 85105K, committed 86848K, reserved 1179648K
  class space    used 8678K, committed 9472K, reserved 1048576K
}
Event: 1006.283 GC heap before
{Heap before GC invocations=1286 (full 4):
 PSYoungGen      total 5632K, used 5376K [0x00000000d5580000, 0x00000000d5c80000, 0x0000000100000000)
  eden space 5120K, 100% used [0x00000000d5580000,0x00000000d5a80000,0x00000000d5a80000)
  from space 512K, 50% used [0x00000000d5a80000,0x00000000d5ac0000,0x00000000d5b00000)
  to   space 1024K, 0% used [0x00000000d5b80000,0x00000000d5b80000,0x00000000d5c80000)
 ParOldGen       total 855552K, used 855394K [0x0000000080000000, 0x00000000b4380000, 0x00000000d5580000)
  object space 855552K, 99% used [0x0000000080000000,0x00000000b4358b10,0x00000000b4380000)
 Metaspace       used 85106K, committed 86848K, reserved 1179648K
  class space    used 8678K, committed 9472K, reserved 1048576K
}
Event: 1006.285 GC heap after
{Heap after GC invocations=1286 (full 4):
 PSYoungGen      total 5632K, used 410K [0x00000000d5580000, 0x00000000d5c00000, 0x0000000100000000)
  eden space 5120K, 0% used [0x00000000d5580000,0x00000000d5580000,0x00000000d5a80000)
  from space 512K, 80% used [0x00000000d5b80000,0x00000000d5be6900,0x00000000d5c00000)
  to   space 512K, 0% used [0x00000000d5a80000,0x00000000d5a80000,0x00000000d5b00000)
 ParOldGen       total 855552K, used 855506K [0x0000000080000000, 0x00000000b4380000, 0x00000000d5580000)
  object space 855552K, 99% used [0x0000000080000000,0x00000000b4374b10,0x00000000b4380000)
 Metaspace       used 85106K, committed 86848K, reserved 1179648K
  class space    used 8678K, committed 9472K, reserved 1048576K
}
Event: 1006.333 GC heap before
{Heap before GC invocations=1287 (full 4):
 PSYoungGen      total 5632K, used 5530K [0x00000000d5580000, 0x00000000d5c00000, 0x0000000100000000)
  eden space 5120K, 99% used [0x00000000d5580000,0x00000000d5a7ffd0,0x00000000d5a80000)
  from space 512K, 80% used [0x00000000d5b80000,0x00000000d5be6900,0x00000000d5c00000)
  to   space 512K, 0% used [0x00000000d5a80000,0x00000000d5a80000,0x00000000d5b00000)
 ParOldGen       total 855552K, used 855506K [0x0000000080000000, 0x00000000b4380000, 0x00000000d5580000)
  object space 855552K, 99% used [0x0000000080000000,0x00000000b4374b10,0x00000000b4380000)
 Metaspace       used 85107K, committed 86848K, reserved 1179648K
  class space    used 8678K, committed 9472K, reserved 1048576K
}
Event: 1006.335 GC heap after
{Heap after GC invocations=1287 (full 4):
 PSYoungGen      total 5632K, used 484K [0x00000000d5580000, 0x00000000d5d80000, 0x0000000100000000)
  eden space 5120K, 0% used [0x00000000d5580000,0x00000000d5580000,0x00000000d5a80000)
  from space 512K, 94% used [0x00000000d5a80000,0x00000000d5af9210,0x00000000d5b00000)
  to   space 1536K, 0% used [0x00000000d5c00000,0x00000000d5c00000,0x00000000d5d80000)
 ParOldGen       total 856064K, used 855967K [0x0000000080000000, 0x00000000b4400000, 0x00000000d5580000)
  object space 856064K, 99% used [0x0000000080000000,0x00000000b43e7d30,0x00000000b4400000)
 Metaspace       used 85107K, committed 86848K, reserved 1179648K
  class space    used 8678K, committed 9472K, reserved 1048576K
}
Event: 1006.343 GC heap before
{Heap before GC invocations=1288 (full 4):
 PSYoungGen      total 5632K, used 5604K [0x00000000d5580000, 0x00000000d5d80000, 0x0000000100000000)
  eden space 5120K, 100% used [0x00000000d5580000,0x00000000d5a80000,0x00000000d5a80000)
  from space 512K, 94% used [0x00000000d5a80000,0x00000000d5af9210,0x00000000d5b00000)
  to   space 1536K, 0% used [0x00000000d5c00000,0x00000000d5c00000,0x00000000d5d80000)
 ParOldGen       total 856064K, used 855967K [0x0000000080000000, 0x00000000b4400000, 0x00000000d5580000)
  object space 856064K, 99% used [0x0000000080000000,0x00000000b43e7d30,0x00000000b4400000)
 Metaspace       used 85107K, committed 86848K, reserved 1179648K
  class space    used 8678K, committed 9472K, reserved 1048576K
}
Event: 1006.344 GC heap after
{Heap after GC invocations=1288 (full 4):
 PSYoungGen      total 5632K, used 416K [0x00000000d5580000, 0x00000000d5c80000, 0x0000000100000000)
  eden space 5120K, 0% used [0x00000000d5580000,0x00000000d5580000,0x00000000d5a80000)
  from space 512K, 81% used [0x00000000d5c00000,0x00000000d5c68000,0x00000000d5c80000)
  to   space 1024K, 0% used [0x00000000d5a80000,0x00000000d5a80000,0x00000000d5b80000)
 ParOldGen       total 856576K, used 856480K [0x0000000080000000, 0x00000000b4480000, 0x00000000d5580000)
  object space 856576K, 99% used [0x0000000080000000,0x00000000b44681d0,0x00000000b4480000)
 Metaspace       used 85107K, committed 86848K, reserved 1179648K
  class space    used 8678K, committed 9472K, reserved 1048576K
}
Event: 1006.351 GC heap before
{Heap before GC invocations=1289 (full 4):
 PSYoungGen      total 5632K, used 5536K [0x00000000d5580000, 0x00000000d5c80000, 0x0000000100000000)
  eden space 5120K, 100% used [0x00000000d5580000,0x00000000d5a80000,0x00000000d5a80000)
  from space 512K, 81% used [0x00000000d5c00000,0x00000000d5c68000,0x00000000d5c80000)
  to   space 1024K, 0% used [0x00000000d5a80000,0x00000000d5a80000,0x00000000d5b80000)
 ParOldGen       total 856576K, used 856480K [0x0000000080000000, 0x00000000b4480000, 0x00000000d5580000)
  object space 856576K, 99% used [0x0000000080000000,0x00000000b44681d0,0x00000000b4480000)
 Metaspace       used 85107K, committed 86848K, reserved 1179648K
  class space    used 8678K, committed 9472K, reserved 1048576K
}
Event: 1006.353 GC heap after
{Heap after GC invocations=1289 (full 4):
 PSYoungGen      total 6144K, used 896K [0x00000000d5580000, 0x00000000d5c80000, 0x0000000100000000)
  eden space 5120K, 0% used [0x00000000d5580000,0x00000000d5580000,0x00000000d5a80000)
  from space 1024K, 87% used [0x00000000d5a80000,0x00000000d5b60000,0x00000000d5b80000)
  to   space 1024K, 0% used [0x00000000d5b80000,0x00000000d5b80000,0x00000000d5c80000)
 ParOldGen       total 857088K, used 856712K [0x0000000080000000, 0x00000000b4500000, 0x00000000d5580000)
  object space 857088K, 99% used [0x0000000080000000,0x00000000b44a21f0,0x00000000b4500000)
 Metaspace       used 85107K, committed 86848K, reserved 1179648K
  class space    used 8678K, committed 9472K, reserved 1048576K
}
Event: 1006.390 GC heap before
{Heap before GC invocations=1290 (full 4):
 PSYoungGen      total 6144K, used 6015K [0x00000000d5580000, 0x00000000d5c80000, 0x0000000100000000)
  eden space 5120K, 99% used [0x00000000d5580000,0x00000000d5a7fff8,0x00000000d5a80000)
  from space 1024K, 87% used [0x00000000d5a80000,0x00000000d5b60000,0x00000000d5b80000)
  to   space 1024K, 0% used [0x00000000d5b80000,0x00000000d5b80000,0x00000000d5c80000)
 ParOldGen       total 857088K, used 856712K [0x0000000080000000, 0x00000000b4500000, 0x00000000d5580000)
  object space 857088K, 99% used [0x0000000080000000,0x00000000b44a21f0,0x00000000b4500000)
 Metaspace       used 85107K, committed 86848K, reserved 1179648K
  class space    used 8678K, committed 9472K, reserved 1048576K
}
Event: 1006.393 GC heap after
{Heap after GC invocations=1290 (full 4):
 PSYoungGen      total 6144K, used 756K [0x00000000d5580000, 0x00000000d5c80000, 0x0000000100000000)
  eden space 5120K, 0% used [0x00000000d5580000,0x00000000d5580000,0x00000000d5a80000)
  from space 1024K, 73% used [0x00000000d5b80000,0x00000000d5c3d200,0x00000000d5c80000)
  to   space 1024K, 0% used [0x00000000d5a80000,0x00000000d5a80000,0x00000000d5b80000)
 ParOldGen       total 857600K, used 857502K [0x0000000080000000, 0x00000000b4580000, 0x00000000d5580000)
  object space 857600K, 99% used [0x0000000080000000,0x00000000b45678f8,0x00000000b4580000)
 Metaspace       used 85107K, committed 86848K, reserved 1179648K
  class space    used 8678K, committed 9472K, reserved 1048576K
}
Event: 1006.399 GC heap before
{Heap before GC invocations=1291 (full 4):
 PSYoungGen      total 6144K, used 5876K [0x00000000d5580000, 0x00000000d5c80000, 0x0000000100000000)
  eden space 5120K, 100% used [0x00000000d5580000,0x00000000d5a80000,0x00000000d5a80000)
  from space 1024K, 73% used [0x00000000d5b80000,0x00000000d5c3d200,0x00000000d5c80000)
  to   space 1024K, 0% used [0x00000000d5a80000,0x00000000d5a80000,0x00000000d5b80000)
 ParOldGen       total 857600K, used 857502K [0x0000000080000000, 0x00000000b4580000, 0x00000000d5580000)
  object space 857600K, 99% used [0x0000000080000000,0x00000000b45678f8,0x00000000b4580000)
 Metaspace       used 85107K, committed 86848K, reserved 1179648K
  class space    used 8678K, committed 9472K, reserved 1048576K
}
Event: 1006.402 GC heap after
{Heap after GC invocations=1291 (full 4):
 PSYoungGen      total 6144K, used 432K [0x00000000d5580000, 0x00000000d5c80000, 0x0000000100000000)
  eden space 5120K, 0% used [0x00000000d5580000,0x00000000d5580000,0x00000000d5a80000)
  from space 1024K, 42% used [0x00000000d5a80000,0x00000000d5aec010,0x00000000d5b80000)
  to   space 1024K, 0% used [0x00000000d5b80000,0x00000000d5b80000,0x00000000d5c80000)
 ParOldGen       total 858624K, used 858175K [0x0000000080000000, 0x00000000b4680000, 0x00000000d5580000)
  object space 858624K, 99% used [0x0000000080000000,0x00000000b460fda8,0x00000000b4680000)
 Metaspace       used 85107K, committed 86848K, reserved 1179648K
  class space    used 8678K, committed 9472K, reserved 1048576K
}
Event: 1006.410 GC heap before
{Heap before GC invocations=1292 (full 4):
 PSYoungGen      total 6144K, used 5552K [0x00000000d5580000, 0x00000000d5c80000, 0x0000000100000000)
  eden space 5120K, 100% used [0x00000000d5580000,0x00000000d5a80000,0x00000000d5a80000)
  from space 1024K, 42% used [0x00000000d5a80000,0x00000000d5aec010,0x00000000d5b80000)
  to   space 1024K, 0% used [0x00000000d5b80000,0x00000000d5b80000,0x00000000d5c80000)
 ParOldGen       total 858624K, used 858175K [0x0000000080000000, 0x00000000b4680000, 0x00000000d5580000)
  object space 858624K, 99% used [0x0000000080000000,0x00000000b460fda8,0x00000000b4680000)
 Metaspace       used 85107K, committed 86848K, reserved 1179648K
  class space    used 8678K, committed 9472K, reserved 1048576K
}
Event: 1006.412 GC heap after
{Heap after GC invocations=1292 (full 4):
 PSYoungGen      total 5632K, used 944K [0x00000000d5580000, 0x00000000d5d80000, 0x0000000100000000)
  eden space 4608K, 0% used [0x00000000d5580000,0x00000000d5580000,0x00000000d5a00000)
  from space 1024K, 92% used [0x00000000d5b80000,0x00000000d5c6c010,0x00000000d5c80000)
  to   space 1536K, 0% used [0x00000000d5a00000,0x00000000d5a00000,0x00000000d5b80000)
 ParOldGen       total 858624K, used 858471K [0x0000000080000000, 0x00000000b4680000, 0x00000000d5580000)
  object space 858624K, 99% used [0x0000000080000000,0x00000000b4659dc8,0x00000000b4680000)
 Metaspace       used 85107K, committed 86848K, reserved 1179648K
  class space    used 8678K, committed 9472K, reserved 1048576K
}
Event: 1006.620 GC heap before
{Heap before GC invocations=1293 (full 4):
 PSYoungGen      total 5632K, used 5552K [0x00000000d5580000, 0x00000000d5d80000, 0x0000000100000000)
  eden space 4608K, 100% used [0x00000000d5580000,0x00000000d5a00000,0x00000000d5a00000)
  from space 1024K, 92% used [0x00000000d5b80000,0x00000000d5c6c010,0x00000000d5c80000)
  to   space 1536K, 0% used [0x00000000d5a00000,0x00000000d5a00000,0x00000000d5b80000)
 ParOldGen       total 858624K, used 858471K [0x0000000080000000, 0x00000000b4680000, 0x00000000d5580000)
  object space 858624K, 99% used [0x0000000080000000,0x00000000b4659dc8,0x00000000b4680000)
 Metaspace       used 85107K, committed 86848K, reserved 1179648K
  class space    used 8678K, committed 9472K, reserved 1048576K
}
Event: 1006.623 GC heap after
{Heap after GC invocations=1293 (full 4):
 PSYoungGen      total 5120K, used 288K [0x00000000d5580000, 0x00000000d5c00000, 0x0000000100000000)
  eden space 4608K, 0% used [0x00000000d5580000,0x00000000d5580000,0x00000000d5a00000)
  from space 512K, 56% used [0x00000000d5a00000,0x00000000d5a48000,0x00000000d5a80000)
  to   space 1024K, 0% used [0x00000000d5b00000,0x00000000d5b00000,0x00000000d5c00000)
 ParOldGen       total 859648K, used 859295K [0x0000000080000000, 0x00000000b4780000, 0x00000000d5580000)
  object space 859648K, 99% used [0x0000000080000000,0x00000000b4727de8,0x00000000b4780000)
 Metaspace       used 85107K, committed 86848K, reserved 1179648K
  class space    used 8678K, committed 9472K, reserved 1048576K
}

Dll operation events (12 events):
Event: 0.049 Loaded shared library c:\Users\taylo\.vscode\extensions\redhat.java-1.54.0-win32-x64\jre\21.0.10-win32-x86_64\bin\java.dll
Event: 0.456 Loaded shared library c:\Users\taylo\.vscode\extensions\redhat.java-1.54.0-win32-x64\jre\21.0.10-win32-x86_64\bin\zip.dll
Event: 0.531 Loaded shared library C:\Users\taylo\.vscode\extensions\redhat.java-1.54.0-win32-x64\jre\21.0.10-win32-x86_64\bin\instrument.dll
Event: 0.559 Loaded shared library C:\Users\taylo\.vscode\extensions\redhat.java-1.54.0-win32-x64\jre\21.0.10-win32-x86_64\bin\net.dll
Event: 0.563 Loaded shared library C:\Users\taylo\.vscode\extensions\redhat.java-1.54.0-win32-x64\jre\21.0.10-win32-x86_64\bin\nio.dll
Event: 0.792 Loaded shared library C:\Users\taylo\.vscode\extensions\redhat.java-1.54.0-win32-x64\jre\21.0.10-win32-x86_64\bin\zip.dll
Event: 1.113 Loaded shared library C:\Users\taylo\.vscode\extensions\redhat.java-1.54.0-win32-x64\jre\21.0.10-win32-x86_64\bin\jimage.dll
Event: 1.769 Loaded shared library c:\Users\taylo\.vscode\extensions\redhat.java-1.54.0-win32-x64\jre\21.0.10-win32-x86_64\bin\verify.dll
Event: 6.446 Loaded shared library C:\Users\taylo\AppData\Roaming\Code\User\globalStorage\redhat.java\1.54.0\config_win\org.eclipse.equinox.launcher\org.eclipse.equinox.launcher.win32.win32.x86_64_1.3.0.v20260203-2149\eclipse_11919.dll
Event: 17.271 Loaded shared library C:\Users\taylo\AppData\Local\Temp\jna-110137903\jna15149212985988886357.dll
Event: 23.948 Loaded shared library C:\Users\taylo\.vscode\extensions\redhat.java-1.54.0-win32-x64\jre\21.0.10-win32-x86_64\bin\sunmscapi.dll
Event: 25.443 Loaded shared library C:\Users\taylo\.vscode\extensions\redhat.java-1.54.0-win32-x64\jre\21.0.10-win32-x86_64\bin\extnet.dll

Deoptimization events (20 events):
Event: 994.468 Thread 0x00000292e9892f80 DEOPT PACKING pc=0x00000292d1b7325f sp=0x000000a1c0ffe970
Event: 994.468 Thread 0x00000292e9892f80 DEOPT UNPACKING pc=0x00000292d63f78e2 sp=0x000000a1c0ffde48 mode 0
Event: 1004.195 Thread 0x00000292e988cd10 Uncommon trap: trap_request=0xffffffc6 fr.pc=0x00000292d7b829f4 relative=0x00000000000008b4
Event: 1004.195 Thread 0x00000292e988cd10 Uncommon trap: reason=bimorphic_or_optimized_type_check action=maybe_recompile pc=0x00000292d7b829f4 method=org.eclipse.jdt.internal.compiler.lookup.ClassScope.buildFields()V @ 56 c2
Event: 1004.195 Thread 0x00000292e988cd10 DEOPT PACKING pc=0x00000292d7b829f4 sp=0x000000a1c23fde40
Event: 1004.195 Thread 0x00000292e988cd10 DEOPT UNPACKING pc=0x00000292d63f6da2 sp=0x000000a1c23fdda0 mode 2
Event: 1004.422 Thread 0x00000292e988cd10 Uncommon trap: trap_request=0xffffffc6 fr.pc=0x00000292d7b829f4 relative=0x00000000000008b4
Event: 1004.422 Thread 0x00000292e988cd10 Uncommon trap: reason=bimorphic_or_optimized_type_check action=maybe_recompile pc=0x00000292d7b829f4 method=org.eclipse.jdt.internal.compiler.lookup.ClassScope.buildFields()V @ 56 c2
Event: 1004.422 Thread 0x00000292e988cd10 DEOPT PACKING pc=0x00000292d7b829f4 sp=0x000000a1c23fde40
Event: 1004.422 Thread 0x00000292e988cd10 DEOPT UNPACKING pc=0x00000292d63f6da2 sp=0x000000a1c23fdda0 mode 2
Event: 1004.809 Thread 0x00000292e988cd10 DEOPT PACKING pc=0x00000292cf9d41e9 sp=0x000000a1c23fdd50
Event: 1004.809 Thread 0x00000292e988cd10 DEOPT UNPACKING pc=0x00000292d63f78e2 sp=0x000000a1c23fd2d0 mode 0
Event: 1004.886 Thread 0x00000292ec9cbcf0 DEOPT PACKING pc=0x00000292d1b7325f sp=0x000000a1c11fe1a0
Event: 1004.886 Thread 0x00000292ec9cbcf0 DEOPT UNPACKING pc=0x00000292d63f78e2 sp=0x000000a1c11fd678 mode 0
Event: 1005.732 Thread 0x00000292ec9cf800 Uncommon trap: trap_request=0xffffff6e fr.pc=0x00000292d7d422a8 relative=0x00000000000004a8
Event: 1005.732 Thread 0x00000292ec9cf800 Uncommon trap: reason=loop_limit_check action=maybe_recompile pc=0x00000292d7d422a8 method=org.eclipse.jdt.internal.compiler.parser.Parser.consumeFieldDeclaration()V @ 52 c2
Event: 1005.732 Thread 0x00000292ec9cf800 DEOPT PACKING pc=0x00000292d7d422a8 sp=0x000000a1c14fde20
Event: 1005.732 Thread 0x00000292ec9cf800 DEOPT UNPACKING pc=0x00000292d63f6da2 sp=0x000000a1c14fddc8 mode 2
Event: 1006.351 Thread 0x00000292ec9cbcf0 DEOPT PACKING pc=0x00000292d1b7325f sp=0x000000a1c11fe1a0
Event: 1006.351 Thread 0x00000292ec9cbcf0 DEOPT UNPACKING pc=0x00000292d63f78e2 sp=0x000000a1c11fd678 mode 0

Classes loaded (20 events):
Event: 889.752 Loading class java/util/regex/Pattern$Bound
Event: 889.752 Loading class java/util/regex/Pattern$Bound done
Event: 931.843 Loading class sun/security/ssl/PreSharedKeyExtension$PskIdentity
Event: 931.844 Loading class sun/security/ssl/PreSharedKeyExtension$PskIdentity done
Event: 931.845 Loading class sun/security/ssl/PreSharedKeyExtension$CHPreSharedKeySpec
Event: 931.846 Loading class sun/security/ssl/PreSharedKeyExtension$CHPreSharedKeySpec done
Event: 931.847 Loading class sun/security/ssl/PreSharedKeyExtension$PartialClientHelloMessage
Event: 931.847 Loading class sun/security/ssl/PreSharedKeyExtension$PartialClientHelloMessage done
Event: 931.847 Loading class sun/security/ssl/SSLEngineOutputRecord
Event: 931.848 Loading class sun/security/ssl/SSLEngineOutputRecord done
Event: 931.848 Loading class sun/security/ssl/SSLEngineOutputRecord$HandshakeFragment
Event: 931.849 Loading class sun/security/ssl/SSLEngineOutputRecord$HandshakeFragment done
Event: 931.849 Loading class sun/security/ssl/SSLEngineOutputRecord$HandshakeMemo
Event: 931.849 Loading class sun/security/ssl/SSLEngineOutputRecord$RecordMemo
Event: 931.849 Loading class sun/security/ssl/SSLEngineOutputRecord$RecordMemo done
Event: 931.849 Loading class sun/security/ssl/SSLEngineOutputRecord$HandshakeMemo done
Event: 931.860 Loading class sun/security/ssl/PreSharedKeyExtension$SHPreSharedKeySpec
Event: 931.861 Loading class sun/security/ssl/PreSharedKeyExtension$SHPreSharedKeySpec done
Event: 981.848 Loading class java/nio/channels/CompletionHandler
Event: 981.849 Loading class java/nio/channels/CompletionHandler done

Classes unloaded (7 events):
Event: 19.471 Thread 0x00000292e26e2d60 Unloading class 0x00000292811a8c00 'java/lang/invoke/LambdaForm$MH+0x00000292811a8c00'
Event: 19.471 Thread 0x00000292e26e2d60 Unloading class 0x00000292811a8800 'java/lang/invoke/LambdaForm$MH+0x00000292811a8800'
Event: 19.471 Thread 0x00000292e26e2d60 Unloading class 0x00000292811a8400 'java/lang/invoke/LambdaForm$MH+0x00000292811a8400'
Event: 19.471 Thread 0x00000292e26e2d60 Unloading class 0x00000292811a8000 'java/lang/invoke/LambdaForm$MH+0x00000292811a8000'
Event: 19.471 Thread 0x00000292e26e2d60 Unloading class 0x00000292811a7c00 'java/lang/invoke/LambdaForm$BMH+0x00000292811a7c00'
Event: 19.471 Thread 0x00000292e26e2d60 Unloading class 0x00000292811a7800 'java/lang/invoke/LambdaForm$DMH+0x00000292811a7800'
Event: 19.471 Thread 0x00000292e26e2d60 Unloading class 0x00000292811a6400 'java/lang/invoke/LambdaForm$DMH+0x00000292811a6400'

Classes redefined (0 events):
No events

Internal exceptions (20 events):
Event: 937.251 Thread 0x00000292e988cd10 Exception <a 'java/lang/ArrayIndexOutOfBoundsException'{0x00000000d5975f70}> (0x00000000d5975f70) 
thrown [s\src\hotspot\share\runtime\sharedRuntime.cpp, line 625]
Event: 937.547 Thread 0x00000292e988cd10 Exception <a 'java/lang/ArrayIndexOutOfBoundsException'{0x00000000d5b5d260}> (0x00000000d5b5d260) 
thrown [s\src\hotspot\share\runtime\sharedRuntime.cpp, line 625]
Event: 937.929 Thread 0x00000292e988cd10 Exception <a 'java/lang/ArrayIndexOutOfBoundsException'{0x00000000d575abc8}> (0x00000000d575abc8) 
thrown [s\src\hotspot\share\runtime\sharedRuntime.cpp, line 625]
Event: 938.450 Thread 0x00000292e988cd10 Exception <a 'java/lang/ArrayIndexOutOfBoundsException'{0x00000000d5a11400}> (0x00000000d5a11400) 
thrown [s\src\hotspot\share\runtime\sharedRuntime.cpp, line 625]
Event: 939.146 Thread 0x00000292e988cd10 Exception <a 'java/lang/ArrayIndexOutOfBoundsException'{0x00000000d57ccf00}> (0x00000000d57ccf00) 
thrown [s\src\hotspot\share\runtime\sharedRuntime.cpp, line 625]
Event: 957.963 Thread 0x00000292ec9cd0a0 Implicit null exception at 0x00000292d761d3bf to 0x00000292d762071c
Event: 960.694 Thread 0x00000292e988cd10 Exception <a 'java/lang/ArrayIndexOutOfBoundsException'{0x00000000d57ad328}> (0x00000000d57ad328) 
thrown [s\src\hotspot\share\runtime\sharedRuntime.cpp, line 625]
Event: 961.559 Thread 0x00000292ec9cd730 Exception <a 'java/lang/ArrayIndexOutOfBoundsException'{0x00000000d56e1d98}: Index 66 out of bounds for length 66> (0x00000000d56e1d98) 
thrown [s\src\hotspot\share\interpreter\interpreterRuntime.cpp, line 439]
Event: 961.562 Thread 0x00000292ec9cd730 Implicit null exception at 0x00000292d7ab5435 to 0x00000292d7ab736c
Event: 961.562 Thread 0x00000292ec9cd730 Implicit null exception at 0x00000292d791d485 to 0x00000292d791f0cc
Event: 975.235 Thread 0x00000292e988cd10 Exception <a 'java/lang/ArrayIndexOutOfBoundsException'{0x00000000d586ce68}: Index 1532 out of bounds for length 1532> (0x00000000d586ce68) 
thrown [s\src\hotspot\share\interpreter\interpreterRuntime.cpp, line 439]
Event: 975.235 Thread 0x00000292e988cd10 Exception <a 'java/lang/ArrayIndexOutOfBoundsException'{0x00000000d586d4a0}: Index 1532 out of bounds for length 1532> (0x00000000d586d4a0) 
thrown [s\src\hotspot\share\interpreter\interpreterRuntime.cpp, line 439]
Event: 975.235 Thread 0x00000292e988cd10 Exception <a 'java/lang/ArrayIndexOutOfBoundsException'{0x00000000d586da80}: Index 1533 out of bounds for length 1532> (0x00000000d586da80) 
thrown [s\src\hotspot\share\interpreter\interpreterRuntime.cpp, line 439]
Event: 980.946 Thread 0x00000292e988cd10 Exception <a 'java/lang/ArrayIndexOutOfBoundsException'{0x00000000d58d66c0}> (0x00000000d58d66c0) 
thrown [s\src\hotspot\share\runtime\sharedRuntime.cpp, line 625]
Event: 988.387 Thread 0x00000292e988cd10 Exception <a 'java/lang/ArrayIndexOutOfBoundsException'{0x00000000d559a320}> (0x00000000d559a320) 
thrown [s\src\hotspot\share\runtime\sharedRuntime.cpp, line 625]
Event: 1004.180 Thread 0x00000292e988cd10 Exception <a 'java/lang/ArrayIndexOutOfBoundsException'{0x00000000d59baf58}> (0x00000000d59baf58) 
thrown [s\src\hotspot\share\runtime\sharedRuntime.cpp, line 625]
Event: 1004.413 Thread 0x00000292e988cd10 Exception <a 'java/lang/ArrayIndexOutOfBoundsException'{0x00000000d5a3f4d8}> (0x00000000d5a3f4d8) 
thrown [s\src\hotspot\share\runtime\sharedRuntime.cpp, line 625]
Event: 1004.810 Thread 0x00000292e988cd10 Exception <a 'java/lang/ArrayIndexOutOfBoundsException'{0x00000000d5a44460}> (0x00000000d5a44460) 
thrown [s\src\hotspot\share\runtime\sharedRuntime.cpp, line 625]
Event: 1005.234 Thread 0x00000292e988cd10 Exception <a 'java/lang/ArrayIndexOutOfBoundsException'{0x00000000d59c9318}> (0x00000000d59c9318) 
thrown [s\src\hotspot\share\runtime\sharedRuntime.cpp, line 625]
Event: 1005.706 Thread 0x00000292e988cd10 Exception <a 'java/lang/ArrayIndexOutOfBoundsException'{0x00000000d5988138}> (0x00000000d5988138) 
thrown [s\src\hotspot\share\runtime\sharedRuntime.cpp, line 625]

ZGC Phase Switch (0 events):
No events

VM Operations (20 events):
Event: 1006.106 Executing safepoint VM operation: ParallelGCFailedAllocation (Allocation Failure) done
Event: 1006.218 Executing safepoint VM operation: ParallelGCFailedAllocation (Allocation Failure)
Event: 1006.221 Executing safepoint VM operation: ParallelGCFailedAllocation (Allocation Failure) done
Event: 1006.283 Executing safepoint VM operation: ParallelGCFailedAllocation (Allocation Failure)
Event: 1006.285 Executing safepoint VM operation: ParallelGCFailedAllocation (Allocation Failure) done
Event: 1006.333 Executing safepoint VM operation: ParallelGCFailedAllocation (Allocation Failure)
Event: 1006.335 Executing safepoint VM operation: ParallelGCFailedAllocation (Allocation Failure) done
Event: 1006.343 Executing safepoint VM operation: ParallelGCFailedAllocation (Allocation Failure)
Event: 1006.344 Executing safepoint VM operation: ParallelGCFailedAllocation (Allocation Failure) done
Event: 1006.351 Executing safepoint VM operation: ParallelGCFailedAllocation (Allocation Failure)
Event: 1006.353 Executing safepoint VM operation: ParallelGCFailedAllocation (Allocation Failure) done
Event: 1006.390 Executing safepoint VM operation: ParallelGCFailedAllocation (Allocation Failure)
Event: 1006.393 Executing safepoint VM operation: ParallelGCFailedAllocation (Allocation Failure) done
Event: 1006.399 Executing safepoint VM operation: ParallelGCFailedAllocation (Allocation Failure)
Event: 1006.402 Executing safepoint VM operation: ParallelGCFailedAllocation (Allocation Failure) done
Event: 1006.410 Executing safepoint VM operation: ParallelGCFailedAllocation (Allocation Failure)
Event: 1006.412 Executing safepoint VM operation: ParallelGCFailedAllocation (Allocation Failure) done
Event: 1006.620 Executing safepoint VM operation: ParallelGCFailedAllocation (Allocation Failure)
Event: 1006.623 Executing safepoint VM operation: ParallelGCFailedAllocation (Allocation Failure) done
Event: 1006.831 Executing safepoint VM operation: ParallelGCFailedAllocation (Allocation Failure)

Memory protections (0 events):
No events

Nmethod flushes (20 events):
Event: 897.237 Thread 0x00000292e26e2d60 flushing  nmethod 0x00000292cfdaa210
Event: 897.237 Thread 0x00000292e26e2d60 flushing  nmethod 0x00000292cfdab290
Event: 897.237 Thread 0x00000292e26e2d60 flushing  nmethod 0x00000292cfdabc90
Event: 897.237 Thread 0x00000292e26e2d60 flushing  nmethod 0x00000292cfdad190
Event: 897.237 Thread 0x00000292e26e2d60 flushing  nmethod 0x00000292cfdada10
Event: 897.237 Thread 0x00000292e26e2d60 flushing  nmethod 0x00000292cfdae610
Event: 897.237 Thread 0x00000292e26e2d60 flushing  nmethod 0x00000292cfdb1d10
Event: 897.237 Thread 0x00000292e26e2d60 flushing  nmethod 0x00000292cfdb8e10
Event: 897.237 Thread 0x00000292e26e2d60 flushing  nmethod 0x00000292cfdb9210
Event: 897.237 Thread 0x00000292e26e2d60 flushing  nmethod 0x00000292cfdb9610
Event: 897.237 Thread 0x00000292e26e2d60 flushing  nmethod 0x00000292cfdb9f90
Event: 897.237 Thread 0x00000292e26e2d60 flushing  nmethod 0x00000292cfdba490
Event: 897.237 Thread 0x00000292e26e2d60 flushing  nmethod 0x00000292cfdbd290
Event: 897.237 Thread 0x00000292e26e2d60 flushing  nmethod 0x00000292cfdbe790
Event: 897.237 Thread 0x00000292e26e2d60 flushing  nmethod 0x00000292cfdc1610
Event: 897.237 Thread 0x00000292e26e2d60 flushing  nmethod 0x00000292cfdd1990
Event: 897.237 Thread 0x00000292e26e2d60 flushing  nmethod 0x00000292cfdd3310
Event: 897.237 Thread 0x00000292e26e2d60 flushing  nmethod 0x00000292cfdde290
Event: 897.237 Thread 0x00000292e26e2d60 flushing  nmethod 0x00000292cfddfe10
Event: 897.237 Thread 0x00000292e26e2d60 flushing  nmethod 0x00000292cfe11590

Events (20 events):
Event: 957.973 Thread 0x00000292e8045f70 Thread added: 0x00000292edba8a30
Event: 958.234 Thread 0x00000292edba8a30 Thread exited: 0x00000292edba8a30
Event: 958.510 Thread 0x00000292e8045f70 Thread added: 0x00000292edbab310
Event: 958.904 Thread 0x00000292edbab310 Thread exited: 0x00000292edbab310
Event: 960.826 Thread 0x00000292e8045f70 Thread added: 0x00000292edbab310
Event: 961.206 Thread 0x00000292edbab310 Thread exited: 0x00000292edbab310
Event: 961.636 Thread 0x00000292e8045f70 Thread added: 0x00000292edbab310
Event: 962.528 Thread 0x00000292edbab310 Thread exited: 0x00000292edbab310
Event: 966.962 Thread 0x00000292e26ef3f0 Thread added: 0x00000292edba8a30
Event: 967.110 Thread 0x00000292edba8a30 Thread exited: 0x00000292edba8a30
Event: 967.160 Thread 0x00000292e8045f70 Thread added: 0x00000292edbab310
Event: 967.942 Thread 0x00000292edbab310 Thread exited: 0x00000292edbab310
Event: 968.447 Thread 0x00000292e26ef3f0 Thread added: 0x00000292edbab310
Event: 968.642 Thread 0x00000292edbab310 Thread exited: 0x00000292edbab310
Event: 980.993 Thread 0x00000292e8045f70 Thread added: 0x00000292edbab310
Event: 981.218 Thread 0x00000292edbab310 Thread exited: 0x00000292edbab310
Event: 988.455 Thread 0x00000292e8045f70 Thread added: 0x00000292edba8a30
Event: 988.455 Thread 0x00000292e8045f70 Thread added: 0x00000292edbac780
Event: 988.812 Thread 0x00000292edbac780 Thread exited: 0x00000292edbac780
Event: 988.815 Thread 0x00000292edba8a30 Thread exited: 0x00000292edba8a30


Dynamic libraries:
0x00007ff6d4db0000 - 0x00007ff6d4dbe000 	c:\Users\taylo\.vscode\extensions\redhat.java-1.54.0-win32-x64\jre\21.0.10-win32-x86_64\bin\java.exe
0x00007fff4dbe0000 - 0x00007fff4de47000 	C:\WINDOWS\SYSTEM32\ntdll.dll
0x00007fff4d4a0000 - 0x00007fff4d569000 	C:\WINDOWS\System32\KERNEL32.DLL
0x00007fff4a800000 - 0x00007fff4abf7000 	C:\WINDOWS\System32\KERNELBASE.dll
0x00007fff4ac00000 - 0x00007fff4ad4b000 	C:\WINDOWS\System32\ucrtbase.dll
0x00007fff20970000 - 0x00007fff20988000 	c:\Users\taylo\.vscode\extensions\redhat.java-1.54.0-win32-x64\jre\21.0.10-win32-x86_64\bin\jli.dll
0x00007fff4cb00000 - 0x00007fff4ccc6000 	C:\WINDOWS\System32\USER32.dll
0x00007fff4b8a0000 - 0x00007fff4b8c7000 	C:\WINDOWS\System32\win32u.dll
0x00007fff4ccd0000 - 0x00007fff4ccfb000 	C:\WINDOWS\System32\GDI32.dll
0x00007fff203d0000 - 0x00007fff203ee000 	c:\Users\taylo\.vscode\extensions\redhat.java-1.54.0-win32-x64\jre\21.0.10-win32-x86_64\bin\VCRUNTIME140.dll
0x00007fff4a6d0000 - 0x00007fff4a7fc000 	C:\WINDOWS\System32\gdi32full.dll
0x00007fff4aed0000 - 0x00007fff4af73000 	C:\WINDOWS\System32\msvcp_win.dll
0x00007fff2a540000 - 0x00007fff2a7d2000 	C:\WINDOWS\WinSxS\amd64_microsoft.windows.common-controls_6595b64144ccf1df_6.0.26100.8457_none_3e0b2faee331e92d\COMCTL32.dll
0x00007fff4c0e0000 - 0x00007fff4c189000 	C:\WINDOWS\System32\msvcrt.dll
0x00007fff4d600000 - 0x00007fff4d632000 	C:\WINDOWS\System32\IMM32.DLL
0x00007fff21fb0000 - 0x00007fff21fbc000 	c:\Users\taylo\.vscode\extensions\redhat.java-1.54.0-win32-x64\jre\21.0.10-win32-x86_64\bin\vcruntime140_1.dll
0x00007fff10cc0000 - 0x00007fff10d4d000 	c:\Users\taylo\.vscode\extensions\redhat.java-1.54.0-win32-x64\jre\21.0.10-win32-x86_64\bin\msvcp140.dll
0x00007ffe72cf0000 - 0x00007ffe73a91000 	c:\Users\taylo\.vscode\extensions\redhat.java-1.54.0-win32-x64\jre\21.0.10-win32-x86_64\bin\server\jvm.dll
0x00007fff4cd00000 - 0x00007fff4cdb6000 	C:\WINDOWS\System32\ADVAPI32.dll
0x00007fff4cf60000 - 0x00007fff4d007000 	C:\WINDOWS\System32\sechost.dll
0x00007fff4d640000 - 0x00007fff4d758000 	C:\WINDOWS\System32\RPCRT4.dll
0x00007fff4b960000 - 0x00007fff4b9e0000 	C:\WINDOWS\System32\WS2_32.dll
0x00007fff4a470000 - 0x00007fff4a4ce000 	C:\WINDOWS\SYSTEM32\POWRPROF.dll
0x00007fff479c0000 - 0x00007fff479f6000 	C:\WINDOWS\SYSTEM32\WINMM.dll
0x00007fff373b0000 - 0x00007fff373bb000 	C:\WINDOWS\SYSTEM32\VERSION.dll
0x00007fff4a450000 - 0x00007fff4a464000 	C:\WINDOWS\SYSTEM32\UMPDC.dll
0x00007fff493a0000 - 0x00007fff493bb000 	C:\WINDOWS\SYSTEM32\kernel.appcore.dll
0x00007fff21a80000 - 0x00007fff21a8a000 	c:\Users\taylo\.vscode\extensions\redhat.java-1.54.0-win32-x64\jre\21.0.10-win32-x86_64\bin\jimage.dll
0x00007fff48470000 - 0x00007fff486b2000 	C:\WINDOWS\SYSTEM32\DBGHELP.DLL
0x00007fff4bd50000 - 0x00007fff4c0d3000 	C:\WINDOWS\System32\combase.dll
0x00007fff4ba20000 - 0x00007fff4baf9000 	C:\WINDOWS\System32\OLEAUT32.dll
0x00007fff47980000 - 0x00007fff479bb000 	C:\WINDOWS\SYSTEM32\dbgcore.DLL
0x00007fff4b7f0000 - 0x00007fff4b898000 	C:\WINDOWS\System32\bcryptPrimitives.dll
0x00007fff21600000 - 0x00007fff2160f000 	c:\Users\taylo\.vscode\extensions\redhat.java-1.54.0-win32-x64\jre\21.0.10-win32-x86_64\bin\instrument.dll
0x00007fff203b0000 - 0x00007fff203d0000 	c:\Users\taylo\.vscode\extensions\redhat.java-1.54.0-win32-x64\jre\21.0.10-win32-x86_64\bin\java.dll
0x00007fff4c370000 - 0x00007fff4cade000 	C:\WINDOWS\System32\SHELL32.dll
0x00007fff4af80000 - 0x00007fff4b7ec000 	C:\WINDOWS\System32\windows.storage.dll
0x00007fff4da40000 - 0x00007fff4db36000 	C:\WINDOWS\System32\SHCORE.dll
0x00007fff4bbe0000 - 0x00007fff4bc46000 	C:\WINDOWS\System32\shlwapi.dll
0x00007fff4a530000 - 0x00007fff4a559000 	C:\WINDOWS\SYSTEM32\profapi.dll
0x00007fff20390000 - 0x00007fff203a8000 	c:\Users\taylo\.vscode\extensions\redhat.java-1.54.0-win32-x64\jre\21.0.10-win32-x86_64\bin\zip.dll
0x00007fff20380000 - 0x00007fff20390000 	C:\Users\taylo\.vscode\extensions\redhat.java-1.54.0-win32-x64\jre\21.0.10-win32-x86_64\bin\net.dll
0x00007fff38bd0000 - 0x00007fff38cf9000 	C:\WINDOWS\SYSTEM32\WINHTTP.dll
0x00007fff49910000 - 0x00007fff4997c000 	C:\WINDOWS\system32\mswsock.dll
0x00007fff10ca0000 - 0x00007fff10cb6000 	C:\Users\taylo\.vscode\extensions\redhat.java-1.54.0-win32-x64\jre\21.0.10-win32-x86_64\bin\nio.dll
0x00007fff20370000 - 0x00007fff20380000 	c:\Users\taylo\.vscode\extensions\redhat.java-1.54.0-win32-x64\jre\21.0.10-win32-x86_64\bin\verify.dll
0x00007ffef5ed0000 - 0x00007ffef5f15000 	C:\Users\taylo\AppData\Roaming\Code\User\globalStorage\redhat.java\1.54.0\config_win\org.eclipse.equinox.launcher\org.eclipse.equinox.launcher.win32.win32.x86_64_1.3.0.v20260203-2149\eclipse_11919.dll
0x00007fff4cdc0000 - 0x00007fff4cf57000 	C:\WINDOWS\System32\ole32.dll
0x00007fff49c00000 - 0x00007fff49c1b000 	C:\WINDOWS\SYSTEM32\CRYPTSP.dll
0x00007fff49300000 - 0x00007fff49339000 	C:\WINDOWS\system32\rsaenh.dll
0x00007fff499c0000 - 0x00007fff499f3000 	C:\WINDOWS\SYSTEM32\USERENV.dll
0x00007fff4a500000 - 0x00007fff4a52a000 	C:\WINDOWS\SYSTEM32\bcrypt.dll
0x00007fff49bf0000 - 0x00007fff49bfc000 	C:\WINDOWS\SYSTEM32\CRYPTBASE.dll
0x00007fff48ec0000 - 0x00007fff48ef2000 	C:\WINDOWS\SYSTEM32\IPHLPAPI.DLL
0x00007fff4d780000 - 0x00007fff4d78a000 	C:\WINDOWS\System32\NSI.dll
0x00007fff0f5a0000 - 0x00007fff0f5e9000 	C:\Users\taylo\AppData\Local\Temp\jna-110137903\jna15149212985988886357.dll
0x00007fff4caf0000 - 0x00007fff4caf8000 	C:\WINDOWS\System32\PSAPI.DLL
0x00007fff39870000 - 0x00007fff3988d000 	C:\WINDOWS\SYSTEM32\dhcpcsvc6.DLL
0x00007fff39280000 - 0x00007fff392a5000 	C:\WINDOWS\SYSTEM32\dhcpcsvc.DLL
0x00007fff15ce0000 - 0x00007fff15cee000 	C:\Users\taylo\.vscode\extensions\redhat.java-1.54.0-win32-x64\jre\21.0.10-win32-x86_64\bin\sunmscapi.dll
0x00007fff4ad50000 - 0x00007fff4aec8000 	C:\WINDOWS\System32\CRYPT32.dll
0x00007fff49e10000 - 0x00007fff49e40000 	C:\WINDOWS\SYSTEM32\ncrypt.dll
0x00007fff49dc0000 - 0x00007fff49dff000 	C:\WINDOWS\SYSTEM32\NTASN1.dll
0x00007fff48f00000 - 0x00007fff49032000 	C:\WINDOWS\SYSTEM32\DNSAPI.dll
0x00007fff370e0000 - 0x00007fff370eb000 	C:\Windows\System32\rasadhlp.dll
0x00007fff39930000 - 0x00007fff399b6000 	C:\WINDOWS\System32\fwpuclnt.dll
0x00007fff10c60000 - 0x00007fff10c69000 	C:\Users\taylo\.vscode\extensions\redhat.java-1.54.0-win32-x64\jre\21.0.10-win32-x86_64\bin\extnet.dll

JVMTI agents:
c:\Users\taylo\.vscode\extensions\redhat.java-1.54.0-win32-x64\lombok\lombok-1.18.39-4050.jar path:c:\Users\taylo\.vscode\extensions\redhat.java-1.54.0-win32-x64\jre\21.0.10-win32-x86_64\bin\instrument.dll, loaded, initialized, instrumentlib options:none

dbghelp: loaded successfully - version: 4.0.5 - missing functions: none
symbol engine: initialized successfully - sym options: 0x614 - pdb path: .;c:\Users\taylo\.vscode\extensions\redhat.java-1.54.0-win32-x64\jre\21.0.10-win32-x86_64\bin;C:\WINDOWS\SYSTEM32;C:\WINDOWS\WinSxS\amd64_microsoft.windows.common-controls_6595b64144ccf1df_6.0.26100.8457_none_3e0b2faee331e92d;c:\Users\taylo\.vscode\extensions\redhat.java-1.54.0-win32-x64\jre\21.0.10-win32-x86_64\bin\server;C:\Users\taylo\AppData\Roaming\Code\User\globalStorage\redhat.java\1.54.0\config_win\org.eclipse.equinox.launcher\org.eclipse.equinox.launcher.win32.win32.x86_64_1.3.0.v20260203-2149;C:\Users\taylo\AppData\Local\Temp\jna-110137903

VM Arguments:
jvm_args: --add-modules=ALL-SYSTEM --add-opens=java.base/java.util=ALL-UNNAMED --add-opens=java.base/java.lang=ALL-UNNAMED --add-opens=java.base/sun.nio.fs=ALL-UNNAMED -Declipse.application=org.eclipse.jdt.ls.core.id1 -Dosgi.bundles.defaultStartLevel=4 -Declipse.product=org.eclipse.jdt.ls.core.product -Djava.import.generatesMetadataFilesAtProjectRoot=false -DDetectVMInstallationsJob.disabled=true -Dfile.encoding=utf8 -XX:+UseParallelGC -XX:GCTimeRatio=4 -XX:AdaptiveSizePolicyWeight=90 -Dsun.zip.disableMemoryMapping=true -Xmx2G -Xms100m -Xlog:disable -javaagent:c:\Users\taylo\.vscode\extensions\redhat.java-1.54.0-win32-x64\lombok\lombok-1.18.39-4050.jar -XX:+HeapDumpOnOutOfMemoryError -XX:HeapDumpPath=c:\Users\taylo\AppData\Roaming\Code\User\workspaceStorage\83202137a7a62e7f0926968b5d7ddb10\redhat.java -Daether.dependencyCollector.impl=bf 
java_command: c:\Users\taylo\.vscode\extensions\redhat.java-1.54.0-win32-x64\server\plugins\org.eclipse.equinox.launcher_1.7.100.v20251111-0406.jar -configuration c:\Users\taylo\AppData\Roaming\Code\User\globalStorage\redhat.java\1.54.0\config_win -data c:\Users\taylo\AppData\Roaming\Code\User\workspaceStorage\83202137a7a62e7f0926968b5d7ddb10\redhat.java\jdt_ws --pipe=\\.\pipe\lsp-77518b12953a16b595c8691a1b400b7e-sock
java_class_path (initial): c:\Users\taylo\.vscode\extensions\redhat.java-1.54.0-win32-x64\server\plugins\org.eclipse.equinox.launcher_1.7.100.v20251111-0406.jar
Launcher Type: SUN_STANDARD

[Global flags]
    uintx AdaptiveSizePolicyWeight                 = 90                                        {product} {command line}
     intx CICompilerCount                          = 4                                         {product} {ergonomic}
    uintx GCTimeRatio                              = 4                                         {product} {command line}
     bool HeapDumpOnOutOfMemoryError               = true                                   {manageable} {command line}
    ccstr HeapDumpPath                             = c:\Users\taylo\AppData\Roaming\Code\User\workspaceStorage\83202137a7a62e7f0926968b5d7ddb10\redhat.java         {manageable} {command line}
   size_t InitialHeapSize                          = 104857600                                 {product} {command line}
   size_t MaxHeapSize                              = 2147483648                                {product} {command line}
   size_t MaxNewSize                               = 715653120                                 {product} {ergonomic}
   size_t MinHeapDeltaBytes                        = 524288                                    {product} {ergonomic}
   size_t MinHeapSize                              = 104857600                                 {product} {command line}
   size_t NewSize                                  = 34603008                                  {product} {ergonomic}
    uintx NonNMethodCodeHeapSize                   = 5839372                                {pd product} {ergonomic}
    uintx NonProfiledCodeHeapSize                  = 122909434                              {pd product} {ergonomic}
   size_t OldSize                                  = 70254592                                  {product} {ergonomic}
    uintx ProfiledCodeHeapSize                     = 122909434                              {pd product} {ergonomic}
    uintx ReservedCodeCacheSize                    = 251658240                              {pd product} {ergonomic}
     bool SegmentedCodeCache                       = true                                      {product} {ergonomic}
   size_t SoftMaxHeapSize                          = 2147483648                             {manageable} {ergonomic}
     bool UseCompressedOops                        = true                           {product lp64_product} {ergonomic}
     bool UseLargePagesIndividualAllocation        = false                                  {pd product} {ergonomic}
     bool UseParallelGC                            = true                                      {product} {command line}

Logging:
Log output configuration:
 #0: stdout all=off uptime,level,tags foldmultilines=false
 #1: stderr all=off uptime,level,tags foldmultilines=false

Release file:
JAVA_VERSION="21.0.10" 
MODULES="java.base java.compiler java.datatransfer java.xml java.prefs java.desktop java.instrument java.logging java.management java.security.sasl java.naming java.rmi java.management.rmi java.net.http java.scripting java.security.jgss java.transaction.xa java.sql java.sql.rowset java.xml.crypto java.se java.smartcardio jdk.accessibility jdk.internal.jvmstat jdk.attach jdk.charsets jdk.internal.opt jdk.zipfs jdk.compiler jdk.crypto.ec jdk.crypto.cryptoki jdk.crypto.mscapi jdk.dynalink jdk.internal.ed jdk.editpad jdk.hotspot.agent jdk.httpserver jdk.internal.le jdk.internal.vm.ci jdk.internal.vm.compiler jdk.internal.vm.compiler.management jdk.jartool jdk.javadoc jdk.jcmd jdk.management jdk.management.agent jdk.jconsole jdk.jdeps jdk.jdwp.agent jdk.jdi jdk.jfr jdk.jshell jdk.jsobject jdk.jstatd jdk.localedata jdk.management.jfr jdk.naming.dns jdk.naming.rmi jdk.net jdk.nio.mapmode jdk.random jdk.sctp jdk.security.auth jdk.security.jgss jdk.unsupported jdk.unsupported.desktop jdk.xml.dom" 

Environment Variables:
JAVA_HOME=C:\Program Files\Java\jdk-24
PATH=C:\Program Files\Common Files\Oracle\Java\javapath;C:\WINDOWS\system32;C:\WINDOWS;C:\WINDOWS\System32\Wbem;C:\WINDOWS\System32\WindowsPowerShell\v1.0\;C:\WINDOWS\System32\OpenSSH\;C:\Program Files\dotnet\;C:\Program Files\Git\cmd;C:\Program Files\nodejs\;C:\Program Files (x86)\PowerShell\7\;%GRADLE_HOME%\bin;%JAVA_HOME%\bin;%MAVEN_HOME%\bin;C:\Program Files\MySQL\MySQL Shell 8.0\bin\;C:\Users\taylo\AppData\Local\Microsoft\WindowsApps;C:\Users\taylo\AppData\Local\Programs\Microsoft VS Code\bin;C:\Users\taylo\AppData\Roaming\npm;C:\Users\taylo\.dotnet\tools;C:\Program Files\PostgreSQL\17\bin;
USERNAME=taylo
OS=Windows_NT
PROCESSOR_IDENTIFIER=Intel64 Family 6 Model 140 Stepping 2, GenuineIntel
TMP=C:\Users\taylo\AppData\Local\Temp
TEMP=C:\Users\taylo\AppData\Local\Temp




Periodic native trim disabled

---------------  S Y S T E M  ---------------

OS:
 Windows 11 , 64 bit Build 26100 (10.0.26100.8328)
OS uptime: 0 days 0:22 hours
Hyper-V role detected

CPU: total 8 (initial active 8) (4 cores per cpu, 2 threads per core) family 6 model 140 stepping 2 microcode 0x3c, cx8, cmov, fxsr, ht, mmx, 3dnowpref, sse, sse2, sse3, ssse3, sse4.1, sse4.2, popcnt, lzcnt, tsc, tscinvbit, avx, avx2, aes, erms, clmul, bmi1, bmi2, adx, avx512f, avx512dq, avx512cd, avx512bw, avx512vl, sha, fma, vzeroupper, avx512_vpopcntdq, avx512_vpclmulqdq, avx512_vaes, avx512_vnni, clflush, clflushopt, clwb, avx512_vbmi2, avx512_vbmi, hv, rdtscp, rdpid, fsrm, gfni, avx512_bitalg, f16c, cet_ibt, cet_ss, avx512_ifma
Processor Information for the first 8 processors :
  Max Mhz: 2496, Current Mhz: 2496, Mhz Limit: 2496

Memory: 4k page, system-wide physical 7930M (741M free)
TotalPageFile size 16122M (AvailPageFile size 53M)
current process WorkingSet (physical memory assigned to process): 562M, peak: 824M
current process commit charge ("private bytes"): 1227M, peak: 1229M

vm_info: OpenJDK 64-Bit Server VM (21.0.10+7-LTS) for windows-amd64 JRE (21.0.10+7-LTS), built on 2026-01-20T00:00:00Z by "admin" with MS VC++ 17.12 (VS2022)

END.
