#
# There is insufficient memory for the Java Runtime Environment to continue.
# Native memory allocation (malloc) failed to allocate 1198928 bytes. Error detail: Chunk::new
# Possible reasons:
#   The system is out of physical RAM or swap space
#   This process is running with CompressedOops enabled, and the Java Heap may be blocking the growth of the native heap
# Possible solutions:
#   Reduce memory load on the system
#   Increase physical memory or swap space
#   Check if swap backing store is full
#   Decrease Java heap size (-Xmx/-Xms)
#   Decrease number of Java threads
#   Decrease Java thread stack sizes (-Xss)
#   Set larger code cache with -XX:ReservedCodeCacheSize=
#   JVM is running with Unscaled Compressed Oops mode in which the Java heap is
#     placed in the first 4GB address space. The Java Heap base address is the
#     maximum limit for the native heap growth. Please use -XX:HeapBaseMinAddress
#     to set the Java Heap base and to place the Java Heap above 4GB virtual address.
# This output file may be truncated or incomplete.
#
#  Out of Memory Error (arena.cpp:168), pid=24764, tid=13768
#
# JRE version: OpenJDK Runtime Environment Temurin-21.0.10+7 (21.0.10+7) (build 21.0.10+7-LTS)
# Java VM: OpenJDK 64-Bit Server VM Temurin-21.0.10+7 (21.0.10+7-LTS, mixed mode, sharing, tiered, compressed oops, compressed class ptrs, parallel gc, windows-amd64)
# No core dump will be written. Minidumps are not enabled by default on client versions of Windows
#

---------------  S U M M A R Y ------------

Command Line: --add-modules=ALL-SYSTEM --add-opens=java.base/java.util=ALL-UNNAMED --add-opens=java.base/java.lang=ALL-UNNAMED --add-opens=java.base/sun.nio.fs=ALL-UNNAMED -Declipse.application=org.eclipse.jdt.ls.core.id1 -Dosgi.bundles.defaultStartLevel=4 -Declipse.product=org.eclipse.jdt.ls.core.product -Djava.import.generatesMetadataFilesAtProjectRoot=false -DDetectVMInstallationsJob.disabled=true -Dfile.encoding=utf8 -XX:+UseParallelGC -XX:GCTimeRatio=4 -XX:AdaptiveSizePolicyWeight=90 -Dsun.zip.disableMemoryMapping=true -Xmx2G -Xms100m -Xlog:disable -javaagent:c:\Users\taylo\.vscode\extensions\redhat.java-1.54.0-win32-x64\lombok\lombok-1.18.39-4050.jar -XX:+HeapDumpOnOutOfMemoryError -XX:HeapDumpPath=c:\Users\taylo\AppData\Roaming\Code\User\workspaceStorage\83202137a7a62e7f0926968b5d7ddb10\redhat.java -Daether.dependencyCollector.impl=bf c:\Users\taylo\.vscode\extensions\redhat.java-1.54.0-win32-x64\server\plugins\org.eclipse.equinox.launcher_1.7.100.v20251111-0406.jar -configuration c:\Users\taylo\AppData\Roaming\Code\User\globalStorage\redhat.java\1.54.0\config_win -data c:\Users\taylo\AppData\Roaming\Code\User\workspaceStorage\83202137a7a62e7f0926968b5d7ddb10\redhat.java\jdt_ws --pipe=\\.\pipe\lsp-e9e6f8b6e909b60ef4d2e3bb92916f77-sock

Host: 11th Gen Intel(R) Core(TM) i5-11320H @ 3.20GHz, 8 cores, 7G,  Windows 11 , 64 bit Build 26100 (10.0.26100.8328)
Time: Tue Jun  2 22:21:06 2026 Hora Padrão de Buenos Aires elapsed time: 11.814099 seconds (0d 0h 0m 11s)

---------------  T H R E A D  ---------------

Current thread (0x00000221759b6a10):  JavaThread "C2 CompilerThread1" daemon [_thread_in_native, id=13768, stack(0x000000d6ad600000,0x000000d6ad700000) (1024K)]


Current CompileTask:
C2:11814 4519       4       org.eclipse.osgi.internal.serviceregistry.ServiceRegistry::notifyHooksPrivileged (57 bytes)

Stack: [0x000000d6ad600000,0x000000d6ad700000]
Native frames: (J=compiled Java code, j=interpreted, Vv=VM code, C=native code)
V  [jvm.dll+0x6d7a39]
V  [jvm.dll+0x8b4b26]
V  [jvm.dll+0x8b70de]
V  [jvm.dll+0x8b77c3]
V  [jvm.dll+0x284346]
V  [jvm.dll+0xc66ed]
V  [jvm.dll+0xc6c31]
V  [jvm.dll+0x3bec3b]
V  [jvm.dll+0x38b162]
V  [jvm.dll+0x38a5aa]
V  [jvm.dll+0x24c560]
V  [jvm.dll+0x24bb40]
V  [jvm.dll+0x1cb34e]
V  [jvm.dll+0x25b85d]
V  [jvm.dll+0x259dea]
V  [jvm.dll+0x3f857e]
V  [jvm.dll+0x85f59d]
V  [jvm.dll+0x6d626d]
C  [ucrtbase.dll+0x37b0]
C  [KERNEL32.DLL+0x2e957]
C  [ntdll.dll+0x427c]


---------------  P R O C E S S  ---------------

Threads class SMR info:
_java_thread_list=0x00000221749d62f0, length=24, elements={
0x000002215739cfc0, 0x00000221574597c0, 0x000002215745cd10, 0x000002216de162c0,
0x000002216de18e30, 0x000002216de19890, 0x000002216de1dc60, 0x000002216de22ac0,
0x000002216f746190, 0x000002216f929ad0, 0x000002216fa19df0, 0x000002217451d780,
0x00000221745ac050, 0x0000022174870c00, 0x00000221748829a0, 0x0000022174b15980,
0x0000022174f57d00, 0x0000022174c70770, 0x0000022174f570f0, 0x0000022174f55d40,
0x0000022174e39600, 0x00000221759b6a10, 0x0000022174e3b040, 0x0000022174e3a320
}

Java Threads: ( => current thread )
  0x000002215739cfc0 JavaThread "main"                              [_thread_blocked, id=6712, stack(0x000000d6ab700000,0x000000d6ab800000) (1024K)]
  0x00000221574597c0 JavaThread "Reference Handler"          daemon [_thread_blocked, id=18388, stack(0x000000d6abb00000,0x000000d6abc00000) (1024K)]
  0x000002215745cd10 JavaThread "Finalizer"                  daemon [_thread_blocked, id=21816, stack(0x000000d6abc00000,0x000000d6abd00000) (1024K)]
  0x000002216de162c0 JavaThread "Signal Dispatcher"          daemon [_thread_blocked, id=6392, stack(0x000000d6abd00000,0x000000d6abe00000) (1024K)]
  0x000002216de18e30 JavaThread "Attach Listener"            daemon [_thread_blocked, id=5084, stack(0x000000d6abe00000,0x000000d6abf00000) (1024K)]
  0x000002216de19890 JavaThread "Service Thread"             daemon [_thread_blocked, id=1480, stack(0x000000d6abf00000,0x000000d6ac000000) (1024K)]
  0x000002216de1dc60 JavaThread "Monitor Deflation Thread"   daemon [_thread_blocked, id=13744, stack(0x000000d6ac000000,0x000000d6ac100000) (1024K)]
  0x000002216de22ac0 JavaThread "C2 CompilerThread0"         daemon [_thread_in_native, id=11688, stack(0x000000d6ac100000,0x000000d6ac200000) (1024K)]
  0x000002216f746190 JavaThread "C1 CompilerThread0"         daemon [_thread_blocked, id=5468, stack(0x000000d6ac200000,0x000000d6ac300000) (1024K)]
  0x000002216f929ad0 JavaThread "Common-Cleaner"             daemon [_thread_blocked, id=23340, stack(0x000000d6ac300000,0x000000d6ac400000) (1024K)]
  0x000002216fa19df0 JavaThread "Notification Thread"        daemon [_thread_blocked, id=24376, stack(0x000000d6ac400000,0x000000d6ac500000) (1024K)]
  0x000002217451d780 JavaThread "Active Thread: Equinox Container: 4e38e190-5500-4fad-977e-8f8c0d55cde8"        [_thread_blocked, id=23420, stack(0x000000d6ac500000,0x000000d6ac600000) (1024K)]
  0x00000221745ac050 JavaThread "Refresh Thread: Equinox Container: 4e38e190-5500-4fad-977e-8f8c0d55cde8" daemon [_thread_blocked, id=12908, stack(0x000000d6acd00000,0x000000d6ace00000) (1024K)]
  0x0000022174870c00 JavaThread "Framework Event Dispatcher: Equinox Container: 4e38e190-5500-4fad-977e-8f8c0d55cde8" daemon [_thread_blocked, id=18768, stack(0x000000d6ace00000,0x000000d6acf00000) (1024K)]
  0x00000221748829a0 JavaThread "Start Level: Equinox Container: 4e38e190-5500-4fad-977e-8f8c0d55cde8" daemon [_thread_in_vm, id=16660, stack(0x000000d6acf00000,0x000000d6ad000000) (1024K)]
  0x0000022174b15980 JavaThread "Bundle File Closer"         daemon [_thread_blocked, id=8976, stack(0x000000d6ad200000,0x000000d6ad300000) (1024K)]
  0x0000022174f57d00 JavaThread "SCR Component Actor"        daemon [_thread_blocked, id=18780, stack(0x000000d6ad000000,0x000000d6ad100000) (1024K)]
  0x0000022174c70770 JavaThread "Worker-JM"                         [_thread_blocked, id=23368, stack(0x000000d6ad300000,0x000000d6ad400000) (1024K)]
  0x0000022174f570f0 JavaThread "JNA Cleaner"                daemon [_thread_blocked, id=21564, stack(0x000000d6ad100000,0x000000d6ad200000) (1024K)]
  0x0000022174f55d40 JavaThread "Worker-0"                          [_thread_blocked, id=964, stack(0x000000d6ad400000,0x000000d6ad500000) (1024K)]
  0x0000022174e39600 JavaThread "Worker-1: Repository registry initialization"        [_thread_in_vm, id=6208, stack(0x000000d6ad500000,0x000000d6ad600000) (1024K)]
=>0x00000221759b6a10 JavaThread "C2 CompilerThread1"         daemon [_thread_in_native, id=13768, stack(0x000000d6ad600000,0x000000d6ad700000) (1024K)]
  0x0000022174e3b040 JavaThread "Java indexing"              daemon [_thread_blocked, id=24932, stack(0x000000d6ad700000,0x000000d6ad800000) (1024K)]
  0x0000022174e3a320 JavaThread "Worker-2"                          [_thread_blocked, id=5484, stack(0x000000d6ad800000,0x000000d6ad900000) (1024K)]
Total: 24

Other Threads:
  0x000002215743f870 VMThread "VM Thread"                           [id=19852, stack(0x000000d6aba00000,0x000000d6abb00000) (1024K)]
  0x000002216dd2c950 WatcherThread "VM Periodic Task Thread"        [id=13176, stack(0x000000d6ab900000,0x000000d6aba00000) (1024K)]
  0x00000221573bba40 WorkerThread "GC Thread#0"                     [id=3716, stack(0x000000d6ab800000,0x000000d6ab900000) (1024K)]
  0x00000221743c3050 WorkerThread "GC Thread#1"                     [id=3172, stack(0x000000d6ac600000,0x000000d6ac700000) (1024K)]
  0x00000221743c3800 WorkerThread "GC Thread#2"                     [id=25592, stack(0x000000d6ac700000,0x000000d6ac800000) (1024K)]
  0x00000221743c3bb0 WorkerThread "GC Thread#3"                     [id=11720, stack(0x000000d6ac800000,0x000000d6ac900000) (1024K)]
  0x00000221743c3f60 WorkerThread "GC Thread#4"                     [id=16764, stack(0x000000d6ac900000,0x000000d6aca00000) (1024K)]
  0x00000221743c4310 WorkerThread "GC Thread#5"                     [id=17844, stack(0x000000d6aca00000,0x000000d6acb00000) (1024K)]
  0x00000221743c46c0 WorkerThread "GC Thread#6"                     [id=6932, stack(0x000000d6acb00000,0x000000d6acc00000) (1024K)]
  0x00000221744ff3f0 WorkerThread "GC Thread#7"                     [id=19392, stack(0x000000d6acc00000,0x000000d6acd00000) (1024K)]
Total: 10

Threads with active compile tasks:
C2 CompilerThread0  13657 4481   !   4       org.eclipse.osgi.internal.loader.classpath.ClasspathManager::findClassImpl (328 bytes)
C2 CompilerThread1  13657 4519       4       org.eclipse.osgi.internal.serviceregistry.ServiceRegistry::notifyHooksPrivileged (57 bytes)
Total: 2

VM state: not at safepoint (normal execution)

VM Mutex/Monitor currently owned by a thread: None

Heap address: 0x0000000080000000, size: 2048 MB, Compressed Oops mode: 32-bit

CDS archive(s) mapped at: [0x0000022100000000-0x0000022100ba0000-0x0000022100ba0000), size 12189696, SharedBaseAddress: 0x0000022100000000, ArchiveRelocationMode: 1.
Compressed class space mapped at: 0x0000022101000000-0x0000022141000000, reserved size: 1073741824
Narrow klass base: 0x0000022100000000, Narrow klass shift: 0, Narrow klass range: 0x100000000

GC Precious Log:
 CardTable entry size: 512
 CPUs: 8 total, 8 available
 Memory: 7930M
 Large Page Support: Disabled
 NUMA Support: Disabled
 Compressed Oops: Enabled (32-bit)
 Alignments: Space 512K, Generation 512K, Heap 2M
 Heap Min Capacity: 100M
 Heap Initial Capacity: 100M
 Heap Max Capacity: 2G
 Pre-touch: Disabled
 Parallel Workers: 8

Heap:
 PSYoungGen      total 24064K, used 5654K [0x00000000d5580000, 0x00000000d7200000, 0x0000000100000000)
  eden space 22528K, 19% used [0x00000000d5580000,0x00000000d59e2810,0x00000000d6b80000)
  from space 1536K, 75% used [0x00000000d6c00000,0x00000000d6d231e0,0x00000000d6d80000)
  to   space 2560K, 0% used [0x00000000d6f80000,0x00000000d6f80000,0x00000000d7200000)
 ParOldGen       total 68608K, used 16684K [0x0000000080000000, 0x0000000084300000, 0x00000000d5580000)
  object space 68608K, 24% used [0x0000000080000000,0x000000008104b0f0,0x0000000084300000)
 Metaspace       used 31365K, committed 32384K, reserved 1114112K
  class space    used 3186K, committed 3648K, reserved 1048576K

Card table byte_map: [0x0000022156d40000,0x0000022157150000] _byte_map_base: 0x0000022156940000

Marking Bits: (ParMarkBitMap*) 0x00007ffea3a13450
 Begin Bits: [0x0000022169850000, 0x000002216b850000)
 End Bits:   [0x000002216b850000, 0x000002216d850000)

Polling page: 0x0000022155360000

Metaspace:

Usage:
  Non-class:     27.52 MB used.
      Class:      3.11 MB used.
       Both:     30.63 MB used.

Virtual space:
  Non-class space:       64.00 MB reserved,      28.06 MB ( 44%) committed,  1 nodes.
      Class space:        1.00 GB reserved,       3.56 MB ( <1%) committed,  1 nodes.
             Both:        1.06 GB reserved,      31.62 MB (  3%) committed. 

Chunk freelists:
   Non-Class:  3.80 MB
       Class:  12.45 MB
        Both:  16.24 MB

MaxMetaspaceSize: unlimited
CompressedClassSpaceSize: 1.00 GB
Initial GC threshold: 21.00 MB
Current GC threshold: 35.00 MB
CDS: on
 - commit_granule_bytes: 65536.
 - commit_granule_words: 8192.
 - virtual_space_node_default_size: 8388608.
 - enlarge_chunks_in_place: 1.
 - use_allocation_guard: 0.


Internal statistics:

num_allocs_failed_limit: 3.
num_arena_births: 846.
num_arena_deaths: 14.
num_vsnodes_births: 2.
num_vsnodes_deaths: 0.
num_space_committed: 507.
num_space_uncommitted: 0.
num_chunks_returned_to_freelist: 17.
num_chunks_taken_from_freelist: 2141.
num_chunk_merges: 7.
num_chunk_splits: 1376.
num_chunks_enlarged: 832.
num_inconsistent_stats: 0.

CodeHeap 'non-profiled nmethods': size=120000Kb used=2330Kb max_used=2330Kb free=117669Kb
 bounds [0x0000022162070000, 0x00000221622e0000, 0x00000221695a0000]
CodeHeap 'profiled nmethods': size=120000Kb used=9746Kb max_used=9746Kb free=110253Kb
 bounds [0x000002215a5a0000, 0x000002215af30000, 0x0000022161ad0000]
CodeHeap 'non-nmethods': size=5760Kb used=1350Kb max_used=1387Kb free=4409Kb
 bounds [0x0000022161ad0000, 0x0000022161d40000, 0x0000022162070000]
CodeCache: size=245760Kb, used=13426Kb, max_used=13463Kb, free=232331Kb
 total_blobs=5217, nmethods=4586, adapters=537, full_count=0
Compilation: enabled, stopped_count=0, restarted_count=0

Compilation events (20 events):
Event: 10.407 Thread 0x000002216f746190 nmethod 4548 0x00000221622b3410 code [0x00000221622b35a0, 0x00000221622b3668]
Event: 10.408 Thread 0x000002216f746190 4550       3       org.objectweb.asm.ByteVector::enlarge (73 bytes)
Event: 10.409 Thread 0x000002216f746190 nmethod 4550 0x000002215af11110 code [0x000002215af112e0, 0x000002215af116c8]
Event: 10.409 Thread 0x000002216f746190 4551       3       java.util.TimSort::countRunAndMakeAscending (128 bytes)
Event: 10.410 Thread 0x000002216f746190 nmethod 4551 0x000002215af11810 code [0x000002215af11a20, 0x000002215af12120]
Event: 10.410 Thread 0x000002216f746190 4552       3       java.lang.reflect.Method::getAnnotation (6 bytes)
Event: 10.410 Thread 0x000002216f746190 nmethod 4552 0x000002215af12390 code [0x000002215af125c0, 0x000002215af12ca8]
Event: 10.410 Thread 0x000002216f746190 4553       3       java.lang.reflect.Executable::getAnnotation (23 bytes)
Event: 10.410 Thread 0x000002216f746190 nmethod 4553 0x000002215af12f10 code [0x000002215af13140, 0x000002215af137d0]
Event: 10.411 Thread 0x000002216f746190 4554       3       com.google.common.collect.AbstractIndexedListIterator::hasNext (17 bytes)
Event: 10.411 Thread 0x000002216f746190 nmethod 4554 0x000002215af13a10 code [0x000002215af13ba0, 0x000002215af13d08]
Event: 10.826 Thread 0x000002216f746190 4555       3       java.lang.Thread::isVirtual (5 bytes)
Event: 11.502 Thread 0x000002216f746190 nmethod 4555 0x000002215af13d90 code [0x000002215af13f40, 0x000002215af14148]
Event: 11.502 Thread 0x000002216f746190 4556       3       java.util.concurrent.locks.AbstractQueuedSynchronizer::casTail (13 bytes)
Event: 11.502 Thread 0x0000022176dd0350 4545       4       java.util.HashSet::add (20 bytes)
Event: 11.502 Thread 0x000002216f746190 nmethod 4556 0x000002215af14210 code [0x000002215af143a0, 0x000002215af144e0]
Event: 11.503 Thread 0x0000022176dd0350 nmethod 4545 0x00000221622b3b10 code [0x00000221622b3cc0, 0x00000221622b3dd8]
Event: 11.503 Thread 0x0000022176dd0350 4529       4       java.lang.Character::codePointAt (51 bytes)
Event: 11.505 Thread 0x0000022176dd0350 nmethod 4529 0x00000221622b3f10 code [0x00000221622b40c0, 0x00000221622b4290]
Event: 11.505 Thread 0x0000022176dd0350 4526       4       java.lang.ThreadLocal$ThreadLocalMap::set (133 bytes)

GC Heap History (20 events):
Event: 2.781 GC heap before
{Heap before GC invocations=2 (full 0):
 PSYoungGen      total 29696K, used 28903K [0x00000000d5580000, 0x00000000d7680000, 0x0000000100000000)
  eden space 25600K, 100% used [0x00000000d5580000,0x00000000d6e80000,0x00000000d6e80000)
  from space 4096K, 80% used [0x00000000d6e80000,0x00000000d71b9e98,0x00000000d7280000)
  to   space 4096K, 0% used [0x00000000d7280000,0x00000000d7280000,0x00000000d7680000)
 ParOldGen       total 68608K, used 8K [0x0000000080000000, 0x0000000084300000, 0x00000000d5580000)
  object space 68608K, 0% used [0x0000000080000000,0x0000000080002000,0x0000000084300000)
 Metaspace       used 8170K, committed 8448K, reserved 1114112K
  class space    used 858K, committed 960K, reserved 1048576K
}
Event: 2.789 GC heap after
{Heap after GC invocations=2 (full 0):
 PSYoungGen      total 29696K, used 4086K [0x00000000d5580000, 0x00000000d7680000, 0x0000000100000000)
  eden space 25600K, 0% used [0x00000000d5580000,0x00000000d5580000,0x00000000d6e80000)
  from space 4096K, 99% used [0x00000000d7280000,0x00000000d767d810,0x00000000d7680000)
  to   space 4096K, 0% used [0x00000000d6e80000,0x00000000d6e80000,0x00000000d7280000)
 ParOldGen       total 68608K, used 2017K [0x0000000080000000, 0x0000000084300000, 0x00000000d5580000)
  object space 68608K, 2% used [0x0000000080000000,0x00000000801f86a8,0x0000000084300000)
 Metaspace       used 8170K, committed 8448K, reserved 1114112K
  class space    used 858K, committed 960K, reserved 1048576K
}
Event: 3.439 GC heap before
{Heap before GC invocations=3 (full 0):
 PSYoungGen      total 29696K, used 29677K [0x00000000d5580000, 0x00000000d7680000, 0x0000000100000000)
  eden space 25600K, 99% used [0x00000000d5580000,0x00000000d6e7dce0,0x00000000d6e80000)
  from space 4096K, 99% used [0x00000000d7280000,0x00000000d767d810,0x00000000d7680000)
  to   space 4096K, 0% used [0x00000000d6e80000,0x00000000d6e80000,0x00000000d7280000)
 ParOldGen       total 68608K, used 2017K [0x0000000080000000, 0x0000000084300000, 0x00000000d5580000)
  object space 68608K, 2% used [0x0000000080000000,0x00000000801f86a8,0x0000000084300000)
 Metaspace       used 9469K, committed 9792K, reserved 1114112K
  class space    used 1009K, committed 1152K, reserved 1048576K
}
Event: 3.445 GC heap after
{Heap after GC invocations=3 (full 0):
 PSYoungGen      total 29696K, used 4088K [0x00000000d5580000, 0x00000000d7680000, 0x0000000100000000)
  eden space 25600K, 0% used [0x00000000d5580000,0x00000000d5580000,0x00000000d6e80000)
  from space 4096K, 99% used [0x00000000d6e80000,0x00000000d727e2b0,0x00000000d7280000)
  to   space 4096K, 0% used [0x00000000d7280000,0x00000000d7280000,0x00000000d7680000)
 ParOldGen       total 68608K, used 4959K [0x0000000080000000, 0x0000000084300000, 0x00000000d5580000)
  object space 68608K, 7% used [0x0000000080000000,0x00000000804d7c10,0x0000000084300000)
 Metaspace       used 9469K, committed 9792K, reserved 1114112K
  class space    used 1009K, committed 1152K, reserved 1048576K
}
Event: 6.089 GC heap before
{Heap before GC invocations=4 (full 0):
 PSYoungGen      total 29696K, used 29688K [0x00000000d5580000, 0x00000000d7680000, 0x0000000100000000)
  eden space 25600K, 100% used [0x00000000d5580000,0x00000000d6e80000,0x00000000d6e80000)
  from space 4096K, 99% used [0x00000000d6e80000,0x00000000d727e2b0,0x00000000d7280000)
  to   space 4096K, 0% used [0x00000000d7280000,0x00000000d7280000,0x00000000d7680000)
 ParOldGen       total 68608K, used 4959K [0x0000000080000000, 0x0000000084300000, 0x00000000d5580000)
  object space 68608K, 7% used [0x0000000080000000,0x00000000804d7c10,0x0000000084300000)
 Metaspace       used 11618K, committed 11968K, reserved 1114112K
  class space    used 1225K, committed 1408K, reserved 1048576K
}
Event: 6.094 GC heap after
{Heap after GC invocations=4 (full 0):
 PSYoungGen      total 29696K, used 4074K [0x00000000d5580000, 0x00000000d7680000, 0x0000000100000000)
  eden space 25600K, 0% used [0x00000000d5580000,0x00000000d5580000,0x00000000d6e80000)
  from space 4096K, 99% used [0x00000000d7280000,0x00000000d767a888,0x00000000d7680000)
  to   space 4096K, 0% used [0x00000000d6e80000,0x00000000d6e80000,0x00000000d7280000)
 ParOldGen       total 68608K, used 6845K [0x0000000080000000, 0x0000000084300000, 0x00000000d5580000)
  object space 68608K, 9% used [0x0000000080000000,0x00000000806af668,0x0000000084300000)
 Metaspace       used 11618K, committed 11968K, reserved 1114112K
  class space    used 1225K, committed 1408K, reserved 1048576K
}
Event: 6.905 GC heap before
{Heap before GC invocations=5 (full 0):
 PSYoungGen      total 29696K, used 29674K [0x00000000d5580000, 0x00000000d7680000, 0x0000000100000000)
  eden space 25600K, 100% used [0x00000000d5580000,0x00000000d6e80000,0x00000000d6e80000)
  from space 4096K, 99% used [0x00000000d7280000,0x00000000d767a888,0x00000000d7680000)
  to   space 4096K, 0% used [0x00000000d6e80000,0x00000000d6e80000,0x00000000d7280000)
 ParOldGen       total 68608K, used 6845K [0x0000000080000000, 0x0000000084300000, 0x00000000d5580000)
  object space 68608K, 9% used [0x0000000080000000,0x00000000806af668,0x0000000084300000)
 Metaspace       used 14735K, committed 15296K, reserved 1114112K
  class space    used 1508K, committed 1728K, reserved 1048576K
}
Event: 6.908 GC heap after
{Heap after GC invocations=5 (full 0):
 PSYoungGen      total 29184K, used 4068K [0x00000000d5580000, 0x00000000d7900000, 0x0000000100000000)
  eden space 25088K, 0% used [0x00000000d5580000,0x00000000d5580000,0x00000000d6e00000)
  from space 4096K, 99% used [0x00000000d6e80000,0x00000000d7279270,0x00000000d7280000)
  to   space 5632K, 0% used [0x00000000d7380000,0x00000000d7380000,0x00000000d7900000)
 ParOldGen       total 68608K, used 7517K [0x0000000080000000, 0x0000000084300000, 0x00000000d5580000)
  object space 68608K, 10% used [0x0000000080000000,0x0000000080757678,0x0000000084300000)
 Metaspace       used 14735K, committed 15296K, reserved 1114112K
  class space    used 1508K, committed 1728K, reserved 1048576K
}
Event: 8.047 GC heap before
{Heap before GC invocations=6 (full 0):
 PSYoungGen      total 29184K, used 29156K [0x00000000d5580000, 0x00000000d7900000, 0x0000000100000000)
  eden space 25088K, 100% used [0x00000000d5580000,0x00000000d6e00000,0x00000000d6e00000)
  from space 4096K, 99% used [0x00000000d6e80000,0x00000000d7279270,0x00000000d7280000)
  to   space 5632K, 0% used [0x00000000d7380000,0x00000000d7380000,0x00000000d7900000)
 ParOldGen       total 68608K, used 7517K [0x0000000080000000, 0x0000000084300000, 0x00000000d5580000)
  object space 68608K, 10% used [0x0000000080000000,0x0000000080757678,0x0000000084300000)
 Metaspace       used 18356K, committed 19136K, reserved 1114112K
  class space    used 1917K, committed 2240K, reserved 1048576K
}
Event: 8.052 GC heap after
{Heap after GC invocations=6 (full 0):
 PSYoungGen      total 29696K, used 5048K [0x00000000d5580000, 0x00000000d7880000, 0x0000000100000000)
  eden space 24576K, 0% used [0x00000000d5580000,0x00000000d5580000,0x00000000d6d80000)
  from space 5120K, 98% used [0x00000000d7380000,0x00000000d786e210,0x00000000d7880000)
  to   space 5120K, 0% used [0x00000000d6e80000,0x00000000d6e80000,0x00000000d7380000)
 ParOldGen       total 68608K, used 7525K [0x0000000080000000, 0x0000000084300000, 0x00000000d5580000)
  object space 68608K, 10% used [0x0000000080000000,0x0000000080759678,0x0000000084300000)
 Metaspace       used 18356K, committed 19136K, reserved 1114112K
  class space    used 1917K, committed 2240K, reserved 1048576K
}
Event: 8.463 GC heap before
{Heap before GC invocations=7 (full 0):
 PSYoungGen      total 29696K, used 29469K [0x00000000d5580000, 0x00000000d7880000, 0x0000000100000000)
  eden space 24576K, 99% used [0x00000000d5580000,0x00000000d6d59578,0x00000000d6d80000)
  from space 5120K, 98% used [0x00000000d7380000,0x00000000d786e210,0x00000000d7880000)
  to   space 5120K, 0% used [0x00000000d6e80000,0x00000000d6e80000,0x00000000d7380000)
 ParOldGen       total 68608K, used 7525K [0x0000000080000000, 0x0000000084300000, 0x00000000d5580000)
  object space 68608K, 10% used [0x0000000080000000,0x0000000080759678,0x0000000084300000)
 Metaspace       used 20627K, committed 21504K, reserved 1114112K
  class space    used 2180K, committed 2560K, reserved 1048576K
}
Event: 8.468 GC heap after
{Heap after GC invocations=7 (full 0):
 PSYoungGen      total 29696K, used 4840K [0x00000000d5580000, 0x00000000d7780000, 0x0000000100000000)
  eden space 24576K, 0% used [0x00000000d5580000,0x00000000d5580000,0x00000000d6d80000)
  from space 5120K, 94% used [0x00000000d6e80000,0x00000000d733a2f0,0x00000000d7380000)
  to   space 4096K, 0% used [0x00000000d7380000,0x00000000d7380000,0x00000000d7780000)
 ParOldGen       total 68608K, used 8894K [0x0000000080000000, 0x0000000084300000, 0x00000000d5580000)
  object space 68608K, 12% used [0x0000000080000000,0x00000000808af820,0x0000000084300000)
 Metaspace       used 20627K, committed 21504K, reserved 1114112K
  class space    used 2180K, committed 2560K, reserved 1048576K
}
Event: 8.468 GC heap before
{Heap before GC invocations=8 (full 1):
 PSYoungGen      total 29696K, used 4840K [0x00000000d5580000, 0x00000000d7780000, 0x0000000100000000)
  eden space 24576K, 0% used [0x00000000d5580000,0x00000000d5580000,0x00000000d6d80000)
  from space 5120K, 94% used [0x00000000d6e80000,0x00000000d733a2f0,0x00000000d7380000)
  to   space 4096K, 0% used [0x00000000d7380000,0x00000000d7380000,0x00000000d7780000)
 ParOldGen       total 68608K, used 8894K [0x0000000080000000, 0x0000000084300000, 0x00000000d5580000)
  object space 68608K, 12% used [0x0000000080000000,0x00000000808af820,0x0000000084300000)
 Metaspace       used 20627K, committed 21504K, reserved 1114112K
  class space    used 2180K, committed 2560K, reserved 1048576K
}
Event: 8.505 GC heap after
{Heap after GC invocations=8 (full 1):
 PSYoungGen      total 29696K, used 0K [0x00000000d5580000, 0x00000000d7780000, 0x0000000100000000)
  eden space 24576K, 0% used [0x00000000d5580000,0x00000000d5580000,0x00000000d6d80000)
  from space 5120K, 0% used [0x00000000d6e80000,0x00000000d6e80000,0x00000000d7380000)
  to   space 4096K, 0% used [0x00000000d7380000,0x00000000d7380000,0x00000000d7780000)
 ParOldGen       total 68608K, used 13139K [0x0000000080000000, 0x0000000084300000, 0x00000000d5580000)
  object space 68608K, 19% used [0x0000000080000000,0x0000000080cd4e90,0x0000000084300000)
 Metaspace       used 20614K, committed 21504K, reserved 1114112K
  class space    used 2176K, committed 2560K, reserved 1048576K
}
Event: 8.826 GC heap before
{Heap before GC invocations=9 (full 1):
 PSYoungGen      total 29696K, used 24576K [0x00000000d5580000, 0x00000000d7780000, 0x0000000100000000)
  eden space 24576K, 100% used [0x00000000d5580000,0x00000000d6d80000,0x00000000d6d80000)
  from space 5120K, 0% used [0x00000000d6e80000,0x00000000d6e80000,0x00000000d7380000)
  to   space 4096K, 0% used [0x00000000d7380000,0x00000000d7380000,0x00000000d7780000)
 ParOldGen       total 68608K, used 13139K [0x0000000080000000, 0x0000000084300000, 0x00000000d5580000)
  object space 68608K, 19% used [0x0000000080000000,0x0000000080cd4e90,0x0000000084300000)
 Metaspace       used 22521K, committed 23552K, reserved 1114112K
  class space    used 2360K, committed 2816K, reserved 1048576K
}
Event: 8.828 GC heap after
{Heap after GC invocations=9 (full 1):
 PSYoungGen      total 27136K, used 2644K [0x00000000d5580000, 0x00000000d7680000, 0x0000000100000000)
  eden space 24064K, 0% used [0x00000000d5580000,0x00000000d5580000,0x00000000d6d00000)
  from space 3072K, 86% used [0x00000000d7380000,0x00000000d76150a8,0x00000000d7680000)
  to   space 3584K, 0% used [0x00000000d6f80000,0x00000000d6f80000,0x00000000d7300000)
 ParOldGen       total 68608K, used 13147K [0x0000000080000000, 0x0000000084300000, 0x00000000d5580000)
  object space 68608K, 19% used [0x0000000080000000,0x0000000080cd6e90,0x0000000084300000)
 Metaspace       used 22521K, committed 23552K, reserved 1114112K
  class space    used 2360K, committed 2816K, reserved 1048576K
}
Event: 9.143 GC heap before
{Heap before GC invocations=10 (full 1):
 PSYoungGen      total 27136K, used 26708K [0x00000000d5580000, 0x00000000d7680000, 0x0000000100000000)
  eden space 24064K, 100% used [0x00000000d5580000,0x00000000d6d00000,0x00000000d6d00000)
  from space 3072K, 86% used [0x00000000d7380000,0x00000000d76150a8,0x00000000d7680000)
  to   space 3584K, 0% used [0x00000000d6f80000,0x00000000d6f80000,0x00000000d7300000)
 ParOldGen       total 68608K, used 13147K [0x0000000080000000, 0x0000000084300000, 0x00000000d5580000)
  object space 68608K, 19% used [0x0000000080000000,0x0000000080cd6e90,0x0000000084300000)
 Metaspace       used 26314K, committed 27392K, reserved 1114112K
  class space    used 2632K, committed 3072K, reserved 1048576K
}
Event: 9.145 GC heap after
{Heap after GC invocations=10 (full 1):
 PSYoungGen      total 25088K, used 1495K [0x00000000d5580000, 0x00000000d7400000, 0x0000000100000000)
  eden space 23552K, 0% used [0x00000000d5580000,0x00000000d5580000,0x00000000d6c80000)
  from space 1536K, 97% used [0x00000000d6f80000,0x00000000d70f5fc8,0x00000000d7100000)
  to   space 2560K, 0% used [0x00000000d7180000,0x00000000d7180000,0x00000000d7400000)
 ParOldGen       total 68608K, used 13155K [0x0000000080000000, 0x0000000084300000, 0x00000000d5580000)
  object space 68608K, 19% used [0x0000000080000000,0x0000000080cd8e90,0x0000000084300000)
 Metaspace       used 26314K, committed 27392K, reserved 1114112K
  class space    used 2632K, committed 3072K, reserved 1048576K
}
Event: 9.704 GC heap before
{Heap before GC invocations=11 (full 1):
 PSYoungGen      total 25088K, used 25047K [0x00000000d5580000, 0x00000000d7400000, 0x0000000100000000)
  eden space 23552K, 100% used [0x00000000d5580000,0x00000000d6c80000,0x00000000d6c80000)
  from space 1536K, 97% used [0x00000000d6f80000,0x00000000d70f5fc8,0x00000000d7100000)
  to   space 2560K, 0% used [0x00000000d7180000,0x00000000d7180000,0x00000000d7400000)
 ParOldGen       total 68608K, used 13155K [0x0000000080000000, 0x0000000084300000, 0x00000000d5580000)
  object space 68608K, 19% used [0x0000000080000000,0x0000000080cd8e90,0x0000000084300000)
 Metaspace       used 27920K, committed 28992K, reserved 1114112K
  class space    used 2736K, committed 3200K, reserved 1048576K
}
Event: 9.706 GC heap after
{Heap after GC invocations=11 (full 1):
 PSYoungGen      total 25600K, used 2536K [0x00000000d5580000, 0x00000000d7400000, 0x0000000100000000)
  eden space 23040K, 0% used [0x00000000d5580000,0x00000000d5580000,0x00000000d6c00000)
  from space 2560K, 99% used [0x00000000d7180000,0x00000000d73fa2b0,0x00000000d7400000)
  to   space 4096K, 0% used [0x00000000d6c00000,0x00000000d6c00000,0x00000000d7000000)
 ParOldGen       total 68608K, used 14213K [0x0000000080000000, 0x0000000084300000, 0x00000000d5580000)
  object space 68608K, 20% used [0x0000000080000000,0x0000000080de1558,0x0000000084300000)
 Metaspace       used 27920K, committed 28992K, reserved 1114112K
  class space    used 2736K, committed 3200K, reserved 1048576K
}

Dll operation events (10 events):
Event: 0.026 Loaded shared library c:\Users\taylo\.vscode\extensions\redhat.java-1.54.0-win32-x64\jre\21.0.10-win32-x86_64\bin\java.dll
Event: 0.155 Loaded shared library c:\Users\taylo\.vscode\extensions\redhat.java-1.54.0-win32-x64\jre\21.0.10-win32-x86_64\bin\zip.dll
Event: 0.189 Loaded shared library C:\Users\taylo\.vscode\extensions\redhat.java-1.54.0-win32-x64\jre\21.0.10-win32-x86_64\bin\instrument.dll
Event: 0.205 Loaded shared library C:\Users\taylo\.vscode\extensions\redhat.java-1.54.0-win32-x64\jre\21.0.10-win32-x86_64\bin\net.dll
Event: 0.209 Loaded shared library C:\Users\taylo\.vscode\extensions\redhat.java-1.54.0-win32-x64\jre\21.0.10-win32-x86_64\bin\nio.dll
Event: 0.219 Loaded shared library C:\Users\taylo\.vscode\extensions\redhat.java-1.54.0-win32-x64\jre\21.0.10-win32-x86_64\bin\zip.dll
Event: 0.257 Loaded shared library C:\Users\taylo\.vscode\extensions\redhat.java-1.54.0-win32-x64\jre\21.0.10-win32-x86_64\bin\jimage.dll
Event: 0.410 Loaded shared library c:\Users\taylo\.vscode\extensions\redhat.java-1.54.0-win32-x64\jre\21.0.10-win32-x86_64\bin\verify.dll
Event: 3.016 Loaded shared library C:\Users\taylo\AppData\Roaming\Code\User\globalStorage\redhat.java\1.54.0\config_win\org.eclipse.equinox.launcher\org.eclipse.equinox.launcher.win32.win32.x86_64_1.3.0.v20260203-2149\eclipse_11919.dll
Event: 7.811 Loaded shared library C:\Users\taylo\AppData\Local\Temp\jna-110137903\jna15625197245163381294.dll

Deoptimization events (20 events):
Event: 9.782 Thread 0x0000022174e39600 Uncommon trap: trap_request=0xffffffde fr.pc=0x00000221622611b8 relative=0x00000000000000f8
Event: 9.782 Thread 0x0000022174e39600 Uncommon trap: reason=class_check action=maybe_recompile pc=0x00000221622611b8 method=java.lang.Character.codePointAt(Ljava/lang/CharSequence;I)I @ 2 c2
Event: 9.782 Thread 0x0000022174e39600 DEOPT PACKING pc=0x00000221622611b8 sp=0x000000d6ad5feb20
Event: 9.782 Thread 0x0000022174e39600 DEOPT UNPACKING pc=0x0000022161b26da2 sp=0x000000d6ad5feaa8 mode 2
Event: 9.782 Thread 0x0000022174e39600 Uncommon trap: trap_request=0xffffffde fr.pc=0x00000221622611b8 relative=0x00000000000000f8
Event: 9.782 Thread 0x0000022174e39600 Uncommon trap: reason=class_check action=maybe_recompile pc=0x00000221622611b8 method=java.lang.Character.codePointAt(Ljava/lang/CharSequence;I)I @ 2 c2
Event: 9.782 Thread 0x0000022174e39600 DEOPT PACKING pc=0x00000221622611b8 sp=0x000000d6ad5feb20
Event: 9.782 Thread 0x0000022174e39600 DEOPT UNPACKING pc=0x0000022161b26da2 sp=0x000000d6ad5feaa8 mode 2
Event: 9.782 Thread 0x0000022174e39600 Uncommon trap: trap_request=0xffffffde fr.pc=0x00000221622611b8 relative=0x00000000000000f8
Event: 9.782 Thread 0x0000022174e39600 Uncommon trap: reason=class_check action=maybe_recompile pc=0x00000221622611b8 method=java.lang.Character.codePointAt(Ljava/lang/CharSequence;I)I @ 2 c2
Event: 9.782 Thread 0x0000022174e39600 DEOPT PACKING pc=0x00000221622611b8 sp=0x000000d6ad5feb20
Event: 9.782 Thread 0x0000022174e39600 DEOPT UNPACKING pc=0x0000022161b26da2 sp=0x000000d6ad5feaa8 mode 2
Event: 9.783 Thread 0x0000022174e39600 Uncommon trap: trap_request=0xffffff76 fr.pc=0x000002216222f500 relative=0x0000000000000380
Event: 9.783 Thread 0x0000022174e39600 Uncommon trap: reason=predicate action=maybe_recompile pc=0x000002216222f500 method=java.util.regex.Pattern$BmpCharPropertyGreedy.match(Ljava/util/regex/Matcher;ILjava/lang/CharSequence;)Z @ 12 c2
Event: 9.783 Thread 0x0000022174e39600 DEOPT PACKING pc=0x000002216222f500 sp=0x000000d6ad5fea60
Event: 9.783 Thread 0x0000022174e39600 DEOPT UNPACKING pc=0x0000022161b26da2 sp=0x000000d6ad5fea08 mode 2
Event: 9.838 Thread 0x00000221748829a0 DEOPT PACKING pc=0x000002215aa84bbc sp=0x000000d6acffa8e0
Event: 9.838 Thread 0x00000221748829a0 DEOPT UNPACKING pc=0x0000022161b278e2 sp=0x000000d6acff9e78 mode 0
Event: 9.968 Thread 0x0000022174e39600 DEOPT PACKING pc=0x000002215ac67946 sp=0x000000d6ad5fcff0
Event: 9.968 Thread 0x0000022174e39600 DEOPT UNPACKING pc=0x0000022161b278e2 sp=0x000000d6ad5fc570 mode 0

Classes loaded (20 events):
Event: 10.211 Loading class sun/reflect/annotation/TypeAnnotation$TypeAnnotationTarget
Event: 10.211 Loading class sun/reflect/annotation/TypeAnnotation$TypeAnnotationTarget done
Event: 10.211 Loading class sun/reflect/annotation/TypeAnnotation$LocationInfo
Event: 10.212 Loading class sun/reflect/annotation/TypeAnnotation$LocationInfo done
Event: 10.212 Loading class sun/reflect/annotation/TypeAnnotation$LocationInfo$Location
Event: 10.212 Loading class sun/reflect/annotation/TypeAnnotation$LocationInfo$Location done
Event: 10.212 Loading class sun/reflect/annotation/AnnotatedTypeFactory
Event: 10.213 Loading class sun/reflect/annotation/AnnotatedTypeFactory done
Event: 10.213 Loading class sun/reflect/annotation/AnnotatedTypeFactory$AnnotatedTypeBaseImpl
Event: 10.213 Loading class sun/reflect/annotation/AnnotatedTypeFactory$AnnotatedTypeBaseImpl done
Event: 10.334 Loading class java/lang/annotation/ElementType
Event: 10.335 Loading class java/lang/annotation/ElementType done
Event: 10.367 Loading class java/lang/reflect/ParameterizedType
Event: 10.367 Loading class java/lang/reflect/ParameterizedType done
Event: 10.370 Loading class java/lang/reflect/WildcardType
Event: 10.370 Loading class java/lang/reflect/WildcardType done
Event: 10.373 Loading class sun/reflect/generics/tree/TypeVariableSignature
Event: 10.373 Loading class sun/reflect/generics/tree/TypeVariableSignature done
Event: 10.404 Loading class java/lang/Deprecated
Event: 10.404 Loading class java/lang/Deprecated done

Classes unloaded (7 events):
Event: 8.474 Thread 0x000002215743f870 Unloading class 0x00000221011ac800 'java/lang/invoke/LambdaForm$MH+0x00000221011ac800'
Event: 8.474 Thread 0x000002215743f870 Unloading class 0x00000221011ac400 'java/lang/invoke/LambdaForm$MH+0x00000221011ac400'
Event: 8.474 Thread 0x000002215743f870 Unloading class 0x00000221011ac000 'java/lang/invoke/LambdaForm$MH+0x00000221011ac000'
Event: 8.474 Thread 0x000002215743f870 Unloading class 0x00000221011abc00 'java/lang/invoke/LambdaForm$MH+0x00000221011abc00'
Event: 8.474 Thread 0x000002215743f870 Unloading class 0x00000221011ab800 'java/lang/invoke/LambdaForm$BMH+0x00000221011ab800'
Event: 8.474 Thread 0x000002215743f870 Unloading class 0x00000221011ab400 'java/lang/invoke/LambdaForm$DMH+0x00000221011ab400'
Event: 8.474 Thread 0x000002215743f870 Unloading class 0x00000221011aa000 'java/lang/invoke/LambdaForm$DMH+0x00000221011aa000'

Classes redefined (0 events):
No events

Internal exceptions (20 events):
Event: 8.528 Thread 0x00000221748829a0 Exception <a 'java/lang/NoSuchMethodError'{0x00000000d56192d0}: 'int java.lang.invoke.DirectMethodHandle$Holder.invokeStatic(java.lang.Object, long)'> (0x00000000d56192d0) 
thrown [s\src\hotspot\share\interpreter\linkResolver.cpp, line 773]
Event: 8.530 Thread 0x00000221748829a0 Exception <a 'java/lang/NoSuchMethodError'{0x00000000d5637fb8}: 'int java.lang.invoke.Invokers$Holder.linkToTargetMethod(java.lang.Object, java.lang.Object)'> (0x00000000d5637fb8) 
thrown [s\src\hotspot\share\interpreter\linkResolver.cpp, line 773]
Event: 8.565 Thread 0x00000221748829a0 Exception <a 'java/lang/NoSuchMethodError'{0x00000000d5723d80}: 'java.lang.Object java.lang.invoke.Invokers$Holder.invoke_MT(java.lang.Object, java.lang.Object, java.lang.Object, java.lang.Object, java.lang.Object, java.lang.Object, java.lang.Object, java.lang.Object, java.lang.Object, java.lang.Object, java.lang.Object)'> (0x00000000d5723d80) 
thrown [s\src\hotspot\share\interpreter\linkResolver.cpp, line 773]
Event: 8.576 Thread 0x00000221748829a0 Exception <a 'java/lang/NoSuchMethodError'{0x00000000d57b0200}: 'java.lang.Object java.lang.invoke.Invokers$Holder.invoke_MT(java.lang.Object, java.lang.Object, java.lang.Object, java.lang.Object, java.lang.Object, java.lang.Object, java.lang.Object, java.lang.Object, java.lang.Object, java.lang.Object)'> (0x00000000d57b0200) 
thrown [s\src\hotspot\share\interpreter\linkResolver.cpp, line 773]
Event: 8.592 Thread 0x00000221748829a0 Exception <a 'java/lang/NoSuchMethodError'{0x00000000d5850d50}: 'java.lang.Object java.lang.invoke.DirectMethodHandle$Holder.newInvokeSpecial(java.lang.Object, java.lang.Object, java.lang.Object, java.lang.Object, java.lang.Object, java.lang.Object, java.lang.Object)'> (0x00000000d5850d50) 
thrown [s\src\hotspot\share\interpreter\linkResolver.cpp, line 773]
Event: 8.606 Thread 0x00000221748829a0 Exception <a 'java/lang/NoSuchMethodError'{0x00000000d58c8668}: 'java.lang.Object java.lang.invoke.Invokers$Holder.invoker(java.lang.Object, java.lang.Object, java.lang.Object, java.lang.Object, java.lang.Object, java.lang.Object, java.lang.Object, java.lang.Object, java.lang.Object, java.lang.Object, java.lang.Object, java.lang.Object, java.lang.Object)'> (0x00000000d58c8668) 
thrown [s\src\hotspot\share\interpreter\linkResolver.cpp, line 773]
Event: 8.607 Thread 0x00000221748829a0 Exception <a 'java/lang/NoSuchMethodError'{0x00000000d58d2b00}: 'java.lang.Object java.lang.invoke.DelegatingMethodHandle$Holder.delegate(java.lang.Object, java.lang.Object, java.lang.Object, java.lang.Object, java.lang.Object, java.lang.Object, java.lang.Object, java.lang.Object, java.lang.Object, java.lang.Object, java.lang.Object, java.lang.Object, java.lang.Object)'> (0x00000000d58d2b00) 
thrown [s\src\hotspot\share\interpreter\linkResolver.cpp, line 773]
Event: 8.620 Thread 0x00000221748829a0 Exception <a 'java/lang/NoSuchMethodError'{0x00000000d593a5a0}: static Lorg/eclipse/m2e/core/internal/lifecyclemapping/model/PluginExecutionMetadata;.<clinit>()V> (0x00000000d593a5a0) 
thrown [s\src\hotspot\share\prims\jni.cpp, line 1111]
Event: 8.626 Thread 0x00000221748829a0 Exception <a 'java/lang/NoSuchMethodError'{0x00000000d599ba38}: static Lorg/eclipse/m2e/core/internal/lifecyclemapping/model/PluginExecutionFilter;.<clinit>()V> (0x00000000d599ba38) 
thrown [s\src\hotspot\share\prims\jni.cpp, line 1111]
Event: 8.630 Thread 0x00000221748829a0 Exception <a 'java/lang/NoSuchMethodError'{0x00000000d59d1810}: static Lorg/eclipse/m2e/core/internal/project/registry/MavenProjectFacade$MavenProjectConfiguration;.<clinit>()V> (0x00000000d59d1810) 
thrown [s\src\hotspot\share\prims\jni.cpp, line 1111]
Event: 8.693 Thread 0x00000221748829a0 Exception <a 'java/lang/NoSuchMethodError'{0x00000000d5e4f740}: 'double java.lang.invoke.DirectMethodHandle$Holder.invokeStatic(java.lang.Object, java.lang.Object)'> (0x00000000d5e4f740) 
thrown [s\src\hotspot\share\interpreter\linkResolver.cpp, line 773]
Event: 8.694 Thread 0x00000221748829a0 Exception <a 'java/lang/NoSuchMethodError'{0x00000000d5e52e00}: 'double java.lang.invoke.DirectMethodHandle$Holder.invokeStaticInit(java.lang.Object, java.lang.Object)'> (0x00000000d5e52e00) 
thrown [s\src\hotspot\share\interpreter\linkResolver.cpp, line 773]
Event: 9.092 Thread 0x00000221748829a0 Implicit null exception at 0x0000022162265e75 to 0x0000022162265f88
Event: 9.233 Thread 0x00000221748829a0 Exception <a 'java/lang/NoSuchMethodError'{0x00000000d640a370}: 'java.lang.Object java.lang.invoke.DirectMethodHandle$Holder.newInvokeSpecial(java.lang.Object, int, java.lang.Object, java.lang.Object)'> (0x00000000d640a370) 
thrown [s\src\hotspot\share\interpreter\linkResolver.cpp, line 773]
Event: 9.235 Thread 0x00000221748829a0 Exception <a 'java/io/FileNotFoundException'{0x00000000d6420178}> (0x00000000d6420178) 
thrown [s\src\hotspot\share\prims\jni.cpp, line 520]
Event: 9.235 Thread 0x00000221748829a0 Exception <a 'java/io/FileNotFoundException'{0x00000000d64211a8}> (0x00000000d64211a8) 
thrown [s\src\hotspot\share\prims\jni.cpp, line 520]
Event: 9.722 Thread 0x00000221748829a0 Exception <a 'java/lang/ClassNotFoundException'{0x00000000d5621058}: com/sun/org/apache/xerces/internal/impl/msg/spi/DOMMessagesProvider> (0x00000000d5621058) 
thrown [s\src\hotspot\share\classfile\systemDictionary.cpp, line 312]
Event: 9.724 Thread 0x00000221748829a0 Exception <a 'java/lang/ClassNotFoundException'{0x00000000d56454b8}: com/sun/org/apache/xerces/internal/impl/msg/spi/XMLSerializerMessagesProvider> (0x00000000d56454b8) 
thrown [s\src\hotspot\share\classfile\systemDictionary.cpp, line 312]
Event: 9.725 Thread 0x00000221748829a0 Exception <a 'java/lang/ClassNotFoundException'{0x00000000d565d7e8}: com/sun/org/apache/xerces/internal/impl/msg/spi/XMLMessagesProvider> (0x00000000d565d7e8) 
thrown [s\src\hotspot\share\classfile\systemDictionary.cpp, line 312]
Event: 9.880 Thread 0x0000022174e39600 Exception <a 'java/lang/NoSuchMethodError'{0x00000000d5afeab0}: 'java.lang.Object java.lang.invoke.DirectMethodHandle$Holder.invokeSpecialIFC(java.lang.Object, java.lang.Object, java.lang.Object, java.lang.Object)'> (0x00000000d5afeab0) 
thrown [s\src\hotspot\share\interpreter\linkResolver.cpp, line 773]

ZGC Phase Switch (0 events):
No events

VM Operations (20 events):
Event: 8.026 Executing non-safepoint VM operation: HandshakeAllThreads (Deoptimize) done
Event: 8.034 Executing non-safepoint VM operation: HandshakeAllThreads (Deoptimize)
Event: 8.035 Executing non-safepoint VM operation: HandshakeAllThreads (Deoptimize) done
Event: 8.047 Executing safepoint VM operation: ParallelGCFailedAllocation (Allocation Failure)
Event: 8.052 Executing safepoint VM operation: ParallelGCFailedAllocation (Allocation Failure) done
Event: 8.458 Executing non-safepoint VM operation: HandshakeAllThreads (Deoptimize)
Event: 8.458 Executing non-safepoint VM operation: HandshakeAllThreads (Deoptimize) done
Event: 8.463 Executing safepoint VM operation: CollectForMetadataAllocation (Metadata GC Threshold)
Event: 8.505 Executing safepoint VM operation: CollectForMetadataAllocation (Metadata GC Threshold) done
Event: 8.826 Executing safepoint VM operation: ParallelGCFailedAllocation (Allocation Failure)
Event: 8.828 Executing safepoint VM operation: ParallelGCFailedAllocation (Allocation Failure) done
Event: 9.143 Executing safepoint VM operation: ParallelGCFailedAllocation (Allocation Failure)
Event: 9.145 Executing safepoint VM operation: ParallelGCFailedAllocation (Allocation Failure) done
Event: 9.690 Executing safepoint VM operation: ParallelGCFailedAllocation (Allocation Failure)
Event: 9.706 Executing safepoint VM operation: ParallelGCFailedAllocation (Allocation Failure) done
Event: 9.726 Executing non-safepoint VM operation: HandshakeAllThreads (Deoptimize)
Event: 9.726 Executing non-safepoint VM operation: HandshakeAllThreads (Deoptimize) done
Event: 9.954 Executing non-safepoint VM operation: HandshakeAllThreads (Deoptimize)
Event: 11.517 Executing non-safepoint VM operation: HandshakeAllThreads (Deoptimize) done
Event: 11.517 Executing safepoint VM operation: Cleanup

Memory protections (0 events):
No events

Nmethod flushes (0 events):
No events

Events (20 events):
Event: 3.025 Thread 0x00000221745ac050 Thread added: 0x0000022174870c00
Event: 3.033 Thread 0x000002215739cfc0 Thread added: 0x00000221748829a0
Event: 3.233 Thread 0x000002216f746190 Thread added: 0x00000221745c51a0
Event: 3.234 Thread 0x000002216f746190 Thread added: 0x000002217485c620
Event: 3.507 Thread 0x00000221748829a0 Thread added: 0x0000022174b15980
Event: 3.571 Thread 0x000002217485c620 Thread exited: 0x000002217485c620
Event: 3.723 Thread 0x00000221745c51a0 Thread exited: 0x00000221745c51a0
Event: 6.031 Thread 0x00000221748829a0 Thread added: 0x0000022174f57d00
Event: 6.434 Thread 0x000002216f746190 Thread added: 0x0000022174cab660
Event: 6.832 Thread 0x00000221748829a0 Thread added: 0x0000022174c70770
Event: 7.314 Thread 0x0000022174cab660 Thread exited: 0x0000022174cab660
Event: 7.840 Thread 0x00000221748829a0 Thread added: 0x0000022174f570f0
Event: 7.886 Thread 0x00000221748829a0 Thread added: 0x0000022174f55d40
Event: 7.913 Thread 0x00000221748829a0 Thread added: 0x0000022174e39600
Event: 8.118 Thread 0x000002216f746190 Thread added: 0x00000221746f4da0
Event: 9.058 Thread 0x00000221746f4da0 Thread exited: 0x00000221746f4da0
Event: 9.296 Thread 0x000002216f746190 Thread added: 0x00000221759b6a10
Event: 9.838 Thread 0x00000221748829a0 Thread added: 0x0000022174e3b040
Event: 9.840 Thread 0x0000022174f55d40 Thread added: 0x0000022174e3a320
Event: 11.502 Thread 0x000002216f746190 Thread added: 0x0000022176dd0350


Dynamic libraries:
0x00007ff73d690000 - 0x00007ff73d69e000 	c:\Users\taylo\.vscode\extensions\redhat.java-1.54.0-win32-x64\jre\21.0.10-win32-x86_64\bin\java.exe
0x00007fff4dbe0000 - 0x00007fff4de47000 	C:\WINDOWS\SYSTEM32\ntdll.dll
0x00007fff4d4a0000 - 0x00007fff4d569000 	C:\WINDOWS\System32\KERNEL32.DLL
0x00007fff4a800000 - 0x00007fff4abf7000 	C:\WINDOWS\System32\KERNELBASE.dll
0x00007fff4ac00000 - 0x00007fff4ad4b000 	C:\WINDOWS\System32\ucrtbase.dll
0x00007fff46b70000 - 0x00007fff46b88000 	c:\Users\taylo\.vscode\extensions\redhat.java-1.54.0-win32-x64\jre\21.0.10-win32-x86_64\bin\jli.dll
0x00007fff4cb00000 - 0x00007fff4ccc6000 	C:\WINDOWS\System32\USER32.dll
0x00007fff4b8a0000 - 0x00007fff4b8c7000 	C:\WINDOWS\System32\win32u.dll
0x00007fff4ccd0000 - 0x00007fff4ccfb000 	C:\WINDOWS\System32\GDI32.dll
0x00007fff4a6d0000 - 0x00007fff4a7fc000 	C:\WINDOWS\System32\gdi32full.dll
0x00007fff4aed0000 - 0x00007fff4af73000 	C:\WINDOWS\System32\msvcp_win.dll
0x00007fff2a540000 - 0x00007fff2a7d2000 	C:\WINDOWS\WinSxS\amd64_microsoft.windows.common-controls_6595b64144ccf1df_6.0.26100.8457_none_3e0b2faee331e92d\COMCTL32.dll
0x00007fff4c0e0000 - 0x00007fff4c189000 	C:\WINDOWS\System32\msvcrt.dll
0x00007fff42c30000 - 0x00007fff42c4e000 	c:\Users\taylo\.vscode\extensions\redhat.java-1.54.0-win32-x64\jre\21.0.10-win32-x86_64\bin\VCRUNTIME140.dll
0x00007fff4d600000 - 0x00007fff4d632000 	C:\WINDOWS\System32\IMM32.DLL
0x00007fff304d0000 - 0x00007fff304dc000 	c:\Users\taylo\.vscode\extensions\redhat.java-1.54.0-win32-x64\jre\21.0.10-win32-x86_64\bin\vcruntime140_1.dll
0x00007fff21640000 - 0x00007fff216cd000 	c:\Users\taylo\.vscode\extensions\redhat.java-1.54.0-win32-x64\jre\21.0.10-win32-x86_64\bin\msvcp140.dll
0x00007ffea2d50000 - 0x00007ffea3af1000 	c:\Users\taylo\.vscode\extensions\redhat.java-1.54.0-win32-x64\jre\21.0.10-win32-x86_64\bin\server\jvm.dll
0x00007fff4cd00000 - 0x00007fff4cdb6000 	C:\WINDOWS\System32\ADVAPI32.dll
0x00007fff4cf60000 - 0x00007fff4d007000 	C:\WINDOWS\System32\sechost.dll
0x00007fff4d640000 - 0x00007fff4d758000 	C:\WINDOWS\System32\RPCRT4.dll
0x00007fff4b960000 - 0x00007fff4b9e0000 	C:\WINDOWS\System32\WS2_32.dll
0x00007fff4a470000 - 0x00007fff4a4ce000 	C:\WINDOWS\SYSTEM32\POWRPROF.dll
0x00007fff479c0000 - 0x00007fff479f6000 	C:\WINDOWS\SYSTEM32\WINMM.dll
0x00007fff373b0000 - 0x00007fff373bb000 	C:\WINDOWS\SYSTEM32\VERSION.dll
0x00007fff4a450000 - 0x00007fff4a464000 	C:\WINDOWS\SYSTEM32\UMPDC.dll
0x00007fff493a0000 - 0x00007fff493bb000 	C:\WINDOWS\SYSTEM32\kernel.appcore.dll
0x00007fff304c0000 - 0x00007fff304ca000 	c:\Users\taylo\.vscode\extensions\redhat.java-1.54.0-win32-x64\jre\21.0.10-win32-x86_64\bin\jimage.dll
0x00007fff48470000 - 0x00007fff486b2000 	C:\WINDOWS\SYSTEM32\DBGHELP.DLL
0x00007fff4bd50000 - 0x00007fff4c0d3000 	C:\WINDOWS\System32\combase.dll
0x00007fff4ba20000 - 0x00007fff4baf9000 	C:\WINDOWS\System32\OLEAUT32.dll
0x00007fff47980000 - 0x00007fff479bb000 	C:\WINDOWS\SYSTEM32\dbgcore.DLL
0x00007fff4b7f0000 - 0x00007fff4b898000 	C:\WINDOWS\System32\bcryptPrimitives.dll
0x00007fff301c0000 - 0x00007fff301cf000 	c:\Users\taylo\.vscode\extensions\redhat.java-1.54.0-win32-x64\jre\21.0.10-win32-x86_64\bin\instrument.dll
0x00007fff30140000 - 0x00007fff30160000 	c:\Users\taylo\.vscode\extensions\redhat.java-1.54.0-win32-x64\jre\21.0.10-win32-x86_64\bin\java.dll
0x00007fff4c370000 - 0x00007fff4cade000 	C:\WINDOWS\System32\SHELL32.dll
0x00007fff4af80000 - 0x00007fff4b7ec000 	C:\WINDOWS\System32\windows.storage.dll
0x00007fff4da40000 - 0x00007fff4db36000 	C:\WINDOWS\System32\SHCORE.dll
0x00007fff4bbe0000 - 0x00007fff4bc46000 	C:\WINDOWS\System32\shlwapi.dll
0x00007fff4a530000 - 0x00007fff4a559000 	C:\WINDOWS\SYSTEM32\profapi.dll
0x00007fff30120000 - 0x00007fff30138000 	c:\Users\taylo\.vscode\extensions\redhat.java-1.54.0-win32-x64\jre\21.0.10-win32-x86_64\bin\zip.dll
0x00007fff30110000 - 0x00007fff30120000 	C:\Users\taylo\.vscode\extensions\redhat.java-1.54.0-win32-x64\jre\21.0.10-win32-x86_64\bin\net.dll
0x00007fff38bd0000 - 0x00007fff38cf9000 	C:\WINDOWS\SYSTEM32\WINHTTP.dll
0x00007fff49910000 - 0x00007fff4997c000 	C:\WINDOWS\system32\mswsock.dll
0x00007fff2f6c0000 - 0x00007fff2f6d6000 	C:\Users\taylo\.vscode\extensions\redhat.java-1.54.0-win32-x64\jre\21.0.10-win32-x86_64\bin\nio.dll
0x00007fff30100000 - 0x00007fff30110000 	c:\Users\taylo\.vscode\extensions\redhat.java-1.54.0-win32-x64\jre\21.0.10-win32-x86_64\bin\verify.dll
0x00007fff22db0000 - 0x00007fff22df5000 	C:\Users\taylo\AppData\Roaming\Code\User\globalStorage\redhat.java\1.54.0\config_win\org.eclipse.equinox.launcher\org.eclipse.equinox.launcher.win32.win32.x86_64_1.3.0.v20260203-2149\eclipse_11919.dll
0x00007fff4cdc0000 - 0x00007fff4cf57000 	C:\WINDOWS\System32\ole32.dll
0x00007fff49c00000 - 0x00007fff49c1b000 	C:\WINDOWS\SYSTEM32\CRYPTSP.dll
0x00007fff49300000 - 0x00007fff49339000 	C:\WINDOWS\system32\rsaenh.dll
0x00007fff499c0000 - 0x00007fff499f3000 	C:\WINDOWS\SYSTEM32\USERENV.dll
0x00007fff4a500000 - 0x00007fff4a52a000 	C:\WINDOWS\SYSTEM32\bcrypt.dll
0x00007fff49bf0000 - 0x00007fff49bfc000 	C:\WINDOWS\SYSTEM32\CRYPTBASE.dll
0x00007fff48ec0000 - 0x00007fff48ef2000 	C:\WINDOWS\SYSTEM32\IPHLPAPI.DLL
0x00007fff4d780000 - 0x00007fff4d78a000 	C:\WINDOWS\System32\NSI.dll
0x00007fff12a00000 - 0x00007fff12a49000 	C:\Users\taylo\AppData\Local\Temp\jna-110137903\jna15625197245163381294.dll
0x00007fff4caf0000 - 0x00007fff4caf8000 	C:\WINDOWS\System32\PSAPI.DLL

JVMTI agents:
c:\Users\taylo\.vscode\extensions\redhat.java-1.54.0-win32-x64\lombok\lombok-1.18.39-4050.jar path:c:\Users\taylo\.vscode\extensions\redhat.java-1.54.0-win32-x64\jre\21.0.10-win32-x86_64\bin\instrument.dll, loaded, initialized, instrumentlib options:none

dbghelp: loaded successfully - version: 4.0.5 - missing functions: none
symbol engine: initialized successfully - sym options: 0x614 - pdb path: .;c:\Users\taylo\.vscode\extensions\redhat.java-1.54.0-win32-x64\jre\21.0.10-win32-x86_64\bin;C:\WINDOWS\SYSTEM32;C:\WINDOWS\WinSxS\amd64_microsoft.windows.common-controls_6595b64144ccf1df_6.0.26100.8457_none_3e0b2faee331e92d;c:\Users\taylo\.vscode\extensions\redhat.java-1.54.0-win32-x64\jre\21.0.10-win32-x86_64\bin\server;C:\Users\taylo\AppData\Roaming\Code\User\globalStorage\redhat.java\1.54.0\config_win\org.eclipse.equinox.launcher\org.eclipse.equinox.launcher.win32.win32.x86_64_1.3.0.v20260203-2149;C:\Users\taylo\AppData\Local\Temp\jna-110137903

VM Arguments:
jvm_args: --add-modules=ALL-SYSTEM --add-opens=java.base/java.util=ALL-UNNAMED --add-opens=java.base/java.lang=ALL-UNNAMED --add-opens=java.base/sun.nio.fs=ALL-UNNAMED -Declipse.application=org.eclipse.jdt.ls.core.id1 -Dosgi.bundles.defaultStartLevel=4 -Declipse.product=org.eclipse.jdt.ls.core.product -Djava.import.generatesMetadataFilesAtProjectRoot=false -DDetectVMInstallationsJob.disabled=true -Dfile.encoding=utf8 -XX:+UseParallelGC -XX:GCTimeRatio=4 -XX:AdaptiveSizePolicyWeight=90 -Dsun.zip.disableMemoryMapping=true -Xmx2G -Xms100m -Xlog:disable -javaagent:c:\Users\taylo\.vscode\extensions\redhat.java-1.54.0-win32-x64\lombok\lombok-1.18.39-4050.jar -XX:+HeapDumpOnOutOfMemoryError -XX:HeapDumpPath=c:\Users\taylo\AppData\Roaming\Code\User\workspaceStorage\83202137a7a62e7f0926968b5d7ddb10\redhat.java -Daether.dependencyCollector.impl=bf 
java_command: c:\Users\taylo\.vscode\extensions\redhat.java-1.54.0-win32-x64\server\plugins\org.eclipse.equinox.launcher_1.7.100.v20251111-0406.jar -configuration c:\Users\taylo\AppData\Roaming\Code\User\globalStorage\redhat.java\1.54.0\config_win -data c:\Users\taylo\AppData\Roaming\Code\User\workspaceStorage\83202137a7a62e7f0926968b5d7ddb10\redhat.java\jdt_ws --pipe=\\.\pipe\lsp-e9e6f8b6e909b60ef4d2e3bb92916f77-sock
java_class_path (initial): c:\Users\taylo\.vscode\extensions\redhat.java-1.54.0-win32-x64\server\plugins\org.eclipse.equinox.launcher_1.7.100.v20251111-0406.jar
Launcher Type: SUN_STANDARD

[Global flags]
    uintx AdaptiveSizePolicyWeight                 = 90                                        {product} {command line}
     intx CICompilerCount                          = 4                                         {product} {ergonomic}
    uintx GCTimeRatio                              = 4                                         {product} {command line}
     bool HeapDumpOnOutOfMemoryError               = true                                   {manageable} {command line}
    ccstr HeapDumpPath                             = c:\Users\taylo\AppData\Roaming\Code\User\workspaceStorage\83202137a7a62e7f0926968b5d7ddb10\redhat.java         {manageable} {command line}
   size_t InitialHeapSize                          = 104857600                                 {product} {command line}
   size_t MaxHeapSize                              = 2147483648                                {product} {command line}
   size_t MaxNewSize                               = 715653120                                 {product} {ergonomic}
   size_t MinHeapDeltaBytes                        = 524288                                    {product} {ergonomic}
   size_t MinHeapSize                              = 104857600                                 {product} {command line}
   size_t NewSize                                  = 34603008                                  {product} {ergonomic}
    uintx NonNMethodCodeHeapSize                   = 5839372                                {pd product} {ergonomic}
    uintx NonProfiledCodeHeapSize                  = 122909434                              {pd product} {ergonomic}
   size_t OldSize                                  = 70254592                                  {product} {ergonomic}
    uintx ProfiledCodeHeapSize                     = 122909434                              {pd product} {ergonomic}
    uintx ReservedCodeCacheSize                    = 251658240                              {pd product} {ergonomic}
     bool SegmentedCodeCache                       = true                                      {product} {ergonomic}
   size_t SoftMaxHeapSize                          = 2147483648                             {manageable} {ergonomic}
     bool UseCompressedOops                        = true                           {product lp64_product} {ergonomic}
     bool UseLargePagesIndividualAllocation        = false                                  {pd product} {ergonomic}
     bool UseParallelGC                            = true                                      {product} {command line}

Logging:
Log output configuration:
 #0: stdout all=off uptime,level,tags foldmultilines=false
 #1: stderr all=off uptime,level,tags foldmultilines=false

Release file:
JAVA_VERSION="21.0.10" 
MODULES="java.base java.compiler java.datatransfer java.xml java.prefs java.desktop java.instrument java.logging java.management java.security.sasl java.naming java.rmi java.management.rmi java.net.http java.scripting java.security.jgss java.transaction.xa java.sql java.sql.rowset java.xml.crypto java.se java.smartcardio jdk.accessibility jdk.internal.jvmstat jdk.attach jdk.charsets jdk.internal.opt jdk.zipfs jdk.compiler jdk.crypto.ec jdk.crypto.cryptoki jdk.crypto.mscapi jdk.dynalink jdk.internal.ed jdk.editpad jdk.hotspot.agent jdk.httpserver jdk.internal.le jdk.internal.vm.ci jdk.internal.vm.compiler jdk.internal.vm.compiler.management jdk.jartool jdk.javadoc jdk.jcmd jdk.management jdk.management.agent jdk.jconsole jdk.jdeps jdk.jdwp.agent jdk.jdi jdk.jfr jdk.jshell jdk.jsobject jdk.jstatd jdk.localedata jdk.management.jfr jdk.naming.dns jdk.naming.rmi jdk.net jdk.nio.mapmode jdk.random jdk.sctp jdk.security.auth jdk.security.jgss jdk.unsupported jdk.unsupported.desktop jdk.xml.dom" 

Environment Variables:
JAVA_HOME=C:\Program Files\Java\jdk-24
PATH=C:\Program Files\Common Files\Oracle\Java\javapath;C:\WINDOWS\system32;C:\WINDOWS;C:\WINDOWS\System32\Wbem;C:\WINDOWS\System32\WindowsPowerShell\v1.0\;C:\WINDOWS\System32\OpenSSH\;C:\Program Files\dotnet\;C:\Program Files\Git\cmd;C:\Program Files\nodejs\;C:\Program Files (x86)\PowerShell\7\;%GRADLE_HOME%\bin;%JAVA_HOME%\bin;%MAVEN_HOME%\bin;C:\Program Files\MySQL\MySQL Shell 8.0\bin\;C:\Users\taylo\AppData\Local\Microsoft\WindowsApps;C:\Users\taylo\AppData\Local\Programs\Microsoft VS Code\bin;C:\Users\taylo\AppData\Roaming\npm;C:\Users\taylo\.dotnet\tools;C:\Program Files\PostgreSQL\17\bin;
USERNAME=taylo
OS=Windows_NT
PROCESSOR_IDENTIFIER=Intel64 Family 6 Model 140 Stepping 2, GenuineIntel
TMP=C:\Users\taylo\AppData\Local\Temp
TEMP=C:\Users\taylo\AppData\Local\Temp




Periodic native trim disabled

---------------  S Y S T E M  ---------------

OS:
 Windows 11 , 64 bit Build 26100 (10.0.26100.8328)
OS uptime: 0 days 2:01 hours
Hyper-V role detected

CPU: total 8 (initial active 8) (4 cores per cpu, 2 threads per core) family 6 model 140 stepping 2 microcode 0x3c, cx8, cmov, fxsr, ht, mmx, 3dnowpref, sse, sse2, sse3, ssse3, sse4.1, sse4.2, popcnt, lzcnt, tsc, tscinvbit, avx, avx2, aes, erms, clmul, bmi1, bmi2, adx, avx512f, avx512dq, avx512cd, avx512bw, avx512vl, sha, fma, vzeroupper, avx512_vpopcntdq, avx512_vpclmulqdq, avx512_vaes, avx512_vnni, clflush, clflushopt, clwb, avx512_vbmi2, avx512_vbmi, hv, rdtscp, rdpid, fsrm, gfni, avx512_bitalg, f16c, cet_ibt, cet_ss, avx512_ifma
Processor Information for the first 8 processors :
  Max Mhz: 2496, Current Mhz: 2496, Mhz Limit: 2496

Memory: 4k page, system-wide physical 7930M (857M free)
TotalPageFile size 16122M (AvailPageFile size 10M)
current process WorkingSet (physical memory assigned to process): 181M, peak: 182M
current process commit charge ("private bytes"): 307M, peak: 312M

vm_info: OpenJDK 64-Bit Server VM (21.0.10+7-LTS) for windows-amd64 JRE (21.0.10+7-LTS), built on 2026-01-20T00:00:00Z by "admin" with MS VC++ 17.12 (VS2022)

END.
