#
# There is insufficient memory for the Java Runtime Environment to continue.
# Native memory allocation (mmap) failed to map 130023424 bytes. Error detail: G1 virtual space
# Possible reasons:
#   The system is out of physical RAM or swap space
#   This process is running with CompressedOops enabled, and the Java Heap may be blocking the growth of the native heap
# Possible solutions:
#   Reduce memory load on the system
#   Increase physical memory or swap space
#   Check if swap backing store is full
#   Decrease Java heap size (-Xmx/-Xms)
#   Decrease number of Java threads
#   Decrease Java thread stack sizes (-Xss)
#   Set larger code cache with -XX:ReservedCodeCacheSize=
#   JVM is running with Unscaled Compressed Oops mode in which the Java heap is
#     placed in the first 4GB address space. The Java Heap base address is the
#     maximum limit for the native heap growth. Please use -XX:HeapBaseMinAddress
#     to set the Java Heap base and to place the Java Heap above 4GB virtual address.
# This output file may be truncated or incomplete.
#
#  Out of Memory Error (os_windows.cpp:3564), pid=6740, tid=18428
#
# JRE version:  (24.0+36) (build )
# Java VM: Java HotSpot(TM) 64-Bit Server VM (24+36-3646, mixed mode, sharing, tiered, compressed oops, compressed class ptrs, g1 gc, windows-amd64)
# No core dump will be written. Minidumps are not enabled by default on client versions of Windows
#

---------------  S U M M A R Y ------------

Command Line: -Dclassworlds.conf=C:\Users\taylo\.m2\wrapper\dists\apache-maven-3.9.16\0daed3be3ebd1c706f0e69e8b07c6b73f5cc4ea3dfce72a8d0ec2e849ca2ddb0\bin\m2.conf -Dmaven.home=C:\Users\taylo\.m2\wrapper\dists\apache-maven-3.9.16\0daed3be3ebd1c706f0e69e8b07c6b73f5cc4ea3dfce72a8d0ec2e849ca2ddb0 -Dlibrary.jansi.path=C:\Users\taylo\.m2\wrapper\dists\apache-maven-3.9.16\0daed3be3ebd1c706f0e69e8b07c6b73f5cc4ea3dfce72a8d0ec2e849ca2ddb0\lib\jansi-native -Dmaven.multiModuleProjectDirectory=C:\Users\taylo\OneDrive\Área de Trabalho\SIGET\siget-backend org.codehaus.plexus.classworlds.launcher.Launcher spring-boot:run

Host: 11th Gen Intel(R) Core(TM) i5-11320H @ 3.20GHz, 8 cores, 7G,  Windows 11 , 64 bit Build 26100 (10.0.26100.8328)
Time: Tue Jun  2 22:30:12 2026 Hora Padrão de Buenos Aires elapsed time: 2.070462 seconds (0d 0h 0m 2s)

---------------  T H R E A D  ---------------

Current thread (0x00000227ec684ce0):  JavaThread "Unknown thread" [_thread_in_vm, id=18428, stack(0x000000c340300000,0x000000c340400000) (1024K)]

Stack: [0x000000c340300000,0x000000c340400000]
Native frames: (J=compiled Java code, j=interpreted, Vv=VM code, C=native code)
V  [jvm.dll+0x7308c9]  (no source info available)
V  [jvm.dll+0x8d9ca3]  (no source info available)
V  [jvm.dll+0x8dc13d]  (no source info available)
V  [jvm.dll+0x8dc7b3]  (no source info available)
V  [jvm.dll+0x2aa046]  (no source info available)
V  [jvm.dll+0x72cdf5]  (no source info available)
V  [jvm.dll+0x72091a]  (no source info available)
V  [jvm.dll+0x390d8a]  (no source info available)
V  [jvm.dll+0x398a96]  (no source info available)
V  [jvm.dll+0x3852de]  (no source info available)
V  [jvm.dll+0x385598]  (no source info available)
V  [jvm.dll+0x35d16c]  (no source info available)
V  [jvm.dll+0x35de2d]  (no source info available)
V  [jvm.dll+0x89d41f]  (no source info available)
V  [jvm.dll+0x3f98fd]  (no source info available)
V  [jvm.dll+0x885a76]  (no source info available)
V  [jvm.dll+0x49604e]  (no source info available)
V  [jvm.dll+0x497e21]  (no source info available)
C  [jli.dll+0x52a1]  (no source info available)
C  [ucrtbase.dll+0x37b0]  (no source info available)
C  [KERNEL32.DLL+0x2e957]  (no source info available)
C  [ntdll.dll+0x427c]  (no source info available)

Lock stack of current Java thread (top to bottom):


---------------  P R O C E S S  ---------------

Threads class SMR info:
_java_thread_list=0x00007ffea473f318, length=0, elements={
}

Java Threads: ( => current thread )
Total: 0

Other Threads:
  0x00000227eeaf7e70 WorkerThread "GC Thread#0"                     [id=25160, stack(0x000000c340400000,0x000000c340500000) (1024K)]
  0x00000227eeb256a0 ConcurrentGCThread "G1 Main Marker"            [id=180, stack(0x000000c340500000,0x000000c340600000) (1024K)]
  0x00000227eeb260b0 WorkerThread "G1 Conc#0"                       [id=21680, stack(0x000000c340600000,0x000000c340700000) (1024K)]

[error occurred during error reporting (printing all threads), id 0xc0000005, EXCEPTION_ACCESS_VIOLATION (0xc0000005) at pc=0x00007ffea3e7158a]
VM state: not at safepoint (not fully initialized)

VM Mutex/Monitor currently owned by a thread:  ([mutex/lock_event])
[0x00007ffea47c45c0] Heap_lock - owner thread: 0x00000227ec684ce0

Heap address: 0x0000000084000000, size: 1984 MB, Compressed Oops mode: 32-bit

CDS archive(s) mapped at: [0x0000000000000000-0x0000000000000000-0x0000000000000000), size 0, SharedBaseAddress: 0x0000000800000000, ArchiveRelocationMode: 1.
UseCompressedClassPointers 1, UseCompactObjectHeaders 0
Narrow klass pointer bits 32, Max shift 3
Narrow klass base: 0xffffffffffffffff, Narrow klass shift: -1
Encoding Range: [0xffffffffffffffff - 0x000000007fffffff), (2147483648 bytes)
Klass Range:    [0x0000000000000000 - 0x0000000000000000), (0 bytes)
Klass ID Range:  [4294967295 - 0) (1)

GC Precious Log:
 CardTable entry size: 512
 Card Set container configuration: InlinePtr #cards 5 size 8 Array Of Cards #cards 10 size 36 Howl #buckets 4 coarsen threshold 1843 Howl Bitmap #cards 512 size 80 coarsen threshold 460 Card regions per heap region 1 cards per card region 2048

Heap:
 garbage-first heap   total reserved 2031616K, committed 0K, used 0K [0x0000000084000000, 0x0000000100000000)
  region size 1024K, 0 young (0K), 0 survivors (0K)

[error occurred during error reporting (printing heap information), id 0xc0000005, EXCEPTION_ACCESS_VIOLATION (0xc0000005) at pc=0x00007ffea428e579]
GC Heap History (0 events):
No events

Dll operation events (1 events):
Event: 0.008 Loaded shared library C:\Program Files\Java\jdk-24\bin\java.dll

Deoptimization events (0 events):
No events

Classes loaded (0 events):
No events

Classes unloaded (0 events):
No events

Classes redefined (0 events):
No events

Internal exceptions (0 events):
No events

VM Operations (0 events):
No events

Memory protections (0 events):
No events

Nmethod flushes (0 events):
No events

Events (0 events):
No events


Dynamic libraries:
0x00007ff738b40000 - 0x00007ff738b50000 	C:\Program Files\Java\jdk-24\bin\java.exe
0x00007fff4dbe0000 - 0x00007fff4de47000 	C:\WINDOWS\SYSTEM32\ntdll.dll
0x00007fff4d4a0000 - 0x00007fff4d569000 	C:\WINDOWS\System32\KERNEL32.DLL
0x00007fff4a800000 - 0x00007fff4abf7000 	C:\WINDOWS\System32\KERNELBASE.dll
0x00007fff4ac00000 - 0x00007fff4ad4b000 	C:\WINDOWS\System32\ucrtbase.dll
0x00007fff307b0000 - 0x00007fff307c6000 	C:\Program Files\Java\jdk-24\bin\jli.dll
0x00007fff42bd0000 - 0x00007fff42beb000 	C:\Program Files\Java\jdk-24\bin\VCRUNTIME140.dll
0x00007fff4cb00000 - 0x00007fff4ccc6000 	C:\WINDOWS\System32\USER32.dll
0x00007fff4b8a0000 - 0x00007fff4b8c7000 	C:\WINDOWS\System32\win32u.dll
0x00007fff2a540000 - 0x00007fff2a7d2000 	C:\WINDOWS\WinSxS\amd64_microsoft.windows.common-controls_6595b64144ccf1df_6.0.26100.8457_none_3e0b2faee331e92d\COMCTL32.dll
0x00007fff4ccd0000 - 0x00007fff4ccfb000 	C:\WINDOWS\System32\GDI32.dll
0x00007fff4c0e0000 - 0x00007fff4c189000 	C:\WINDOWS\System32\msvcrt.dll
0x00007fff4a6d0000 - 0x00007fff4a7fc000 	C:\WINDOWS\System32\gdi32full.dll
0x00007fff4aed0000 - 0x00007fff4af73000 	C:\WINDOWS\System32\msvcp_win.dll
0x00007fff4d600000 - 0x00007fff4d632000 	C:\WINDOWS\System32\IMM32.DLL
0x00007fff42bc0000 - 0x00007fff42bcc000 	C:\Program Files\Java\jdk-24\bin\vcruntime140_1.dll
0x00007fff301d0000 - 0x00007fff3025e000 	C:\Program Files\Java\jdk-24\bin\msvcp140.dll
0x00007ffea3b00000 - 0x00007ffea48a2000 	C:\Program Files\Java\jdk-24\bin\server\jvm.dll
0x00007fff4cd00000 - 0x00007fff4cdb6000 	C:\WINDOWS\System32\ADVAPI32.dll
0x00007fff4cf60000 - 0x00007fff4d007000 	C:\WINDOWS\System32\sechost.dll
0x00007fff4d640000 - 0x00007fff4d758000 	C:\WINDOWS\System32\RPCRT4.dll
0x00007fff4b960000 - 0x00007fff4b9e0000 	C:\WINDOWS\System32\WS2_32.dll
0x00007fff4a470000 - 0x00007fff4a4ce000 	C:\WINDOWS\SYSTEM32\POWRPROF.dll
0x00007fff373b0000 - 0x00007fff373bb000 	C:\WINDOWS\SYSTEM32\VERSION.dll
0x00007fff479c0000 - 0x00007fff479f6000 	C:\WINDOWS\SYSTEM32\WINMM.dll
0x00007fff4a450000 - 0x00007fff4a464000 	C:\WINDOWS\SYSTEM32\UMPDC.dll
0x00007fff493a0000 - 0x00007fff493bb000 	C:\WINDOWS\SYSTEM32\kernel.appcore.dll
0x00007fff35de0000 - 0x00007fff35dea000 	C:\Program Files\Java\jdk-24\bin\jimage.dll
0x00007fff48470000 - 0x00007fff486b2000 	C:\WINDOWS\SYSTEM32\DBGHELP.DLL
0x00007fff4bd50000 - 0x00007fff4c0d3000 	C:\WINDOWS\System32\combase.dll
0x00007fff4ba20000 - 0x00007fff4baf9000 	C:\WINDOWS\System32\OLEAUT32.dll
0x00007fff47980000 - 0x00007fff479bb000 	C:\WINDOWS\SYSTEM32\dbgcore.DLL
0x00007fff4b7f0000 - 0x00007fff4b898000 	C:\WINDOWS\System32\bcryptPrimitives.dll
0x00007fff30790000 - 0x00007fff307ae000 	C:\Program Files\Java\jdk-24\bin\java.dll
0x00007fff4cdc0000 - 0x00007fff4cf57000 	C:\WINDOWS\System32\ole32.dll
0x00007fff4c370000 - 0x00007fff4cade000 	C:\WINDOWS\System32\SHELL32.dll

dbghelp: loaded successfully - version: 4.0.5 - missing functions: none
symbol engine: initialized successfully - sym options: 0x614 - pdb path: .;C:\Program Files\Java\jdk-24\bin;C:\WINDOWS\SYSTEM32;C:\WINDOWS\WinSxS\amd64_microsoft.windows.common-controls_6595b64144ccf1df_6.0.26100.8457_none_3e0b2faee331e92d;C:\Program Files\Java\jdk-24\bin\server

VM Arguments:
jvm_args: -Dclassworlds.conf=C:\Users\taylo\.m2\wrapper\dists\apache-maven-3.9.16\0daed3be3ebd1c706f0e69e8b07c6b73f5cc4ea3dfce72a8d0ec2e849ca2ddb0\bin\m2.conf -Dmaven.home=C:\Users\taylo\.m2\wrapper\dists\apache-maven-3.9.16\0daed3be3ebd1c706f0e69e8b07c6b73f5cc4ea3dfce72a8d0ec2e849ca2ddb0 -Dlibrary.jansi.path=C:\Users\taylo\.m2\wrapper\dists\apache-maven-3.9.16\0daed3be3ebd1c706f0e69e8b07c6b73f5cc4ea3dfce72a8d0ec2e849ca2ddb0\lib\jansi-native -Dmaven.multiModuleProjectDirectory=C:\Users\taylo\OneDrive\Área de Trabalho\SIGET\siget-backend 
java_command: org.codehaus.plexus.classworlds.launcher.Launcher spring-boot:run
java_class_path (initial): C:\Users\taylo\.m2\wrapper\dists\apache-maven-3.9.16\0daed3be3ebd1c706f0e69e8b07c6b73f5cc4ea3dfce72a8d0ec2e849ca2ddb0\boot\plexus-classworlds-2.11.0.jar
Launcher Type: SUN_STANDARD

[Global flags]
     intx CICompilerCount                          = 4                                         {product} {ergonomic}
     uint ConcGCThreads                            = 2                                         {product} {ergonomic}
     uint G1ConcRefinementThreads                  = 8                                         {product} {ergonomic}
   size_t G1HeapRegionSize                         = 1048576                                   {product} {ergonomic}
   size_t InitialHeapSize                          = 130023424                                 {product} {ergonomic}
   size_t MarkStackSize                            = 4194304                                   {product} {ergonomic}
   size_t MarkStackSizeMax                         = 536870912                                 {product} {ergonomic}
   size_t MaxHeapSize                              = 2080374784                                {product} {ergonomic}
   size_t MinHeapDeltaBytes                        = 1048576                                   {product} {ergonomic}
   size_t MinHeapSize                              = 8388608                                   {product} {ergonomic}
    uintx NonNMethodCodeHeapSize                   = 5832704                                {pd product} {ergonomic}
    uintx NonProfiledCodeHeapSize                  = 122945536                              {pd product} {ergonomic}
    uintx ProfiledCodeHeapSize                     = 122880000                              {pd product} {ergonomic}
    uintx ReservedCodeCacheSize                    = 251658240                              {pd product} {ergonomic}
     bool SegmentedCodeCache                       = true                                      {product} {ergonomic}
   size_t SoftMaxHeapSize                          = 2080374784                             {manageable} {ergonomic}
     bool UseCompressedOops                        = true                           {product lp64_product} {ergonomic}
     bool UseG1GC                                  = true                                      {product} {ergonomic}
     bool UseLargePagesIndividualAllocation        = false                                  {pd product} {ergonomic}

Logging:
Log output configuration:
 #0: stdout all=warning uptime,level,tags foldmultilines=false
 #1: stderr all=off uptime,level,tags foldmultilines=false

Environment Variables:
JAVA_HOME=C:\Program Files\Java\jdk-24
PATH=C:\Program Files (x86)\PowerShell\7;C:\Program Files\Common Files\Oracle\Java\javapath;C:\WINDOWS\system32;C:\WINDOWS;C:\WINDOWS\System32\Wbem;C:\WINDOWS\System32\WindowsPowerShell\v1.0\;C:\WINDOWS\System32\OpenSSH\;C:\Program Files\dotnet\;C:\Program Files\Git\cmd;C:\Program Files\nodejs\;C:\Program Files (x86)\PowerShell\7\;%GRADLE_HOME%\bin;%JAVA_HOME%\bin;%MAVEN_HOME%\bin;C:\Program Files\MySQL\MySQL Shell 8.0\bin\;C:\Users\taylo\AppData\Local\Microsoft\WindowsApps;C:\Users\taylo\AppData\Local\Programs\Microsoft VS Code\bin;C:\Users\taylo\AppData\Roaming\npm;C:\Users\taylo\.dotnet\tools;C:\Program Files\PostgreSQL\17\bin;c:\Users\taylo\.vscode\extensions\vscjava.vscode-java-debug-0.59.0\bundled\scripts\noConfigScripts
USERNAME=taylo
LANG=pt_BR.UTF-8
OS=Windows_NT
PROCESSOR_IDENTIFIER=Intel64 Family 6 Model 140 Stepping 2, GenuineIntel
TMP=C:\Users\taylo\AppData\Local\Temp
TEMP=C:\Users\taylo\AppData\Local\Temp




Periodic native trim disabled

---------------  S Y S T E M  ---------------

OS:
 Windows 11 , 64 bit Build 26100 (10.0.26100.8328)
OS uptime: 0 days 2:10 hours
Hyper-V role detected

CPU: total 8 (initial active 8) (4 cores per cpu, 2 threads per core) family 6 model 140 stepping 2 microcode 0x3c, cx8, cmov, fxsr, ht, mmx, 3dnowpref, sse, sse2, sse3, ssse3, sse4.1, sse4.2, popcnt, lzcnt, tsc, tscinvbit, avx, avx2, aes, erms, clmul, bmi1, bmi2, adx, avx512f, avx512dq, avx512cd, avx512bw, avx512vl, sha, fma, vzeroupper, avx512_vpopcntdq, avx512_vpclmulqdq, avx512_vaes, avx512_vnni, clflush, clflushopt, clwb, avx512_vbmi2, avx512_vbmi, hv, rdtscp, rdpid, fsrm, gfni, avx512_bitalg, f16c, cet_ibt, cet_ss, avx512_ifma
Processor Information for the first 8 processors :
  Max Mhz: 2496, Current Mhz: 2496, Mhz Limit: 2496

Memory: 4k page, system-wide physical 7930M (590M free)
TotalPageFile size 16122M (AvailPageFile size 30M)
current process WorkingSet (physical memory assigned to process): 14M, peak: 14M
current process commit charge ("private bytes"): 61M, peak: 184M

vm_info: Java HotSpot(TM) 64-Bit Server VM (24+36-3646) for windows-amd64 JRE (24+36-3646), built on 2025-02-06T00:20:43Z with MS VC++ 17.6 (VS2022)

END.
